02-13 10:49:23.240     5     5 I         : [drm:_sde_kms_get_splash_data:3365] found continuous splash base address:9d400000 size:2400000
02-13 10:49:23.243     5     5 I         : [drm:sde_kms_hw_init:3487] sde hardware revision:0x40000001
02-13 10:49:23.243   260   260 I iommu   : Adding device 506a000.qcom,gmu:gmu_user to group 15
02-13 10:49:23.244   260   260 I iommu   : Adding device 506a000.qcom,gmu:gmu_kernel to group 16
02-13 10:49:23.244     5     5 I         : [drm] Created domain mdp_ns [80000000,80000000] secure=0
02-13 10:49:23.246     1     1 I brd     : module loaded
02-13 10:49:23.250     1     1 I loop    : module loaded
02-13 10:49:23.250     1     1 I zram    : Added device: zram0
02-13 10:49:23.251   260   260 I iommu   : Adding device ae00000.qcom,mdss_mdp:qcom,smmu_sde_sec_cb to group 17
02-13 10:49:23.251   260   260 E register_client_adhoc: find path.src 26 dest 512
02-13 10:49:23.251   260   260 E register_client_adhoc: Client handle 20 grp3d
02-13 10:49:23.251   260   260 E register_client_adhoc: find path.src 26 dest 10036
02-13 10:49:23.251   260   260 E register_client_adhoc: Client handle 21 cnoc
02-13 10:49:23.251   260   260 E query_client_usecase_all: query_start
02-13 10:49:23.251   260   260 E query_client_usecase_all: query_start
02-13 10:49:23.252     5     5 I         : [drm] probing device qcom,smmu_sde_sec
02-13 10:49:23.252     5     5 I         : [drm] Created domain mdp_s [80000000,80000000] secure=1
02-13 10:49:23.253     1     1 I QSEECOM : qseecom_probe: qseecom.qsee_version = 0x1400000
02-13 10:49:23.253     1     1 W QSEECOM : qseecom_retrieve_ce_data: Device does not support PFE
02-13 10:49:23.253     1     1 I QSEECOM : qseecom_probe: no-clock-support=0x1
02-13 10:49:23.253     1     1 W QSEECOM : qseecom_probe: qseecom.qsee_reentrancy_support = 2
02-13 10:49:23.253     1     1 E register_client_adhoc: find path.src 125 dest 512
02-13 10:49:23.253     1     1 E register_client_adhoc: Client handle 22 qseecom-noc
02-13 10:49:23.253     1     1 W QSEECOM : qseecom_probe: qseecom.whitelist_support = 1
02-13 10:49:23.253   260   260 I iommu   : Adding device 5040000.qcom,kgsl-iommu:gfx3d_user to group 18
02-13 10:49:23.254   260   260 I iommu   : Adding device 5040000.qcom,kgsl-iommu:gfx3d_secure to group 19
02-13 10:49:23.254     1     1 W         : CHRDEV "citadel" major number 233 goes below the dynamic allocation range
02-13 10:49:23.258     5     5 E         : [drm:sde_hw_dspp_init] *ERROR* invalid feature map 9 for feature 10
02-13 10:49:23.258     1     1 W thermal_zone51: failed to read out thermal zone (-5)
02-13 10:49:23.258     5     5 E         : [drm:sde_hw_dspp_init] *ERROR* invalid feature map 9 for feature 10
02-13 10:49:23.258     1     1 W thermal_zone52: failed to read out thermal zone (-5)
02-13 10:49:23.258     1     1 W thermal_zone53: failed to read out thermal zone (-5)
02-13 10:49:23.258     1     1 W thermal_zone54: failed to read out thermal zone (-5)
02-13 10:49:23.258     1     1 I mnh_thermal soc: mnh_thermal: mnh_thermal_probe: initialized
02-13 10:49:23.258     5     5 E         : [drm:sde_hw_dspp_init] *ERROR* invalid feature map 9 for feature 10
02-13 10:49:23.258     1     1 I misc easelcomm-client: registered at misc device minor 57
02-13 10:49:23.259     5     5 E         : [drm:sde_hw_dspp_init] *ERROR* invalid feature map 9 for feature 10
02-13 10:49:23.259     1     1 I misc access-metadata: registered 'metadata' 10:56, (1000@0x00000000a1c10000)
02-13 10:49:23.259     1     1 I misc access-ramoops: registered 'ramoops' 10:55, (200000@0x00000000a1a10000)
02-13 10:49:23.259     1     1 E register_client_adhoc: find path.src 125 dest 512
02-13 10:49:23.259     1     1 E register_client_adhoc: Client handle 23 qcedev-noc
02-13 10:49:23.262     1     1 I qce 1de0000.qcedev: QTI Crypto 5.4.1 device found @0x1de0000
02-13 10:49:23.262     1     1 I qce 1de0000.qcedev: CE device = 0x0 IO base, CE = ffffff800fb20000 Consumer (IN) PIPE 6,
02-13 10:49:23.262     1     1 I         : Producer (OUT) PIPE 7 IO base BAM = 0000000000000000
02-13 10:49:23.262     1     1 I         : BAM IRQ 109 Engines Availability = 0x2011073
02-13 10:49:23.262     1     1 I sps     : BAM 0x0000000001dc4000 is registered.
02-13 10:49:23.262     1     1 I sps     : BAM 0x0000000001dc4000 (va:0xffffff800fbc0000) enabled: ver:0x27, number of pipes:16
02-13 10:49:23.263     1     1 I QCE50   : qce_sps_init:  QTI MSM CE-BAM at 0x0000000001dc4000 irq 109
02-13 10:49:23.263     1     1 I iommu   : Adding device 1de0000.qcedev:qcom_cedev_ns_cb to group 20
02-13 10:49:23.264     1     1 I         : qcedev_setup_context_bank Attached 1de0000.qcedev:qcom_cedev_ns_cb and create mapping
02-13 10:49:23.264     1     1 I         : qcedev_setup_context_bank Context Bank name:ns_context, is_secure:0, start_addr:0x60000000
02-13 10:49:23.264     1     1 I qcedev_setup_context_bank size: 0x40000000, dev:ffffffe4f2be2010, mapping:ffffffe4f24b3d80
02-13 10:49:23.264     1     1 I iommu   : Adding device 1de0000.qcedev:qcom_cedev_s_cb to group 21
02-13 10:49:23.265     5     5 E [drm-dp]: dp_connector_get_info: invalid params
02-13 10:49:23.265     5     5 E         : [drm:_sde_kms_setup_displays:1689] [sde error]dp get_info 0 failed
02-13 10:49:23.266     1     1 I         : qcedev_setup_context_bank Attached 1de0000.qcedev:qcom_cedev_s_cb and create mapping
02-13 10:49:23.266     1     1 I         : qcedev_setup_context_bank Context Bank name:secure_context, is_secure:1, start_addr:0x60200000
02-13 10:49:23.266     1     1 I qcedev_setup_context_bank size: 0x40000000, dev:ffffffe4f2be2410, mapping:ffffffe4f272e680
02-13 10:49:23.267     5     5 I         : [drm] Supports vblank timestamp caching Rev 2 (21.10.2013).
02-13 10:49:23.267     1     1 I         : [drm] No driver support for vblank timestamp query.
02-13 10:49:23.268     1     1 E register_client_adhoc: find path.src 125 dest 512
02-13 10:49:23.268     5     5 I msm-dsi-panel: [dsi_panel_parse_topology:2455] default topology: lm: 2 comp_enc:2 intf: 1
02-13 10:49:23.268     1     1 I msm-dsi-panel: [dsi_panel_parse_partial_update_caps:2543] partial update disabled as the property is not set
02-13 10:49:23.268     1     1 E register_client_adhoc: Client handle 24 qcrypto-noc
02-13 10:49:23.268     5     5 I dsi-ctrl: [_dsi_ctrl_setup_isr] [DSI_0] IRQ 706 registered
02-13 10:49:23.269     1     1 I qcrypto 1de0000.qcrypto: QTI Crypto 5.4.1 device found @0x1de0000
02-13 10:49:23.269     1     1 I qcrypto 1de0000.qcrypto: CE device = 0x0 IO base, CE = ffffff800ff40000 Consumer (IN) PIPE 4,
02-13 10:49:23.269     1     1 I         : Producer (OUT) PIPE 5 IO base BAM = 0000000000000000
02-13 10:49:23.269     1     1 I         : BAM IRQ 109 Engines Availability = 0x2011073
02-13 10:49:23.270     1     1 I QCE50   : qce_sps_init:  QTI MSM CE-BAM at 0x0000000001dc4000 irq 109
02-13 10:49:23.271     1     1 I qcrypto 1de0000.qcrypto: qcrypto-ecb-aes
02-13 10:49:23.271     1     1 I qcrypto 1de0000.qcrypto: qcrypto-cbc-aes
02-13 10:49:23.271     1     1 I qcrypto 1de0000.qcrypto: qcrypto-ctr-aes
02-13 10:49:23.271     1     1 I qcrypto 1de0000.qcrypto: qcrypto-ecb-des
02-13 10:49:23.271     1     1 I qcrypto 1de0000.qcrypto: qcrypto-cbc-des
02-13 10:49:23.271     1     1 I qcrypto 1de0000.qcrypto: qcrypto-ecb-3des
02-13 10:49:23.271     1     1 I qcrypto 1de0000.qcrypto: qcrypto-cbc-3des
02-13 10:49:23.272     1     1 I qcrypto 1de0000.qcrypto: qcrypto-xts-aes
02-13 10:49:23.272     1     1 I qcrypto 1de0000.qcrypto: qcrypto-sha1
02-13 10:49:23.272     1     1 I qcrypto 1de0000.qcrypto: qcrypto-sha256
02-13 10:49:23.272     1     1 I qcrypto 1de0000.qcrypto: qcrypto-aead-hmac-sha1-cbc-aes
02-13 10:49:23.272     1     1 I qcrypto 1de0000.qcrypto: qcrypto-aead-hmac-sha1-cbc-des
02-13 10:49:23.272     1     1 I qcrypto 1de0000.qcrypto: qcrypto-aead-hmac-sha1-cbc-3des
02-13 10:49:23.272     1     1 I qcrypto 1de0000.qcrypto: qcrypto-aead-hmac-sha256-cbc-aes
02-13 10:49:23.273     1     1 I qcrypto 1de0000.qcrypto: qcrypto-aead-hmac-sha256-cbc-des
02-13 10:49:23.273     1     1 I qcrypto 1de0000.qcrypto: qcrypto-aead-hmac-sha256-cbc-3des
02-13 10:49:23.273     1     1 I qcrypto 1de0000.qcrypto: qcrypto-hmac-sha1
02-13 10:49:23.273     1     1 I qcrypto 1de0000.qcrypto: qcrypto-hmac-sha256
02-13 10:49:23.273     1     1 I qcrypto 1de0000.qcrypto: qcrypto-aes-ccm
02-13 10:49:23.273     1     1 I qcrypto 1de0000.qcrypto: qcrypto-rfc4309-aes-ccm
02-13 10:49:23.274     1     1 W         : CHRDEV "iceufs" major number 232 goes below the dynamic allocation range
02-13 10:49:23.275     1     1 I ufshcd-qcom 1d84000.ufshc: ufshcd_populate_vreg: Unable to find vccq-supply regulator, assuming enabled
02-13 10:49:23.277     1     1 I qcom_ice_get_pdevice: found ice device ffffffe4f1ebc000
02-13 10:49:23.277     1     1 I qcom_ice_get_pdevice: matching platform device ffffffe4f5d60400
02-13 10:49:23.277     1     1 E register_client_adhoc: find path.src 123 dest 512
02-13 10:49:23.278     1     1 E register_client_adhoc: find path.src 1 dest 757
02-13 10:49:23.278     1     1 E register_client_adhoc: Client handle 25 ufshc_mem
02-13 10:49:23.279     1     1 I scsi host0: ufshcd
02-13 10:49:23.284     1     1 I qcom_ice 1d90000.ufsice: QC ICE 3.1.75 device found @0xffffff80114a0000
02-13 10:49:23.292     1     1 W pn81a spi32765.0: pn81a_probe: nxp,clear-n invalid or missing in device tree
02-13 10:49:23.292     1     1 I pn81a spi32765.0: pn81a_probe: device tree set '1-0028' as eSE power controller
02-13 10:49:23.292     1     1 I pn81a spi32765.0: pn81a_probe: eSE is configured
02-13 10:49:23.292     1     1 I         : Ethernet Channel Bonding Driver: v3.7.1 (April 27, 2011)
02-13 10:49:23.293     1     1 I libphy  : Fixed MDIO Bus: probed
02-13 10:49:23.293     1     1 I tun     : Universal TUN/TAP device driver, 1.6
02-13 10:49:23.293     1     1 I tun     : (C) 1999-2004 Max Krasnyansky <maxk@qualcomm.com>
02-13 10:49:23.294     1     1 I         : PPP generic driver version 2.4.2
02-13 10:49:23.294     1     1 I         : PPP BSD Compression module registered
02-13 10:49:23.294     1     1 I         : PPP Deflate Compression module registered
02-13 10:49:23.294     1     1 I         : PPP MPPE Compression module registered
02-13 10:49:23.294     1     1 I NET     : Registered protocol family 24
02-13 10:49:23.294     1     1 I CLD80211: Initializing
02-13 10:49:23.294     1     1 I usbcore : registered new interface driver rtl8150
02-13 10:49:23.294     1     1 I usbcore : registered new interface driver r8152
02-13 10:49:23.294     1     1 I usbcore : registered new interface driver asix
02-13 10:49:23.294     1     1 I usbcore : registered new interface driver ax88179_178a
02-13 10:49:23.294     1     1 I usbcore : registered new interface driver cdc_ether
02-13 10:49:23.294     1     1 I usbcore : registered new interface driver cdc_ncm
02-13 10:49:23.294     1     1 W         : CHRDEV "uio" major number 231 goes below the dynamic allocation range
02-13 10:49:23.295   118   118 I msm_sharedmem: sharedmem_register_qmi: qmi init successful
02-13 10:49:23.302     1     1 I msm_sharedmem: msm_sharedmem_probe: Device created for client 'rmtfs'
02-13 10:49:23.304     1     1 I         : using PLL BIAS CTRL2 override 0x28
02-13 10:49:23.306     1     1 E msm-dwc3 a600000.ssusb: unable to get dbm device
02-13 10:49:23.307     1     1 I usbcore : registered new interface driver usb-storage
02-13 10:49:23.307     1     1 I usbcore : registered new interface driver usb_ehset_test
02-13 10:49:23.307     1     1 I usbcore : registered new interface driver lvs
02-13 10:49:23.308     5     5 E ufshcd-qcom 1d84000.ufshc: ufshcd_print_pwr_info:[RX, TX]: gear=[1, 1], lane[1, 1], pwr[SLOWAUTO_MODE, SLOWAUTO_MODE], rate = 0
02-13 10:49:23.309     1     1 I logbuffer: id:usbpd registered
02-13 10:49:23.310     1     1 I logbuffer: id:usbpd unregistered
02-13 10:49:23.310     1     1 E qpnp-pdphy c440000.qcom,spmi: qcom,pmi8998@2:qcom,usb-pdphy@1700: usbpd_create failed: -517
02-13 10:49:23.310     1     1 I mousedev: PS/2 mouse device common for all mice
02-13 10:49:23.310     1     1 I usbcore : registered new interface driver xpad
02-13 10:49:23.311     1     1 I fpc1020 soc: fp_fpc1020: found pin control fpc1020_reset_reset
02-13 10:49:23.311     1     1 I fpc1020 soc: fp_fpc1020: found pin control fpc1020_reset_active
02-13 10:49:23.311     1     1 I fpc1020 soc: fp_fpc1020: found pin control fpc1020_irq_active
02-13 10:49:23.311     1     1 I fpc1020 soc: fp_fpc1020: Selected 'fpc1020_reset_reset'
02-13 10:49:23.311     1     1 I fpc1020 soc: fp_fpc1020: Selected 'fpc1020_irq_active'
02-13 10:49:23.311     1     1 I fpc1020 soc: fp_fpc1020: Selected 'fpc1020_reset_active'
02-13 10:49:23.312     1     1 I fpc1020 soc: fp_fpc1020: Selected 'fpc1020_reset_reset'
02-13 10:49:23.317     1     1 I fpc1020 soc: fp_fpc1020: Selected 'fpc1020_reset_active'
02-13 10:49:23.322     1     1 I fpc1020 soc: fp_fpc1020: IRQ after reset 1
02-13 10:49:23.322     1     1 I fpc1020 soc: fp_fpc1020: fpc1020_probe: ok
02-13 10:49:23.322     1     1 I         : fpc1020_init OK
02-13 10:49:23.322     1     1 I keydebug_parse_dt: DT:key_down_delay=7000 dbg_fn_delay=2500 keys_down num_keys=1
02-13 10:49:23.322     1     1 I keydebug_parse_dt: DT:keys_down=116
02-13 10:49:23.323     1     1 I qcom,qpnp-rtc c440000.qcom,spmi: qcom,pm8998@0:qcom,pm8998_rtc: rtc core: registered qpnp_rtc as rtc0
02-13 10:49:23.324     1     1 I         : i2c /dev entries driver
02-13 10:49:23.325   260   260 I i2c_geni 88c000.i2c: Bus frequency not specified, default to 400KHz.
02-13 10:49:23.326     1     1 I iommu   : Adding device aa00000.qcom,vidc:non_secure_cb to group 22
02-13 10:49:23.326   264   264 E nq-nci 1-0028: nqx_probe: clkreq gpio not provided
02-13 10:49:23.326   264   264 E nq-nci 1-0028: nqx_probe: probing NFCC NQxxx exited successfully
02-13 10:49:23.326   260   260 W         : 3-0043 supply VA not found, using dummy regulator
02-13 10:49:23.326   260   260 W         : 3-0043 supply VP not found, using dummy regulator
02-13 10:49:23.326     1     1 I iommu   : Adding device aa00000.qcom,vidc:secure_bitstream_cb to group 23
02-13 10:49:23.328     1     1 I iommu   : Adding device aa00000.qcom,vidc:secure_pixel_cb to group 24
02-13 10:49:23.329     1     1 I iommu   : Adding device aa00000.qcom,vidc:secure_non_pixel_cb to group 25
02-13 10:49:23.331     1     1 E register_client_adhoc: find path.src 1 dest 590
02-13 10:49:23.331     1     1 E register_client_adhoc: Client handle 26 sde_reg
02-13 10:49:23.331     1     1 I iommu   : Adding device ae00000.qcom,mdss_rotator:qcom,smmu_rot_unsec_cb to group 26
02-13 10:49:23.331     1     1 I iommu   : Adding device ae00000.qcom,mdss_rotator:qcom,smmu_rot_sec_cb to group 27
02-13 10:49:23.331     1     1 E register_client_adhoc: find path.src 25 dest 512
02-13 10:49:23.332     1     1 E register_client_adhoc: Client handle 27 mdss_rotator
02-13 10:49:23.332     1     1 E register_client_adhoc: find path.src 1 dest 590
02-13 10:49:23.332     1     1 E register_client_adhoc: Client handle 28 mdss_rot_reg
02-13 10:49:23.332     1     1 E         : No change in context(0==0), skip
02-13 10:49:23.334     1     1 I sde_rotator_evtlog_create_debugfs: evtlog_status: enable:0, panic:1, dump:2
02-13 10:49:23.335     1     1 I sde_rotator ae00000.qcom,mdss_rotator: <SDEROT_INFO> SDE v4l2 rotator probe success
02-13 10:49:23.337     1     1 I sde_smmu_probe: <SDEROT_INFO> iommu v2 domain[0] mapping and clk register successful!
02-13 10:49:23.337     1     1 I sde_smmu_probe: <SDEROT_INFO> iommu v2 domain[1] mapping and clk register successful!
02-13 10:49:23.339     1     1 I iommu   : Adding device soc:qcom,cam_smmu:msm_cam_smmu_ife to group 28
02-13 10:49:23.339     1     1 I iommu   : Adding device soc:qcom,cam_smmu:msm_cam_smmu_jpeg to group 29
02-13 10:49:23.339     1     1 I platform soc: qcom,cam_smmu:msm_cam_icp_fw: assigned reserved memory node camera_region@0x8bf00000
02-13 10:49:23.339     1     1 I iommu   : Adding device soc:qcom,cam_smmu:msm_cam_smmu_icp to group 30
02-13 10:49:23.340     1     1 I iommu   : Adding device soc:qcom,cam_smmu:msm_cam_smmu_cpas_cdm to group 31
02-13 10:49:23.340     1     1 I iommu   : Adding device soc:qcom,cam_smmu:msm_cam_smmu_fd to group 32
02-13 10:49:23.340     1     1 I iommu   : Adding device soc:qcom,cam_smmu:msm_cam_smmu_lrme to group 33
02-13 10:49:23.341     1     1 E register_client_adhoc: find path.src 1 dest 589
02-13 10:49:23.341     1     1 E register_client_adhoc: Client handle 29 cam_ahb
02-13 10:49:23.341     1     1 E register_client_adhoc: find path.src 136 dest 512
02-13 10:49:23.341     1     1 E register_client_adhoc: Client handle 30 cam_hf_1_mnoc
02-13 10:49:23.341     1     1 E register_client_adhoc: find path.src 146 dest 778
02-13 10:49:23.341     1     1 E register_client_adhoc: Client handle 31 cam_hf_1_camnoc
02-13 10:49:23.342     1     1 E register_client_adhoc: find path.src 145 dest 512
02-13 10:49:23.342     1     1 E register_client_adhoc: Client handle 32 cam_hf_2_mnoc
02-13 10:49:23.342     1     1 E register_client_adhoc: find path.src 147 dest 778
02-13 10:49:23.342     1     1 E register_client_adhoc: Client handle 33 cam_hf_2_camnoc
02-13 10:49:23.342     1     1 E register_client_adhoc: find path.src 137 dest 512
02-13 10:49:23.342     1     1 E register_client_adhoc: Client handle 34 cam_sf_1_mnoc
02-13 10:49:23.342     1     1 E register_client_adhoc: find path.src 148 dest 778
02-13 10:49:23.342     1     1 E register_client_adhoc: Client handle 35 cam_sf_1_camnoc
02-13 10:49:23.353     5     5 E ufshcd-qcom 1d84000.ufshc: ufshcd_print_pwr_info:[RX, TX]: gear=[3, 3], lane[2, 2], pwr[FAST MODE, FAST MODE], rate = 2
02-13 10:49:23.354     5     5 E ufshcd-qcom 1d84000.ufshc: ufshcd_set_queue_depth: activate tcq with queue depth 1
02-13 10:49:23.354     1     1 W CAM_WARN: CAM-UTIL: cam_soc_util_get_option_clk_by_name: 310 No clk named ife_dsp_clk found. Dev acc4000.qcom,vfe-lite
02-13 10:49:23.354     1     1 W CAM_WARN: CAM-ISP: cam_vfe_init_soc_resources: 107 option clk get failed
02-13 10:49:23.355     5     5 I scsi 0  : 0:0:49488: Well-known LUN    MICRON   64GB-UFS-MT      8QSN PQ: 0 ANSI: 6
02-13 10:49:23.356     5     5 E ufshcd-qcom 1d84000.ufshc: ufshcd_set_queue_depth: activate tcq with queue depth 1
02-13 10:49:23.356     5     5 I scsi 0  : 0:0:49456: Well-known LUN    MICRON   64GB-UFS-MT      8QSN PQ: 0 ANSI: 6
02-13 10:49:23.357     5     5 E ufshcd-qcom 1d84000.ufshc: ufshcd_set_queue_depth: activate tcq with queue depth 1
02-13 10:49:23.357     5     5 I scsi 0  : 0:0:49476: Well-known LUN    MICRON   64GB-UFS-MT      8QSN PQ: 0 ANSI: 6
02-13 10:49:23.358     1     1 I CAM_INFO: CAM-ISP: cam_isp_dev_probe: 122 Camera ISP probe complete
02-13 10:49:23.358     5     5 E ufshcd-qcom 1d84000.ufshc: ufshcd_set_queue_depth: activate tcq with queue depth 32
02-13 10:49:23.358     5     5 E ufshcd-qcom 1d84000.ufshc: Change qdepth to 16 for LU=0x0
02-13 10:49:23.358     5     5 I scsi 0  : 0:0:0: Direct-Access     MICRON   64GB-UFS-MT      8QSN PQ: 0 ANSI: 6
02-13 10:49:23.359     1     1 E vd6281 ac4a000.qcom,cci: qcom,rainbow@20: wait cci driver probe
02-13 10:49:23.360     1     1 I CAM_INFO: CAM-ACTUATOR: cam_actuator_parse_dt: 58 No GPIO found
02-13 10:49:23.360     1     1 I CAM_INFO: CAM-SENSOR: cam_actuator_driver_platform_probe: 415 [LTC] pdev->name=ac4a000.qcom,cci:qcom,actuator@0
02-13 10:49:23.360     1     1 I CAM_INFO: CAM-ACTUATOR: cam_actuator_parse_dt: 58 No GPIO found
02-13 10:49:23.361     5     5 E ufshcd-qcom 1d84000.ufshc: ufshcd_set_queue_depth: activate tcq with queue depth 32
02-13 10:49:23.361     5     5 E ufshcd-qcom 1d84000.ufshc: Change qdepth to 16 for LU=0x1
02-13 10:49:23.361     1     1 I CAM_INFO: CAM-OIS: cam_ois_get_dt_data: 52 No GPIO found
02-13 10:49:23.361     5     5 I scsi 0  : 0:0:1: Direct-Access     MICRON   64GB-UFS-MT      8QSN PQ: 0 ANSI: 6
02-13 10:49:23.362     5     5 E ufshcd-qcom 1d84000.ufshc: ufshcd_set_queue_depth: activate tcq with queue depth 32
02-13 10:49:23.362     5     5 E ufshcd-qcom 1d84000.ufshc: Change qdepth to 16 for LU=0x2
02-13 10:49:23.363     5     5 I scsi 0  : 0:0:2: Direct-Access     MICRON   64GB-UFS-MT      8QSN PQ: 0 ANSI: 6
02-13 10:49:23.363     1     1 W CAM_WARN: CAM-SMMU: cam_smmu_create_add_handle_in_table: 608 Error: cam-secure already got handle 0x4184b
02-13 10:49:23.363     5     5 E ufshcd-qcom 1d84000.ufshc: ufshcd_set_queue_depth: activate tcq with queue depth 32
02-13 10:49:23.364     5     5 E ufshcd-qcom 1d84000.ufshc: Change qdepth to 16 for LU=0x3
02-13 10:49:23.364     5     5 I scsi 0  : 0:0:3: Direct-Access     MICRON   64GB-UFS-MT      8QSN PQ: 0 ANSI: 6
02-13 10:49:23.365     5     5 E ufshcd-qcom 1d84000.ufshc: ufshcd_set_queue_depth: activate tcq with queue depth 32
02-13 10:49:23.365     5     5 E ufshcd-qcom 1d84000.ufshc: Change qdepth to 16 for LU=0x4
02-13 10:49:23.365     1     1 I CAM_INFO: CAM-JPEG: cam_jpeg_dev_probe: 119 Camera JPEG probe complete
02-13 10:49:23.365     5     5 I scsi 0  : 0:0:4: Direct-Access     MICRON   64GB-UFS-MT      8QSN PQ: 0 ANSI: 6
02-13 10:49:23.366     5     5 E ufshcd-qcom 1d84000.ufshc: ufshcd_set_queue_depth: activate tcq with queue depth 32
02-13 10:49:23.366     5     5 E ufshcd-qcom 1d84000.ufshc: Change qdepth to 16 for LU=0x5
02-13 10:49:23.366     5     5 I scsi 0  : 0:0:5: Direct-Access     MICRON   64GB-UFS-MT      8QSN PQ: 0 ANSI: 6
02-13 10:49:23.367   264   264 I sd 0    : 0:0:0: [sda] physical block alignment offset: 131072
02-13 10:49:23.367   264   264 I sd 0    : 0:0:0: [sda] 67108864-byte physical blocks
02-13 10:49:23.368   219   219 E ufshcd-qcom 1d84000.ufshc: __ufshcd_query_descriptor: opcode 0x01 for idn 0 failed, index 0, err = 251
02-13 10:49:23.368   219   219 I chatty  : uid=0(root) kworker/1:1 identical 1 line
02-13 10:49:23.368   219   219 E ufshcd-qcom 1d84000.ufshc: __ufshcd_query_descriptor: opcode 0x01 for idn 0 failed, index 0, err = 251
02-13 10:49:23.368   219   219 I UFSHPB  : run without HPB - err=251
02-13 10:49:23.369   264   264 W sd 0    : 0:0:0: [sda] Test WP failed, assume Write Enabled
02-13 10:49:23.370   305   305 W sd 0    : 0:0:2: [sdc] Test WP failed, assume Write Enabled
02-13 10:49:23.370   410   410 W sd 0    : 0:0:3: [sdd] Test WP failed, assume Write Enabled
02-13 10:49:23.371   412   412 W sd 0    : 0:0:4: [sde] Test WP failed, assume Write Enabled
02-13 10:49:23.372     1     1 I logbuffer: id:smblib registered
02-13 10:49:23.373   264   264 I sda     : sda1 sda2 sda3 sda4 sda5 sda6 sda7 sda8 sda9 sda10 sda11 sda12 sda13 sda14 sda15 sda16 sda17 sda18 sda19 sda20 sda21
02-13 10:49:23.373   305   305 I sdc     : sdc1 sdc2
02-13 10:49:23.373   413   413 W sd 0    : 0:0:5: [sdf] Test WP failed, assume Write Enabled
02-13 10:49:23.374   118   118 E         : Couldn't get temp USB port thermal zone rc=-22
02-13 10:49:23.374   410   410 I sdd     : sdd1 sdd2 sdd3 sdd4 sdd5 sdd6
02-13 10:49:23.374   118   118 E         : Couldn't get temp USB port thermal zone rc=-22
02-13 10:49:23.375   412   412 I sde     : sde1 sde2 sde3 sde4 sde5 sde6 sde7 sde8 sde9 sde10 sde11 sde12 sde13 sde14 sde15 sde16 sde17 sde18 sde19 sde20 sde21 sde22 sde23 sde24
02-13 10:49:23.375   118   118 E         : Couldn't get temp USB port thermal zone rc=-22
02-13 10:49:23.376   260   260 I cs40l2x 3-0043: Cirrus Logic CS40L20 revision A0
02-13 10:49:23.376     5     5 W sd 0    : 0:0:1: [sdb] Test WP failed, assume Write Enabled
02-13 10:49:23.376   413   413 I sdf     : sdf1 sdf2 sdf3 sdf4 sdf5 sdf6 sdf7 sdf8 sdf9 sdf10 sdf11 sdf12 sdf13 sdf14 sdf15
02-13 10:49:23.379     5     5 I sdb     : sdb1 sdb2
02-13 10:49:23.381   260   260 I i2c_geni a88000.i2c: Bus frequency not specified, default to 400KHz.
02-13 10:49:23.382   260   260 E i2c_geni a88000.i2c: i2c error :-107
02-13 10:49:23.382   260   260 I chatty  : uid=0(root) kworker/u16:1 identical 2 lines
02-13 10:49:23.382   260   260 E i2c_geni a88000.i2c: i2c error :-107
02-13 10:49:23.382   260   260 E I2C PMIC: i2c_pmic_read: i2c_pmic_read failed for 3 retries, rc = -107
02-13 10:49:23.382   260   260 E I2C PMIC: i2c_pmic_determine_initial_status: Couldn't read irq data rc=-107
02-13 10:49:23.382   260   260 E I2C PMIC: i2c_pmic_probe: Couldn't determine initial status rc=-107
02-13 10:49:23.382   260   260 W i2c_pmic: probe of 0-0008 failed with error -107
02-13 10:49:23.383     1     1 I         : QPNP SMB2 probed successfully usb:present=1 type=0 batt:present = 1 health = 1 charge = 1
02-13 10:49:23.384     1     1 I p9221 0-0061: enable gpio:122
02-13 10:49:23.384     1     1 I p9221 0-0061: gpio:124, gpio_irq:381
02-13 10:49:23.384     1     1 I p9221 0-0061: det gpio:36, det gpio_irq:293
02-13 10:49:23.384     1     1 I p9221 0-0061: dt fod: a4 2a 86 36 84 3d 9a 14 9d 0b 85 6f  (12)
02-13 10:49:23.384     1     1 I p9221 0-0061: dt fod_epp: b0 24 90 42 88 52 88 53 91 36 9c f0  (12)
02-13 10:49:23.384     1     1 I p9221 0-0061: dt google,alignment_frequencies size = 5
02-13 10:49:23.384     1     1 I p9221 0-0061: google,alignment_hysteresis set to: 5000
02-13 10:49:23.384     1     1 E i2c_geni a88000.i2c: i2c error :-107
02-13 10:49:23.384     1     1 E p9221 0-0061: i2c read error, reg:0, ret:-107 (-19)
02-13 10:49:23.385     1     1 I logbuffer: id:wireless registered
02-13 10:49:23.385     1     1 I p9221 0-0061: P9221 Charger Driver Loaded
02-13 10:49:23.385     1     1 E google_charger: wrong vtaper size
02-13 10:49:23.385     1     1 E google_charger: wrong itaper size
02-13 10:49:23.385     1     1 E google_charger: wrong soctaper size
02-13 10:49:23.385     1     1 E google_charger: can't read taper-cnt-target, ret=-22
02-13 10:49:23.385     1     1 I google_charger: successfully read charging profile:
02-13 10:49:23.385     1     1 I google_charger: Profile constant charge limits:
02-13 10:49:23.385     1     1 I google_charger: |T \ V  4200  4300  4400
02-13 10:49:23.385     1     1 I google_charger: | 0:10  1000   325     0
02-13 10:49:23.385     1     1 I google_charger: |10:20  1675  1000  1000
02-13 10:49:23.385     1     1 I google_charger: |20:42  3350  2350  1675
02-13 10:49:23.385     1     1 I google_charger: |42:46  2675  1675  1675
02-13 10:49:23.385     1     1 I google_charger: |46:48  1675  1675     0
02-13 10:49:23.385     1     1 I google_charger: |48:55  1000     0     0
02-13 10:49:23.386   260   260 I PMIC@SID0: (null) v1.1 options: 0, 0, 0, 0
02-13 10:49:23.386   278   278 E         : Couldn't get temp USB port thermal zone rc=-22
02-13 10:49:23.386   278   278 E         : failed to get POWER_SUPPLY_PROP_TEMP from 'usb', ret=-61
02-13 10:49:23.392   260   260 I SMB1355 : smb1355_probe: smb1355 probed successfully pl_mode=USBMID-USBMID batfet_mode=NON-STACKED_BATFET
02-13 10:49:23.392   260   260 I I2C PMIC: i2c_pmic_probe: I2C PMIC probe successful
02-13 10:49:23.392   260   260 I i2c_geni a90000.i2c: Bus frequency not specified, default to 400KHz.
02-13 10:49:23.395   444   444 E         : Couldn't get temp USB port thermal zone rc=-22
02-13 10:49:23.399     1     1 E bcl_peripheral: bcl_read_soc battery percentage read error:-11
02-13 10:49:23.399   278   278 E bcl_peripheral: bcl_read_soc battery percentage read error:-11
02-13 10:49:23.399     1     1 E bcl_peripheral: bcl_read_soc battery percentage read error:-11
02-13 10:49:23.399   278   278 E bcl_peripheral: bcl_read_soc battery percentage read error:-11
02-13 10:49:23.400     1     1 W 17d41000.qcom,cpucc: qcom,limits-dcvs@0 supply isens_vref not found, using dummy regulator
02-13 10:49:23.400     1     1 E msm_lmh_dcvs: limits_isens_vref_ldo_init Regulator:isens_vref settings read error:-22
02-13 10:49:23.405   219   219 E bcl_peripheral: bcl_read_soc battery percentage read error:-11
02-13 10:49:23.406    40    40 E bcl_peripheral: bcl_read_soc battery percentage read error:-11
02-13 10:49:23.407    48    48 E bcl_peripheral: bcl_read_soc battery percentage read error:-11
02-13 10:49:23.408    56    56 E bcl_peripheral: bcl_read_soc battery percentage read error:-11
02-13 10:49:23.409    64    64 E bcl_peripheral: bcl_read_soc battery percentage read error:-11
02-13 10:49:23.418     1     1 I softdog : initialized. soft_noboot=0 soft_margin=60 sec soft_panic=0 (nowayout=0)
02-13 10:49:23.418     1     1 I device-mapper: uevent: version 1.0.3
02-13 10:49:23.418     1     1 I device-mapper: ioctl: 4.35.0-ioctl (2016-06-23) initialised: dm-devel@redhat.com
02-13 10:49:23.418     1     1 I device-mapper: req-crypt: dm-req-crypt successfully initalized.
02-13 10:49:23.419     1     1 E bt_power_populate_dt_pinfo: bt-reset-gpio not provided in device tree
02-13 10:49:23.419     1     1 I bt_dt_parse_vreg_info: qca,bt-chip-pwd: is not provided in device tree
02-13 10:49:23.419     1     1 E bt_dt_parse_clk_info: clocks is not provided in device tree
02-13 10:49:23.419     1     1 E bt_power_populate_dt_pinfo: clock not provided in device tree
02-13 10:49:23.419     1     1 W         : CHRDEV "bt" major number 230 goes below the dynamic allocation range
02-13 10:49:23.419     1     1 I EDAC DEVICE0: Giving out device to module soc:kryo3xx-erp controller cache: DEV soc:kryo3xx-erp (INTERRUPT)
02-13 10:49:23.420     1     1 I usbcore : registered new interface driver usbhid
02-13 10:49:23.420     1     1 I usbhid  : USB HID core driver
02-13 10:49:23.420     1     1 I ashmem  : initialized
02-13 10:49:23.421     1     1 I s2mpb04 0-0066: ID: 0x01
02-13 10:49:23.421     1     1 I s2mpb04 0-0066: s2mpb04_print_status: Flags: 0x02, 0x00, 0x0f
02-13 10:49:23.421     1     1 I s2mpb04 0-0066: s2mpb04_print_status: Status: 0x00, 0x00
02-13 10:49:23.421     1     1 I s2mpb04 0-0066: s2mpb04_prepare_pon: applying workaround for LDO OI issue
02-13 10:49:23.433     1     1 I ipa_ut_module_init: 1044 Loading IPA test module...
02-13 10:49:23.433     1     1 I qpnp_coincell_charger_show_state: enabled=Y, voltage=3200 mV, resistance=800 ohm
02-13 10:49:23.433     1     1 I bimc-bwmon 1436400.qcom,cpu-bwmon: BW HWmon governor registered.
02-13 10:49:23.433     1     1 I bimc-bwmon 114a000.qcom,llcc-bwmon: BW HWmon governor registered.
02-13 10:49:23.434     1     1 I arm-memlat-mon soc: qcom,cpu0-memlat-mon: Memory Latency governor registered.
02-13 10:49:23.434     1     1 I arm-memlat-mon soc: qcom,cpu4-memlat-mon: Memory Latency governor registered.
02-13 10:49:23.434     1     1 I arm-memlat-mon soc: qcom,cpu0-l3lat-mon: Memory Latency governor registered.
02-13 10:49:23.434     1     1 I arm-memlat-mon soc: qcom,cpu4-l3lat-mon: Memory Latency governor registered.
02-13 10:49:23.434     1     1 I arm-memlat-mon soc: qcom,devfreq-compute: Compute governor registered.
02-13 10:49:23.434     1     1 E register_client_adhoc: find path.src 1 dest 770
02-13 10:49:23.434     1     1 E register_client_adhoc: Client handle 36 soc:qcom,cpubw
02-13 10:49:23.435     1     1 E register_client_adhoc: find path.src 129 dest 512
02-13 10:49:23.435     1     1 E register_client_adhoc: Client handle 37 soc:qcom,llccbw
02-13 10:49:23.436     1     1 E register_client_adhoc: find path.src 1 dest 512
02-13 10:49:23.437     1     1 E register_client_adhoc: Client handle 38 soc:qcom,memlat-cpu0
02-13 10:49:23.437     1     1 E register_client_adhoc: find path.src 1 dest 512
02-13 10:49:23.437     1     1 E register_client_adhoc: Client handle 39 soc:qcom,memlat-cpu4
02-13 10:49:23.437     1     1 E register_client_adhoc: find path.src 139 dest 627
02-13 10:49:23.437     1     1 E register_client_adhoc: Client handle 40 soc:qcom,snoc_cnoc_keepalive
02-13 10:49:23.437     1     1 E register_client_adhoc: find path.src 1 dest 512
02-13 10:49:23.437     1     1 E register_client_adhoc: Client handle 41 soc:qcom,mincpubw
02-13 10:49:23.437     1     1 E register_client_adhoc: find path.src 26 dest 512
02-13 10:49:23.438     1     1 E register_client_adhoc: Client handle 42 soc:qcom,gpubw
02-13 10:49:23.439     1     1 W         : CHRDEV "sensors" major number 229 goes below the dynamic allocation range
02-13 10:49:23.439     1     1 I usbcore : registered new interface driver snd-usb-audio
02-13 10:49:23.446     1     1 E         : Error: Driver 'max98927' is already registered, aborting...
02-13 10:49:23.446     1     1 I CRUS_SP_INIT: initializing misc device
02-13 10:49:23.446     1     1 I CRUS_SP : initializing platform device
02-13 10:49:23.446     1     1 I CRUS_SP : usecase[0] = Playback
02-13 10:49:23.447     1     1 W         : CHRDEV "avtimer" major number 228 goes below the dynamic allocation range
02-13 10:49:23.447     1     1 I         : GACT probability NOT on
02-13 10:49:23.447     1     1 I         : Mirror/redirect action on
02-13 10:49:23.447     1     1 I netem   : version 1.3
02-13 10:49:23.447     1     1 I         : u32 classifier
02-13 10:49:23.447     1     1 I         : Actions configured
02-13 10:49:23.447     1     1 I         : Netfilter messages via NETLINK v0.30.
02-13 10:49:23.448     1     1 I         : nf_conntrack version 0.5.0 (16384 buckets, 65536 max)
02-13 10:49:23.448     1     1 I ctnetlink v0.93: registering with nfnetlink.
02-13 10:49:23.448     1     1 I xt_time : kernel timezone is -0000
02-13 10:49:23.448     1     1 I         : IPv4 over IPsec tunneling driver
02-13 10:49:23.448     1     1 I ip_tables: (C) 2000-2006 Netfilter Core Team
02-13 10:49:23.448     1     1 I arp_tables: arp_tables: (C) 2002 David S. Miller
02-13 10:49:23.448     1     1 I         : Initializing XFRM netlink socket
02-13 10:49:23.448     1     1 I         : IPsec XFRM device driver
02-13 10:49:23.448     1     1 I NET     : Registered protocol family 10
02-13 10:49:23.449     1     1 I mip6    : Mobile IPv6
02-13 10:49:23.449     1     1 I ip6_tables: (C) 2000-2006 Netfilter Core Team
02-13 10:49:23.449     1     1 I sit     : IPv6, IPv4 and MPLS over IPv4 tunneling driver
02-13 10:49:23.449     1     1 I NET     : Registered protocol family 17
02-13 10:49:23.449     1     1 I NET     : Registered protocol family 15
02-13 10:49:23.449     1     1 I         : Ebtables v2.0 registered
02-13 10:49:23.449     1     1 I l2tp_core: L2TP core driver, V2.0
02-13 10:49:23.449     1     1 I l2tp_ppp: PPPoL2TP kernel driver, V2.0
02-13 10:49:23.449     1     1 I l2tp_ip : L2TP IP encapsulation support (L2TPv3)
02-13 10:49:23.449     1     1 I l2tp_netlink: L2TP netlink interface
02-13 10:49:23.449     1     1 I l2tp_eth: L2TP ethernet pseudowire support (L2TPv3)
02-13 10:49:23.449     1     1 I l2tp_ip6: L2TP IP encapsulation support for IPv6 (L2TPv3)
02-13 10:49:23.449     1     1 I NET     : Registered protocol family 27
02-13 10:49:23.453   278   278 E         : minidump-id not found for adsp
02-13 10:49:23.453   278   278 I subsys-pil-tz 17300000.qcom,lpass: for adsp segments only will be dumped.
02-13 10:49:23.453   278   278 E         : minidump-id not found for slpi
02-13 10:49:23.453   278   278 I subsys-pil-tz 5c00000.qcom,ssc: for slpi segments only will be dumped.
02-13 10:49:23.453   278   278 E         : minidump-id not found for cdsp
02-13 10:49:23.454   278   278 I subsys-pil-tz 8300000.qcom,turing: for cdsp segments only will be dumped.
02-13 10:49:23.454   278   278 I pil-q6v5-mss 4080000.qcom,mss: No pas_id found.
02-13 10:49:23.454   278   278 E         : minidump-id not found for modem
02-13 10:49:23.454   278   278 I platform 4080000.qcom,mss: qcom,mba-mem@0: assigned reserved memory node mba_region@0x96500000
02-13 10:49:23.454   278   278 I pil-q6v5-mss 4080000.qcom,mss: for modem segments only will be dumped.
02-13 10:49:23.454   278   278 I pil-q6v5-mss 4080000.qcom,mss: for md_modem segments only will be dumped.
02-13 10:49:23.456   278   278 I sps     : BAM 0x000000000a704000 is registered.
02-13 10:49:23.456   278   278 E register_client_adhoc: find path.src 61 dest 512
02-13 10:49:23.456   278   278 E register_client_adhoc: find path.src 61 dest 676
02-13 10:49:23.457   278   278 E register_client_adhoc: find path.src 1 dest 583
02-13 10:49:23.457   278   278 E register_client_adhoc: Client handle 43 usb0
02-13 10:49:23.457   278   278 E         : Invalid index Defaulting curr to 0
02-13 10:49:23.457   278   278 W msm-dwc3 a600000.ssusb: Not attached
02-13 10:49:23.457   278   278 E ipa_rm_delete_resource: 155 resource does not exist
02-13 10:49:23.457   278   278 E usb_bam_ipa_delete_resources: Failed to delete USB_PROD resource
02-13 10:49:23.457   278   278 E ipa_rm_delete_resource: 155 resource does not exist
02-13 10:49:23.457   278   278 E usb_bam_ipa_delete_resources: Failed to delete USB_CONS resource
02-13 10:49:23.458   278   278 I logbuffer: id:usbpd registered
02-13 10:49:23.459   278   278 W         : CHRDEV "vd6281_ioctl" major number 227 goes below the dynamic allocation range
02-13 10:49:23.465     0     0 E spmi-0  : cleanup_irq apid=220 sid=0x2 per=0x41 irq=6
02-13 10:49:23.466   278   278 E qcom,fg-gen3 c440000.qcom,spmi: qcom,pmi8998@2:qpnp,fg: thermal_zone_of_sensor_register() failed rc:-19
02-13 10:49:23.469   278   278 I sps     : BAM 0x000000000a704000 is registered.
02-13 10:49:23.469   278   278 E register_client_adhoc: find path.src 61 dest 512
02-13 10:49:23.469   278   278 E register_client_adhoc: find path.src 61 dest 676
02-13 10:49:23.469   278   278 E register_client_adhoc: find path.src 1 dest 583
02-13 10:49:23.469   278   278 E register_client_adhoc: Client handle 43 usb0
02-13 10:49:23.469   278   278 I msm-dwc3 a600000.ssusb: charger detection in progress
02-13 10:49:23.470     1     1 I         : Registered cp15_barrier emulation handler
02-13 10:49:23.470     1     1 I         : Registered setend emulation handler
02-13 10:49:23.470     1     1 I core_ctl: Creating CPU group 0
02-13 10:49:23.470     1     1 I core_ctl: Init CPU0 state
02-13 10:49:23.470     1     1 I core_ctl: Init CPU1 state
02-13 10:49:23.470     1     1 I core_ctl: Init CPU2 state
02-13 10:49:23.470     1     1 I core_ctl: Init CPU3 state
02-13 10:49:23.470     1     1 I core_ctl: Creating CPU group 4
02-13 10:49:23.470     1     1 I core_ctl: Init CPU4 state
02-13 10:49:23.470     1     1 I core_ctl: Init CPU5 state
02-13 10:49:23.470     1     1 I core_ctl: Init CPU6 state
02-13 10:49:23.470     1     1 I core_ctl: Init CPU7 state
02-13 10:49:23.470     1     1 I         : registered taskstats version 1
02-13 10:49:23.470     1     1 I         : Loading compiled-in X.509 certificates
02-13 10:49:23.471   278   278 E FG      : fg_psy_get_property: unsupported property 4
02-13 10:49:23.472     1     1 I         : Loaded X.509 cert 'Easel: 2d9cb8fb66a52266cb3b00b3e3db335fadf908e4'
02-13 10:49:23.472     1     1 I niap_test_hash: hmac(sha512) passed
02-13 10:49:23.472     1     1 I niap_test_hash: sha256 passed
02-13 10:49:23.473     1     1 I niap_test_cipher: cbc(aes) encryption passed
02-13 10:49:23.473     1     1 I niap_test_cipher: cbc(aes) decryption passed
02-13 10:49:23.473   278   278 E FG      : fg_get_time_to_empty: Error in getting capacity, rc=-16
02-13 10:49:23.488   444   444 I p9221 0-0061: Notifier work: on:0 dc:1 det:0
02-13 10:49:23.488   444   444 E i2c_geni a88000.i2c: i2c error :-107
02-13 10:49:23.488   444   444 E p9221 0-0061: i2c read error, reg:40, ret:-107 (-19)
02-13 10:49:23.488   444   444 I p9221 0-0061: dc status is 0
02-13 10:49:23.488   444   444 E i2c_geni a88000.i2c: i2c error :-107
02-13 10:49:23.488   444   444 E p9221 0-0061: i2c read error, reg:42, ret:-107 (-19)
02-13 10:49:23.488   444   444 I p9221 0-0061: trigger wc changed on:0 in:0
02-13 10:49:23.489     1     1 I spss_utils [spss_init]: spss-utils driver Ver 2.0 30-Mar-2017.
02-13 10:49:23.490     1     1 I spss_utils [spss_probe]: Initialization completed ok, firmware_name [spss2p].
02-13 10:49:23.492     1     1 I iommu   : Adding device soc:qcom,msm_fastrpc:qcom,msm_fastrpc_compute_cb1 to group 34
02-13 10:49:23.493     1     1 I iommu   : Adding device soc:qcom,msm_fastrpc:qcom,msm_fastrpc_compute_cb2 to group 35
02-13 10:49:23.493     1     1 I iommu   : Adding device soc:qcom,msm_fastrpc:qcom,msm_fastrpc_compute_cb3 to group 36
02-13 10:49:23.493     1     1 I iommu   : Adding device soc:qcom,msm_fastrpc:qcom,msm_fastrpc_compute_cb4 to group 37
02-13 10:49:23.494     1     1 I iommu   : Adding device soc:qcom,msm_fastrpc:qcom,msm_fastrpc_compute_cb5 to group 38
02-13 10:49:23.494     1     1 I iommu   : Adding device soc:qcom,msm_fastrpc:qcom,msm_fastrpc_compute_cb6 to group 39
02-13 10:49:23.494     1     1 I iommu   : Adding device soc:qcom,msm_fastrpc:qcom,msm_fastrpc_compute_cb7 to group 40
02-13 10:49:23.494     1     1 I iommu   : Adding device soc:qcom,msm_fastrpc:qcom,msm_fastrpc_compute_cb8 to group 41
02-13 10:49:23.495     1     1 I iommu   : Adding device soc:qcom,msm_fastrpc:qcom,msm_fastrpc_compute_cb9 to group 42
02-13 10:49:23.495     1     1 I iommu   : Adding device soc:qcom,msm_fastrpc:qcom,msm_fastrpc_compute_cb10 to group 43
02-13 10:49:23.495     1     1 W fastrpc : probe of soc:qcom,msm_fastrpc:qcom,msm_fastrpc_compute_cb10 failed with error -1
02-13 10:49:23.496     1     1 I iommu   : Adding device soc:qcom,msm_fastrpc:qcom,msm_fastrpc_compute_cb11 to group 44
02-13 10:49:23.496     1     1 I iommu   : Adding device soc:qcom,msm_fastrpc:qcom,msm_fastrpc_compute_cb12 to group 45
02-13 10:49:23.496     1     1 W fastrpc : probe of soc:qcom,msm_fastrpc:qcom,msm_fastrpc_compute_cb10 failed with error -1
02-13 10:49:23.496     1     1 W         : CHRDEV "adsprpc-smd" major number 225 goes below the dynamic allocation range
02-13 10:49:23.497     1     1 I iommu   : Adding device 171c0000.slim:qcom,iommu_slim_ctrl_cb to group 46
02-13 10:49:23.498     1     1 W irq     : no irq domain found for /soc/wcd9xxx-irq !
02-13 10:49:23.498     5     5 E misc mnh_sm: mnh_ion_create_buffer: Ion cannot allocate buffer (-19)
02-13 10:49:23.498     5     5 W misc mnh_sm: mnh_sm_probe: cannot claim ION buffer
02-13 10:49:23.498     1     1 I iommu   : Adding device 17240000.slim:qcom,iommu_slim_ctrl_cb to group 47
02-13 10:49:23.499     1     1 I         : [KEY] gpio_keys_setup_key, error=-524, debounce(15, 15)
02-13 10:49:23.499     1     1 I         : [KEY] keycode = 115, gpio = 1265, irq = 62
02-13 10:49:23.499     1     1 I input   : gpio-keys as /devices/platform/soc/soc:gpio_keys/input/input1
02-13 10:49:23.499     1     1 I [KEY] gpio_keys_gpio_report_event: key 1-73, (1265) changed to 0
02-13 10:49:23.500     1     1 I qcom,qpnp-rtc c440000.qcom,spmi: qcom,pm8998@0:qcom,pm8998_rtc: setting system clock to 1970-02-13 02:49:23 UTC (3725363)
02-13 10:49:23.500     1     1 E CAM_ERR : CAM_CRM: cam_cci_assign_fops: 358 Invalid args sd node: ffffffe4f2593bb0
02-13 10:49:23.500     1     1 I lpm_levels_of: idx 1 7100
02-13 10:49:23.500     1     1 I lpm_levels_of: idx 2 5989
02-13 10:49:23.500     1     1 I lpm_levels_of: idx 2 3933
02-13 10:49:23.500     1     1 I lpm_levels_of: idx 1 1744
02-13 10:49:23.500     1     1 I lpm_levels_of: idx 2 1000
02-13 10:49:23.500     1     1 E lpm_levels_of: Residency < 0 for LPM
02-13 10:49:23.500     1     1 I lpm_levels_of: idx 2 1000
02-13 10:49:23.500     1     1 E lpm_levels: register_cluster_lpm_stats()
02-13 10:49:23.500     1     1 E lpm_levels: register_cluster_lpm_stats()
02-13 10:49:23.502     5     5 I msm_pcie_enable: PCIe: Assert the reset of endpoint of RC1.
02-13 10:49:23.503     1     1 I         : rmnet_ipa3 started initialization
02-13 10:49:23.503     1     1 I         : RNDIS_IPA module is loaded.
02-13 10:49:23.505     1     1 E msm_bus_late_init: Remove handoff bw requests
02-13 10:49:23.505     1     1 I ufs_card_gdsc: disabling
02-13 10:49:23.505     1     1 I actuator_regulator: disabling
02-13 10:49:23.505     1     1 I ext_5v_boost: disabling
02-13 10:49:23.505     1     1 I regulator_proxy_consumer_remove_all: removing regulator proxy consumer requests
02-13 10:49:23.505     1     1 I         : ALSA device list:
02-13 10:49:23.505     1     1 I         : No soundcards found.
02-13 10:49:23.510     5     5 I msm_pcie_enable: PCIe RC1 PHY is ready!
02-13 10:49:23.511     5     5 I msm_pcie_enable: PCIe: Release the reset of endpoint of RC1.
02-13 10:49:23.511   545   545 I misc mnh_sm: mnh_sm_ready_irq_handler: mnh device is ready to boot
02-13 10:49:23.542     5     5 I msm_pcie_enable: PCIe RC1 link initialized
02-13 10:49:23.543     5     5 I OF      : PCI: host bridge /soc/qcom,pcie@0x1c08000 ranges:
02-13 10:49:23.543     5     5 I OF      : PCI:   No bus range found for /soc/qcom,pcie@0x1c08000, using [bus 00-ff]
02-13 10:49:23.543     5     5 I OF      : PCI:    IO 0x40200000..0x402fffff -> 0x40200000
02-13 10:49:23.543     5     5 I OF      : PCI:   MEM 0x40300000..0x5fffffff -> 0x40300000
02-13 10:49:23.543     5     5 I pci-msm 1c08000.qcom,pcie: PCI host bridge to bus 0001:00
02-13 10:49:23.543     5     5 I pci_bus 0001: 00: root bus resource [bus 00-ff]
02-13 10:49:23.543     5     5 I pci_bus 0001: 00: root bus resource [io  0x0000-0xfffff] (bus address [0x40200000-0x402fffff])
02-13 10:49:23.543     5     5 I pci_bus 0001: 00: root bus resource [mem 0x40300000-0x5fffffff]
02-13 10:49:23.543     5     5 D pci 0001: 00:00.0: [17cb:0107] type 01 class 0x060400
02-13 10:49:23.543     5     5 D pci 0001: 00:00.0: reg 0x10: [mem 0x00000000-0x00000fff 64bit]
02-13 10:49:23.543     5     5 D pci 0001: 00:00.0: PME# supported from D0 D3hot D3cold
02-13 10:49:23.543     5     5 I iommu   : Adding device 0001:00:00.0 to group 48
02-13 10:49:23.543     5     5 I pci 0001: 00:00.0: bridge configuration invalid ([bus 00-00]), reconfiguring
02-13 10:49:23.543     5     5 D pci 0001: 01:00.0: [8086:3140] type 00 class 0x000000
02-13 10:49:23.543     5     5 D pci 0001: 01:00.0: reg 0x10: [mem 0x00000000-0x00000fff 64bit pref]
02-13 10:49:23.543     5     5 D pci 0001: 01:00.0: reg 0x18: [mem 0x00000000-0x007fffff 64bit]
02-13 10:49:23.543     5     5 D pci 0001: 01:00.0: reg 0x20: [mem 0x00000000-0x003fffff 64bit pref]
02-13 10:49:23.544     5     5 I pci 0001: 01:00.0: setting pcie class
02-13 10:49:23.544     5     5 D pci 0001: 01:00.0: supports D1 D2
02-13 10:49:23.544     5     5 D pci 0001: 01:00.0: PME# supported from D0 D1 D3hot D3cold
02-13 10:49:23.544     5     5 I iommu   : Adding device 0001:01:00.0 to group 48
02-13 10:49:23.544     5     5 D pci_bus 0001: 01: busn_res: [bus 01-ff] end is updated to 01
02-13 10:49:23.544     5     5 D pci 0001: 00:00.0: bridge window [io  0x1000-0x0fff] to [bus 01] add_size 1000
02-13 10:49:23.544     5     5 D pci 0001: 00:00.0: bridge window [mem 0x00200000-0x007fffff 64bit pref] to [bus 01] add_size 200000 add_align 200000
02-13 10:49:23.544     5     5 D pci 0001: 00:00.0: bridge window [mem 0x00800000-0x00ffffff] to [bus 01] add_size 800000 add_align 800000
02-13 10:49:23.544     5     5 D pci 0001: 00:00.0: res[8]=[mem 0x00800000-0x00ffffff] res_to_dev_res add_size 800000 min_align 800000
02-13 10:49:23.544     5     5 D pci 0001: 00:00.0: res[8]=[mem 0x00800000-0x017fffff] res_to_dev_res add_size 800000 min_align 800000
02-13 10:49:23.544     5     5 D pci 0001: 00:00.0: res[9]=[mem 0x00200000-0x007fffff 64bit pref] res_to_dev_res add_size 200000 min_align 200000
02-13 10:49:23.544     5     5 D pci 0001: 00:00.0: res[9]=[mem 0x00200000-0x009fffff 64bit pref] res_to_dev_res add_size 200000 min_align 200000
02-13 10:49:23.544     5     5 D pci 0001: 00:00.0: res[7]=[io  0x1000-0x0fff] res_to_dev_res add_size 1000 min_align 1000
02-13 10:49:23.544     5     5 D pci 0001: 00:00.0: res[7]=[io  0x1000-0x1fff] res_to_dev_res add_size 1000 min_align 1000
02-13 10:49:23.544     5     5 I pci 0001: 00:00.0: BAR 8: assigned [mem 0x40800000-0x417fffff]
02-13 10:49:23.544     5     5 I pci 0001: 00:00.0: BAR 9: assigned [mem 0x41800000-0x41ffffff 64bit pref]
02-13 10:49:23.544     5     5 I pci 0001: 00:00.0: BAR 0: assigned [mem 0x40300000-0x40300fff 64bit]
02-13 10:49:23.544     5     5 I pci 0001: 00:00.0: BAR 7: assigned [io  0x1000-0x1fff]
02-13 10:49:23.544     5     5 I pci 0001: 01:00.0: BAR 2: assigned [mem 0x40800000-0x40ffffff 64bit]
02-13 10:49:23.544     5     5 I pci 0001: 01:00.0: BAR 4: assigned [mem 0x41800000-0x41bfffff 64bit pref]
02-13 10:49:23.544     5     5 I pci 0001: 01:00.0: BAR 0: assigned [mem 0x41c00000-0x41c00fff 64bit pref]
02-13 10:49:23.544     5     5 I pci 0001: 00:00.0: PCI bridge to [bus 01]
02-13 10:49:23.544     5     5 I pci 0001: 00:00.0:   bridge window [io  0x1000-0x1fff]
02-13 10:49:23.544     5     5 I pci 0001: 00:00.0:   bridge window [mem 0x40800000-0x417fffff]
02-13 10:49:23.544     5     5 I pci 0001: 00:00.0:   bridge window [mem 0x41800000-0x41ffffff 64bit pref]
02-13 10:49:23.544     5     5 I pci 0001: 00:00.0: enabling device (0000 -> 0003)
02-13 10:49:23.544     5     5 I mnh_pci 0001: 01:00.0: enabling device (0000 -> 0002)
02-13 10:49:23.545     5     5 E mnh_pci 0001: 01:00.0: vector :10 , msi_num:10, irq:1056
02-13 10:49:23.545     5     5 E mnh_pci 0001: 01:00.0: request irq:1057
02-13 10:49:23.545     5     5 E mnh_pci 0001: 01:00.0: request irq:1058
02-13 10:49:23.546     5     5 E mnh_pci 0001: 01:00.0: request irq:1059
02-13 10:49:23.546     5     5 E mnh_pci 0001: 01:00.0: request irq:1060
02-13 10:49:23.546     5     5 E mnh_pci 0001: 01:00.0: request irq:1061
02-13 10:49:23.546     5     5 E mnh_pci 0001: 01:00.0: request irq:1064
02-13 10:49:23.546     5     5 E mnh_pci 0001: 01:00.0: request irq:1065
02-13 10:49:23.546     5     5 I mnh_pci 0001: 01:00.0: attached to IOMMU
02-13 10:49:23.568     5     5 I msm_pcie_disable: PCIe: Assert the reset of endpoint of RC1.
02-13 10:49:23.568   545   545 I misc mnh_sm: mnh_sm_ready_irq_handler: mnh device is ready to suspend
02-13 10:49:23.570     5     5 I misc mnh_sm: MNH SM initialized successfully
02-13 10:49:23.571     1     1 E         : Warning: unable to open an initial console.
