02-13 10:49:24.519     1     1 I init    : processing action (init) from (/system/etc/init/audioserver.rc:56)
02-13 10:49:24.520   659   659 I ueventd : firmware: loading 'cs40l20.bin' for '/devices/platform/soc/894000.i2c/i2c-3/3-0043/firmware/cs40l20.bin'
02-13 10:49:24.520     1     1 I init    : processing action (init) from (/vendor/etc/init/android.hardware.keymaster@4.0-service-qti.rc:1)
02-13 10:49:24.520     1     1 I init    : processing action (MixHwrngIntoLinuxRng) from (<Builtin Action>:0)
02-13 10:49:24.522   642   642 I hwservicemanager: hwservicemanager is ready now.
02-13 10:49:24.522   659   659 I ueventd : loading /devices/platform/soc/894000.i2c/i2c-3/3-0043/firmware/cs40l20.bin took 2ms
02-13 10:49:24.524   643   643 I SELinux : SELinux: Loaded service_contexts from:
02-13 10:49:24.524   643   643 I SELinux :     /vendor/etc/selinux/vndservice_contexts
02-13 10:49:24.526   645   645 D QSEECOMD: : qseecom listener services process entry PPID = 1
02-13 10:49:24.526   645   645 E QSEECOMD: : Listener: index = 0, hierarchy = 0
02-13 10:49:24.528   645   645 D QSEECOMD: : Init dlopen(librpmb.so, RTLD_NOW) succeeds
02-13 10:49:24.528   645   645 D QSEECOMD: : Init::Init dlsym(g_FSHandle rpmb_init_service) succeeds
02-13 10:49:24.529   645   645 I rpmb_ufs: RPMB Mult (512-byte sector) = 32768, Rel_sec_cnt = 32
02-13 10:49:24.529   645   645 E DrmLibRpmb: rpmb_init succeeded! with ret = 0
02-13 10:49:24.529   645   645 D QSEECOMD: : Init rpmb_init_service ret = 0
02-13 10:49:24.529   645   645 D QSEECOMD: : RPMB system services: init (Listener ID = 8192)
02-13 10:49:24.529   645   645 E QSEECOMD: : Listener: index = 1, hierarchy = 0
02-13 10:49:24.532   645   645 D QSEECOMD: : Init dlopen(libssd.so, RTLD_NOW) succeeds
02-13 10:49:24.532   645   645 D QSEECOMD: : Init::Init dlsym(g_FSHandle ssd_init_service) succeeds
02-13 10:49:24.532   645   645 E SSD     : ssd_init_service succeeded!
02-13 10:49:24.532   645   645 D QSEECOMD: : Init ssd_init_service ret = 0
02-13 10:49:24.532   645   645 D QSEECOMD: : SSD system services: init (Listener ID = 12288)
02-13 10:49:24.532   645   645 E QSEECOMD: : Listener: index = 2, hierarchy = 0
02-13 10:49:24.543   649   649 I citadeld: Starting citadeld
02-13 10:49:24.544   649   661 I citadeld: Event dispatcher startup.
02-13 10:49:24.544   649   663 I citadeld: waiting for powerstats service to appear
02-13 10:49:24.548   645   645 D QSEECOMD: : Init dlopen(libsecureui.so, RTLD_NOW) succeeds
02-13 10:49:24.548   645   645 D QSEECOMD: : Init::Init dlsym(g_FSHandle secure_ui_init) succeeds
02-13 10:49:24.548   645   645 D QSEECOMD: : Init secure_ui_init ret = 0
02-13 10:49:24.548   645   645 D QSEECOMD: : secure UI services: init (Listener ID = 16384)
02-13 10:49:24.548   645   645 D QSEECOMD: : qseecom listener service threads starting!!!
02-13 10:49:24.548   645   645 D QSEECOMD: : Total listener services to start = 10
02-13 10:49:24.548   645   645 E QSEECOMD: : Listener: index = 0, hierarchy = 1
02-13 10:49:24.549   645   645 D QSEECOMD: : Init dlopen(librpmb.so, RTLD_NOW) succeeds
02-13 10:49:24.549   645   645 D QSEECOMD: : Init::Init dlsym(g_FSHandle rpmb_start) succeeds
02-13 10:49:24.549   645   645 D QSEECOMAPI: QSEECom_register_listener 8192 sb_length = 0x6400
02-13 10:49:24.549   645   645 W QSEECOM : qseecom_register_listener: Service 8192 is registered
02-13 10:49:24.549   645   645 D QSEECOMD: : Init rpmb_start ret = 0
02-13 10:49:24.549   645   645 D QSEECOMD: : RPMB system services: Started (Listener ID = 8192)
02-13 10:49:24.549   645   645 E QSEECOMD: : Listener: index = 1, hierarchy = 1
02-13 10:49:24.550   645   645 D QSEECOMD: : Init dlopen(libssd.so, RTLD_NOW) succeeds
02-13 10:49:24.550   645   645 D QSEECOMD: : Init::Init dlsym(g_FSHandle ssd_start) succeeds
02-13 10:49:24.550   645   645 D QSEECOMAPI: QSEECom_register_listener 12288 sb_length = 0x5000
02-13 10:49:24.550   645   645 W QSEECOM : qseecom_register_listener: Service 12288 is registered
02-13 10:49:24.550   645   645 D QSEECOMD: : Init ssd_start ret = 0
02-13 10:49:24.550   645   645 D QSEECOMD: : SSD system services: Started (Listener ID = 12288)
02-13 10:49:24.550   645   645 E QSEECOMD: : Listener: index = 2, hierarchy = 1
02-13 10:49:24.550   645   645 D QSEECOMD: : Init dlopen(libsecureui.so, RTLD_NOW) succeeds
02-13 10:49:24.550   645   645 D QSEECOMD: : Init::Init dlsym(g_FSHandle secure_ui_start) succeeds
02-13 10:49:24.551   645   645 D QSEECOMAPI: QSEECom_register_listener 16384 sb_length = 0x10a8
02-13 10:49:24.551   645   645 W QSEECOM : qseecom_register_listener: Service 16384 is registered
02-13 10:49:24.551   645   645 D QSEECOMD: : Init secure_ui_start ret = 0
02-13 10:49:24.551   645   645 D QSEECOMD: : secure UI services: Started (Listener ID = 16384)
02-13 10:49:24.551   645   645 E QSEECOMD: : Listener: index = 3, hierarchy = 1
02-13 10:49:24.554   650   650 I android.hardware.keymaster@4.1-service.citadel: Keymaster HAL service starting
02-13 10:49:24.554   649   664 D libnos_transport: Calling app 2 with params 0x0017
02-13 10:49:24.555   664   664 I spi_geni 890000.spi: tx_fifo 16 rx_fifo 16 tx_width 32
02-13 10:49:24.557   649   664 D libnos_transport: App 2 inspection status=0x00000000 reply_len=0 protocol=1 flags=0x0000
02-13 10:49:24.557   649   664 D libnos_transport: Send app 2 command data (13 bytes)
02-13 10:49:24.558   649   664 D libnos_transport: Send app 2 go command 0x00020017
02-13 10:49:24.558   649   664 D libnos_transport: Polling app 2
02-13 10:49:24.559   645   645 D QSEECOMD: : Init dlopen(libdrmtime.so, RTLD_NOW) succeeds
02-13 10:49:24.559   645   645 D QSEECOMD: : Init::Init dlsym(g_FSHandle atime_start) succeeds
02-13 10:49:24.559   645   645 D DrmLibTime: QSEE Time Listener: atime_start
02-13 10:49:24.559   645   645 D QSEECOMAPI: QSEECom_register_listener 11 sb_length = 0x5000
02-13 10:49:24.560   645   645 D DrmLibTime: registering fs service to QSEECom is done!
02-13 10:49:24.560   645   645 W QSEECOM : qseecom_register_listener: Service 11 is registered
02-13 10:49:24.560   645   645 D DrmLibTime: begin to create a thread!
02-13 10:49:24.560   645   645 D DrmLibTime: Creating a pthread in atime_start is done! return 0
02-13 10:49:24.560   645   645 D QSEECOMD: : Init atime_start ret = 0
02-13 10:49:24.560   645   645 D QSEECOMD: : time services: Started (Listener ID = 11)
02-13 10:49:24.560   645   645 E QSEECOMD: : Listener: index = 4, hierarchy = 1
02-13 10:49:24.560   645   669 D DrmLibTime: QSEE Time Listener: dispatch
02-13 10:49:24.560   645   645 D QSEECOMD: : Init dlopen(libdrmfs.so, RTLD_NOW) succeeds
02-13 10:49:24.560   645   645 D QSEECOMD: : Init::Init dlsym(g_FSHandle fs_start) succeeds
02-13 10:49:24.560   645   669 D DrmLibTime: before calling ioctl to read the next time_cmd
02-13 10:49:24.560   645   645 D QSEECOMAPI: QSEECom_register_listener 10 sb_length = 0x5000
02-13 10:49:24.560   645   645 W QSEECOM : qseecom_register_listener: Service 10 is registered
02-13 10:49:24.560   645   645 D QSEECOMD: : Init fs_start ret = 0
02-13 10:49:24.560   645   645 D QSEECOMD: : file system services: Started (Listener ID = 10)
02-13 10:49:24.560   645   645 E QSEECOMD: : Listener: index = 5, hierarchy = 1
02-13 10:49:24.561   645   645 D QSEECOMD: : Init dlopen(libdrmfs.so, RTLD_NOW) succeeds
02-13 10:49:24.561   645   645 D QSEECOMD: : Init::Init dlsym(g_FSHandle gpfs_start) succeeds
02-13 10:49:24.567   649   664 D libnos_transport: App 2 polled=4 status=0x80000000 reply_len=0 flags=0x0000
02-13 10:49:24.567   649   664 D libnos_transport: App 2 returning 0x0
02-13 10:49:24.568   649   664 D libnos_transport: Calling app 2 with params 0x0018
02-13 10:49:24.570   649   664 D libnos_transport: App 2 inspection status=0x00000000 reply_len=0 protocol=1 flags=0x0000
02-13 10:49:24.570   649   664 D libnos_transport: Send app 2 command data (0 bytes)
02-13 10:49:24.570   649   664 D libnos_transport: Send app 2 go command 0x00020018
02-13 10:49:24.571     1     1 I init    : Mixed 512 bytes from /dev/hw_random into /dev/urandom
02-13 10:49:24.571   649   664 D libnos_transport: Polling app 2
02-13 10:49:24.571     1     1 I init    : processing action (late-init) from (/system/etc/init/hw/init.rc:415)
02-13 10:49:24.571     1     1 I init    : processing action (late-init) from (/vendor/etc/init/hw/init.sdm845.rc:182)
02-13 10:49:24.573     1     1 I init    : processing action (late-init) from (/system/etc/init/atrace.rc:3)
02-13 10:49:24.575   649   664 D libnos_transport: App 2 polled=2 status=0x80000000 reply_len=4 flags=0x0000
02-13 10:49:24.575   649   664 D libnos_transport: Read app 2 reply data (4 bytes)
02-13 10:49:24.576   649   664 D libnos_transport: App 2 returning 0x0
02-13 10:49:24.576   660   660 W wlan    : loading out-of-tree module taints kernel.
02-13 10:49:24.576   650   650 E cutils-trace: Error opening trace file: Permission denied (13)
02-13 10:49:24.577   642   642 E cutils-trace: Error opening trace file: Permission denied (13)
02-13 10:49:24.577   642   642 I hwservicemanager: getFrameworkHalManifest: Reading VINTF information.
02-13 10:49:24.580     1     1 I init    : processing action (late-init) from (/vendor/etc/init/android.hardware.atrace@1.0-service.pixel.rc:1)
02-13 10:49:24.580     1     1 I init    : processing action (queue_property_triggers) from (<Builtin Action>:0)
02-13 10:49:24.580     1     1 I init    : processing action (early-fs) from (/system/etc/init/hw/init.rc:451)
02-13 10:49:24.581     1     1 I init    : starting service 'vold'...
02-13 10:49:24.581   645   645 D QSEECOMAPI: QSEECom_register_listener 28672 sb_length = 0x7e000
02-13 10:49:24.581   645   645 W QSEECOM : qseecom_register_listener: Service 28672 is registered
02-13 10:49:24.581   645   645 D QSEECOMD: : Init gpfs_start ret = 0
02-13 10:49:24.581   645   645 D QSEECOMD: : gpfile system services: Started (Listener ID = 28672)
02-13 10:49:24.581   645   645 E QSEECOMD: : Listener: index = 6, hierarchy = 1
02-13 10:49:24.581   642   642 I hwservicemanager: getFrameworkHalManifest: Successfully processed VINTF information
02-13 10:49:24.582   642   642 I hwservicemanager: getDeviceHalManifest: Reading VINTF information.
02-13 10:49:24.582     1     1 I init    : processing action (early-fs) from (/vendor/etc/init/hw/init.sdm845.rc:67)
02-13 10:49:24.582     1     1 I init    : processing action (fs) from (/vendor/etc/init/hw/init.sdm845.rc:190)
02-13 10:49:24.582   645   645 D QSEECOMD: : Init dlopen(libqisl.so, RTLD_NOW) succeeds
02-13 10:49:24.582   645   645 D QSEECOMD: : Init::Init dlsym(g_FSHandle qisl_start) succeeds
--------- beginning of system
02-13 10:49:24.583   645   674 I QISL    : QSEE Interrupt Service Listener Thread is started
02-13 10:49:24.583   645   674 D QSEECOMAPI: QSEECom_register_listener 36864 sb_length = 0x1f4
02-13 10:49:24.583   674   674 W QSEECOM : qseecom_register_listener: Service 36864 is registered
02-13 10:49:24.583   645   674 I QISL    : QSEE Interrupt Service Listener was activated successfully
02-13 10:49:24.583   645   645 D QSEECOMD: : Init qisl_start ret = 0
02-13 10:49:24.583   645   645 D QSEECOMD: : interrupt services: Started (Listener ID = 36864)
02-13 10:49:24.583   645   645 E QSEECOMD: : Listener: index = 7, hierarchy = 1
02-13 10:49:24.584     1     1 I init    : [libfs_mgr]__mount(source=/dev/block/bootdevice/by-name/modem_a,target=/vendor/firmware_mnt,type=vfat)=0: Success
02-13 10:49:24.584   645   645 D QSEECOMD: : Init dlopen(libspl.so, RTLD_NOW) succeeds
02-13 10:49:24.584   645   645 D QSEECOMD: : Init::Init dlsym(g_FSHandle spl_start) succeeds
02-13 10:49:24.584   645   645 D SPL     : Call QSEECom_register_listener()
02-13 10:49:24.584   645   645 D QSEECOMAPI: QSEECom_register_listener 45056 sb_length = 0x400
02-13 10:49:24.585   645   645 W QSEECOM : qseecom_register_listener: Service 45056 is registered
02-13 10:49:24.585   645   645 D SPL     : Registered listener sucessfully!
02-13 10:49:24.585   645   645 D SPL     : pipe read-fd [31] write-fd [32]
02-13 10:49:24.585   645   645 D SPL     : Create thread
02-13 10:49:24.585   645   645 D SPL     : Thread created sucessfully.
02-13 10:49:24.585   645   645 D QSEECOMD: : Init spl_start ret = 0
02-13 10:49:24.585   645   645 D QSEECOMD: : secure processor services: Started (Listener ID = 45056)
02-13 10:49:24.585   645   645 E QSEECOMD: : Listener: index = 8, hierarchy = 1
02-13 10:49:24.585   645   675 D SPL     : spl_dispatch() started
02-13 10:49:24.585   645   675 D SPL     : ==== Wait For Request ======
02-13 10:49:24.587   645   645 D QSEECOMD: : Init dlopen(libGPreqcancel.so, RTLD_NOW) succeeds
02-13 10:49:24.587   645   645 D QSEECOMD: : Init::Init dlsym(g_FSHandle gp_reqcancel_start) succeeds
02-13 10:49:24.587   645   645 D QSEECOMAPI: QSEECom_register_listener 4352 sb_length = 0x5000
02-13 10:49:24.588   645   645 W QSEECOM : qseecom_register_listener: Service 4352 is registered
02-13 10:49:24.588   645   645 D QSEECOMD: : Init gp_reqcancel_start ret = 0
02-13 10:49:24.588   645   645 D QSEECOMD: : gp request cancellation services: Started (Listener ID = 4352)
02-13 10:49:24.588   645   645 E QSEECOMD: : Listener: index = 9, hierarchy = 1
02-13 10:49:24.588   645   645 E QSEECOMD: : Init dlopen(libops.so, RLTD_NOW) is failed.... dlopen failed: library "libops.so" not found
02-13 10:49:24.588   645   645 D QSEECOMD: : QSEECOM DAEMON RUNNING
02-13 10:49:24.588   590   590 E init    : Unable to set property 'ro.boottime.init.mount_all.early' from uid:0 gid:0 pid:1: Read-only property was already set
02-13 10:49:24.589     1     1 W libc    : Unable to set property "ro.boottime.init.mount_all.early" to "5": error code: 0xb
02-13 10:49:24.590    67    67 E google_charger: failed to get POWER_SUPPLY_PROP_TEMP from 'maxfg', ret=-11
02-13 10:49:24.590    67    67 E google_charger: failed to get POWER_SUPPLY_PROP_CURRENT_NOW from 'maxfg', ret=-11
02-13 10:49:24.590    67    67 E google_charger: failed to get POWER_SUPPLY_PROP_VOLTAGE_NOW from 'maxfg', ret=-11
02-13 10:49:24.590    67    67 E google_charger: failed to get POWER_SUPPLY_PROP_CAPACITY from 'maxfg', ret=-11
02-13 10:49:24.590    67    67 E google_charger: error occurred, rerun battery charging work in 1000 ms
02-13 10:49:24.592   642   642 I hwservicemanager: getDeviceHalManifest: Successfully processed VINTF information
02-13 10:49:24.592   650   650 I HidlServiceManagement: Registered android.hardware.keymaster@4.1::IKeymasterDevice/strongbox
02-13 10:49:24.592   650   650 I HidlServiceManagement: Removing namespace from process name android.hardware.keymaster@4.1-service.citadel to keymaster@4.1-service.citadel.
02-13 10:49:24.595     1     1 I init    : processing action (fs) from (/system/etc/init/logd.rc:28)
02-13 10:49:24.596     1     1 I init    : processing action (fs) from (/system/etc/init/wifi.rc:25)
02-13 10:49:24.596     1     1 I init    : processing action (post-fs) from (/system/etc/init/hw/init.rc:455)
02-13 10:49:24.596     1     1 I init    : starting service 'exec 2 (/system/bin/vdc checkpoint markBootAttempt)'...
02-13 10:49:24.597     1     1 I init    : SVC_EXEC service 'exec 2 (/system/bin/vdc checkpoint markBootAttempt)' pid 678 (uid 1000 gid 1000+0 context default) started; waiting...
02-13 10:49:24.600   366   366 I cs40l2x 3-0043: Normal-mode haptics successfully started
02-13 10:49:24.606   672   672 W vold    : type=1400 audit(0.0:7): avc: denied { getattr } for path="/vendor/apex/com.android.vndk.current.on_vendor.apex" dev="overlay" ino=14492 scontext=u:r:vold:s0 tcontext=u:object_r:vendor_apex_file:s0 tclass=file permissive=0
02-13 10:49:24.609   672   672 I vold    : Vold 3.0 (the awakening) firing up
02-13 10:49:24.609   672   672 D vold    : Detected support for: ext4 f2fs vfat
02-13 10:49:24.611   672   672 D vold    : Found unmanaged dm device named system_ext_a
02-13 10:49:24.611   672   672 D vold    : Found unmanaged dm device named system_a
02-13 10:49:24.611   672   672 D vold    : Found unmanaged dm device named vendor_a
02-13 10:49:24.611   672   672 D vold    : Found unmanaged dm device named product_a
02-13 10:49:24.611   672   672 W vold    : Failed to LOOP_GET_STATUS64 /dev/block/loop26: No such device or address
02-13 10:49:24.611   672   672 W vold    : Failed to LOOP_GET_STATUS64 /dev/block/loop25: No such device or address
02-13 10:49:24.611   672   672 W vold    : Failed to LOOP_GET_STATUS64 /dev/block/loop24: No such device or address
02-13 10:49:24.611   672   672 W vold    : Failed to LOOP_GET_STATUS64 /dev/block/loop23: No such device or address
02-13 10:49:24.611   672   672 W vold    : Failed to LOOP_GET_STATUS64 /dev/block/loop22: No such device or address
02-13 10:49:24.611   672   672 W vold    : Failed to LOOP_GET_STATUS64 /dev/block/loop21: No such device or address
02-13 10:49:24.611   672   672 W vold    : Failed to LOOP_GET_STATUS64 /dev/block/loop20: No such device or address
02-13 10:49:24.611   672   672 W vold    : Failed to LOOP_GET_STATUS64 /dev/block/loop19: No such device or address
02-13 10:49:24.611   672   672 W vold    : Failed to LOOP_GET_STATUS64 /dev/block/loop18: No such device or address
02-13 10:49:24.611   672   672 W vold    : Failed to LOOP_GET_STATUS64 /dev/block/loop17: No such device or address
02-13 10:49:24.611   672   672 W vold    : Failed to LOOP_GET_STATUS64 /dev/block/loop16: No such device or address
02-13 10:49:24.611   672   672 W vold    : Failed to LOOP_GET_STATUS64 /dev/block/loop10: No such device or address
02-13 10:49:24.611   672   672 D vold    : Found unmanaged loop device at /dev/block/loop2 named apex:
02-13 10:49:24.611   672   672 W vold    : Failed to LOOP_GET_STATUS64 /dev/block/loop9: No such device or address
02-13 10:49:24.611   672   672 W vold    : Failed to LOOP_GET_STATUS64 /dev/block/loop5: Permission denied
02-13 10:49:24.611   672   672 W vold    : Failed to LOOP_GET_STATUS64 /dev/block/loop12: No such device or address
02-13 10:49:24.612   672   672 W vold    : Failed to LOOP_GET_STATUS64 /dev/block/loop8: No such device or address
02-13 10:49:24.612   672   672 W vold    : Failed to LOOP_GET_STATUS64 /dev/block/loop15: No such device or address
02-13 10:49:24.612   672   672 D vold    : Found unmanaged loop device at /dev/block/loop0 named apex:
02-13 10:49:24.612   672   672 W vold    : Failed to LOOP_GET_STATUS64 /dev/block/loop11: No such device or address
02-13 10:49:24.612   672   672 D vold    : Found unmanaged loop device at /dev/block/loop4 named apex:
02-13 10:49:24.612   672   672 W vold    : Failed to LOOP_GET_STATUS64 /dev/block/loop6: No such device or address
02-13 10:49:24.612   672   672 D vold    : Found unmanaged loop device at /dev/block/loop3 named apex:
02-13 10:49:24.612   672   672 W vold    : Failed to LOOP_GET_STATUS64 /dev/block/loop7: No such device or address
02-13 10:49:24.612   672   672 W vold    : Failed to LOOP_GET_STATUS64 /dev/block/loop14: No such device or address
02-13 10:49:24.612   672   672 D vold    : Found unmanaged loop device at /dev/block/loop1 named apex:
02-13 10:49:24.612   672   672 W vold    : Failed to LOOP_GET_STATUS64 /dev/block/loop13: No such device or address
02-13 10:49:24.613   672   672 D vold    : VoldNativeService::start() completed OK
02-13 10:49:24.618   359   359 I max1720x 4-0036: device battery RID: 10
02-13 10:49:24.619     1     1 I init    : Service 'exec 2 (/system/bin/vdc checkpoint markBootAttempt)' (pid 678) exited with status 0 waiting took 0.022000 seconds
02-13 10:49:24.619     1     1 I init    : Sending signal 9 to service 'exec 2 (/system/bin/vdc checkpoint markBootAttempt)' (pid 678) process group...
02-13 10:49:24.619     1     1 I libprocessgroup: Successfully killed process cgroup uid 1000 pid 678 in 0ms
02-13 10:49:24.622     1     1 I init    : Command 'chown system cache /cache' action=post-fs (/system/etc/init/hw/init.rc:467) took 0ms and failed: lchown() failed: Read-only file system
02-13 10:49:24.622     1     1 I init    : Command 'chmod 0770 /cache' action=post-fs (/system/etc/init/hw/init.rc:468) took 0ms and failed: fchmodat() failed: Read-only file system
02-13 10:49:24.623     1     1 I selinux : SELinux: Skipping restorecon on directory(/metadata)
02-13 10:49:24.623     1     1 I selinux :
02-13 10:49:24.629     1     1 I selinux : SELinux: Skipping restorecon on directory(/metadata/apex)
02-13 10:49:24.629     1     1 I selinux :
02-13 10:49:24.629     1     1 I init    : processing action (post-fs) from (/vendor/etc/init/hw/init.sdm845.rc:248)
02-13 10:49:24.630     1     1 I init    : processing action (post-fs) from (/system/etc/init/atrace_userdebug.rc:7)
02-13 10:49:24.630     1     1 I init    : processing action (ro.boot.bootreason=* && post-fs) from (/system/etc/init/bootstat.rc:6)
02-13 10:49:24.631     1     1 I init    : processing action (post-fs) from (/system/etc/init/gsid.rc:8)
02-13 10:49:24.631     1     1 I init    : processing action (post-fs) from (/system/etc/init/recovery-refresh.rc:1)
02-13 10:49:24.631     1     1 I init    : starting service 'exec 3 (/system/bin/recovery-refresh)'...
02-13 10:49:24.631   359   359 I max1720x 4-0036: RSense value 5000 micro Ohm
02-13 10:49:24.631   359   359 I max1720x 4-0036: Config: 0x7214
02-13 10:49:24.632     1     1 I init    : processing action (post-fs) from (/vendor/etc/init/init.spdaemon.rc:1)
02-13 10:49:24.632   359   359 I max1720x 4-0036: IChgTerm: 280000
02-13 10:49:24.632     1     1 I init    : Command 'start vendor.spdaemon' action=post-fs (/vendor/etc/init/init.spdaemon.rc:2) took 0ms and failed: Could not start service: File /vendor/bin/spdaemon(labeled "u:object_r:vendor_file:s0") has incorrect label or no domain transition from u:r:init:s0 to another SELinux domain defined. Have you configured your service correctly? https://source.android.com/security/selinux/device-policy#label_new_services_and_address_denials
02-13 10:49:24.632     1     1 I init    : processing action (late-fs) from (/system/etc/init/hw/init.rc:519)
02-13 10:49:24.632   359   359 I max1720x 4-0036: VEmpty: VE=3300mV VR=3880mV
02-13 10:49:24.633     1     1 I init    : starting service 'system_suspend'...
02-13 10:49:24.633   359   359 I max1720x 4-0036: cnts=1,0 dc=3430 cap_sta=5 cap_fad=4000 rcomp0=0x204d tempco=0x2826
02-13 10:49:24.634     1     1 I init    : starting service 'vendor.boot-hal-1-0'...
02-13 10:49:24.635     1     1 I init    : starting service 'gatekeeper-1-0'...
02-13 10:49:24.637   359   359 I max1720x 4-0036: Capacity restored to 3250
02-13 10:49:24.637   359   359 I max1720x 4-0036: QH value restored to 2787
02-13 10:49:24.639     1     1 I init    : starting service 'vendor.sensors'...
02-13 10:49:24.644   647   647 D QSEECOMAPI: QSEECom_get_handle sb_length = 0xa000
02-13 10:49:24.644   647   647 D QSEECOMAPI: App is already loaded QSEE and app id = 1
02-13 10:49:24.646   647   647 E KeymasterUtils: TA API Major Version: 4
02-13 10:49:24.646   647   647 E KeymasterUtils: TA API Minor Version: 0
02-13 10:49:24.646   647   647 E KeymasterUtils: TA Major Version: 4
02-13 10:49:24.646   647   647 E KeymasterUtils: TA Minor Version: 161
02-13 10:49:24.648   683   683 E android.system.suspend@1.0-service: SystemSuspend: Error opening /sys/class/wakeup: No such file or directory
02-13 10:49:24.648   683   683 E android.system.suspend@1.0-service: SystemSuspend: Error opening /sys/power/suspend_stats: No such file or directory
02-13 10:49:24.650   683   683 I HidlServiceManagement: Registered android.system.suspend@1.0::ISystemSuspend/default
02-13 10:49:24.650   683   683 I HidlServiceManagement: Removing namespace from process name android.system.suspend@1.0-service to suspend@1.0-service.
02-13 10:49:24.651     1     1 I init    : Service 'exec 3 (/system/bin/recovery-refresh)' (pid 682) exited with status 254 oneshot service took 0.019000 seconds in background
02-13 10:49:24.651     1     1 I init    : Sending signal 9 to service 'exec 3 (/system/bin/recovery-refresh)' (pid 682) process group...
02-13 10:49:24.651     1     1 I libprocessgroup: Successfully killed process cgroup uid 1000 pid 682 in 0ms
02-13 10:49:24.651     1     1 I init    : processing action (late-fs) from (/vendor/etc/init/hw/init.sdm845.rc:215)
02-13 10:49:24.652     1     1 I init    : starting service 'devstart_sh'...
02-13 10:49:24.653     1     1 I init    : Command 'start vendor.power-hal-1-3' action=late-fs (/vendor/etc/init/hw/init.sdm845.rc:219) took 0ms and failed: service vendor.power-hal-1-3 not found
02-13 10:49:24.653     1     1 I init    : starting service 'surfaceflinger'...
02-13 10:49:24.654     1     1 I init    : Could not create socket 'pdx/system/vr/display/client': Failed to bind socket 'pdx/system/vr/display/client': No such file or directory
02-13 10:49:24.654     1     1 I init    : Could not create socket 'pdx/system/vr/display/manager': Failed to bind socket 'pdx/system/vr/display/manager': No such file or directory
02-13 10:49:24.654     1     1 I init    : Could not create socket 'pdx/system/vr/display/vsync': Failed to bind socket 'pdx/system/vr/display/vsync': No such file or directory
02-13 10:49:24.655     1     1 I init    : starting service 'bootanim'...
02-13 10:49:24.656   684   684 I HidlServiceManagement: Registered android.hardware.boot@1.0::IBootControl/default
02-13 10:49:24.657   684   684 I HidlServiceManagement: Removing namespace from process name android.hardware.boot@1.0-service to boot@1.0-service.
02-13 10:49:24.657   684   684 I LegacySupport: Registration complete for android.hardware.boot@1.0::IBootControl/default.
02-13 10:49:24.657     1     1 I init    : starting service 'vendor.hwcomposer-2-3'...
02-13 10:49:24.658     1     1 I init    : starting service 'vendor.configstore-hal'...
02-13 10:49:24.659     1     1 I init    : starting service 'vendor.qti.hardware.display.allocator'...
02-13 10:49:24.660   647   647 I HidlServiceManagement: Registered android.hardware.keymaster@4.0::IKeymasterDevice/default
02-13 10:49:24.660   647   647 I HidlServiceManagement: Removing namespace from process name android.hardware.keymaster@4.0-service-qti to keymaster@4.0-service-qti.
02-13 10:49:24.661     1     1 I init    : starting service 'vendor.light-1-0'...
02-13 10:49:24.662     1     1 I init    : start_waiting_for_property("hwservicemanager.ready", "true"): already set
02-13 10:49:24.662     1     1 I init    : starting service 'wait_for_strongbox'...
02-13 10:49:24.663     1     1 I init    : SVC_EXEC service 'wait_for_strongbox' pid 696 (uid 0 gid 0+1 context default) started; waiting...
02-13 10:49:24.673   686   686 E sscrpcd : vendor/qcom/sdm845/proprietary/sensors-see/sscrpcd/src/sscrpcd.cpp:69:sscrpcd daemon starting
02-13 10:49:24.680   686   686 E sscrpcd : vendor/qcom/sdm845/proprietary/sensors-see/sscrpcd/src/sscrpcd.cpp:74:adsp_default_listener_start called for [sensorspd]
02-13 10:49:24.680   685   685 D QSEECOMAPI: QSEECom_get_handle sb_length = 0xa000
02-13 10:49:24.680   686   686 V sscrpcd : vendor/qcom/proprietary/commonsys-intf/adsprpc/src/fastrpc_apps_user.c:1087: remote_handle_open: Successfully opened handle 0xaaaaaaaa for '":;./\createstaticpd:sensorspd on domain 2
02-13 10:49:24.683   685   685 D QSEECOMAPI: App is already loaded QSEE and app id = 1
02-13 10:49:24.684   685   685 E KeymasterUtils: TA API Major Version: 4
02-13 10:49:24.684   685   685 E KeymasterUtils: TA API Minor Version: 0
02-13 10:49:24.684   685   685 E KeymasterUtils: TA Major Version: 4
02-13 10:49:24.684   685   685 E KeymasterUtils: TA Minor Version: 161
02-13 10:49:24.687   695   695 E light   : light_open lights keyboard failed: -22
02-13 10:49:24.687   695   695 E light   : Light passthrough failed to load legacy HAL.
02-13 10:49:24.687   695   695 E light   : light_open lights buttons failed: -22
02-13 10:49:24.687   695   695 E light   : Light passthrough failed to load legacy HAL.
02-13 10:49:24.689   695   695 E light   : light_open lights bluetooth failed: -22
02-13 10:49:24.689   695   695 E light   : Light passthrough failed to load legacy HAL.
02-13 10:49:24.689   695   695 E light   : light_open lights wifi failed: -22
02-13 10:49:24.690   695   695 E light   : Light passthrough failed to load legacy HAL.
02-13 10:49:24.690   685   685 I HidlServiceManagement: Registered android.hardware.gatekeeper@1.0::IGatekeeper/default
02-13 10:49:24.690   685   685 I HidlServiceManagement: Removing namespace from process name android.hardware.gatekeeper@1.0-service-qti to gatekeeper@1.0-service-qti.
02-13 10:49:24.690   685   685 I LegacySupport: Registration complete for android.hardware.gatekeeper@1.0::IGatekeeper/default.
02-13 10:49:24.690   694   694 I HidlServiceManagement: Registered android.hardware.graphics.allocator@2.0::IAllocator/default
02-13 10:49:24.691   694   694 I qdgralloc: Initialized qti-allocator
02-13 10:49:24.691   695   695 I HidlServiceManagement: Registered hardware.google.light@1.0::ILight/default
02-13 10:49:24.691   695   695 I HidlServiceManagement: Removing namespace from process name hardware.google.light@1.0-service to light@1.0-service.
02-13 10:49:24.692   642   642 I hwservicemanager: getTransport: Cannot find entry android.hardware.keymaster@3.0::IKeymasterDevice/default in either framework or device manifest.
02-13 10:49:24.692   696   696 I wait_for_strongbox: List of Keymaster HALs found:
02-13 10:49:24.692   696   696 I wait_for_strongbox: Keymaster HAL #1: CitadelKeymaster from Google SecurityLevel: STRONGBOX HAL: android.hardware.keymaster@4.1::IKeymasterDevice/strongbox
02-13 10:49:24.692   696   696 I wait_for_strongbox: Keymaster HAL #2: Keymaster HAL: 4 from QTI SecurityLevel: TRUSTED_ENVIRONMENT HAL: android.hardware.keymaster@4.1::IKeymasterDevice/default
02-13 10:49:24.693     1     1 I init    : Service 'wait_for_strongbox' (pid 696) exited with status 0 waiting took 0.030000 seconds
02-13 10:49:24.693     1     1 I init    : Sending signal 9 to service 'wait_for_strongbox' (pid 696) process group...
02-13 10:49:24.693     1     1 I libprocessgroup: Successfully killed process cgroup uid 0 pid 696 in 0ms
02-13 10:49:24.694     1     1 I init    : Calling: /system/bin/vdc checkpoint needsCheckpoint
02-13 10:49:24.701   693   693 W android.hardware.configstore@1.1-service: libminijail[693]: allowing syscall: connect
02-13 10:49:24.701   693   693 W android.hardware.configstore@1.1-service: libminijail[693]: allowing syscall: fcntl
02-13 10:49:24.701   693   693 W android.hardware.configstore@1.1-service: libminijail[693]: allowing syscall: sendto
02-13 10:49:24.701   693   693 W android.hardware.configstore@1.1-service: libminijail[693]: allowing syscall: socket
02-13 10:49:24.701   693   693 W android.hardware.configstore@1.1-service: libminijail[693]: allowing syscall: writev
02-13 10:49:24.702   693   693 W android.hardware.configstore@1.1-service: libminijail[693]: logging seccomp filter failures
02-13 10:49:24.702   703   703 D vdc     : Waited 0ms for vold
02-13 10:49:24.703   693   693 I HidlServiceManagement: Registered android.hardware.configstore@1.1::ISurfaceFlingerConfigs/default
02-13 10:49:24.703   693   693 I HidlServiceManagement: Removing namespace from process name android.hardware.configstore@1.1-service to configstore@1.1-service.
02-13 10:49:24.711     1     1 I init    : [libfs_mgr]Invalid f2fs superblock on '/dev/block/bootdevice/by-name/userdata'
02-13 10:49:24.711     1     1 E init    : [libfs_mgr]mount_with_alternatives(): skipping mount due to invalid magic, mountpoint=/data blk_dev=/dev/block/sda21 rec[5].fs_type=f2fs
02-13 10:49:24.712     1     1 I init    : Calling: /system/bin/vdc cryptfs mountFstab /dev/block/bootdevice/by-name/userdata /data
02-13 10:49:24.720   710   710 D vdc     : Waited 0ms for vold
02-13 10:49:24.720   672   672 D vold    : fscrypt_mount_metadata_encrypted: /data 0
02-13 10:49:24.720   672   672 D vold    : metadata_key_dir/key: /metadata/vold/metadata_encryption/key
02-13 10:49:24.722   642   642 I hwservicemanager: getTransport: Cannot find entry android.hardware.keymaster@3.0::IKeymasterDevice/default in either framework or device manifest.
02-13 10:49:24.722   672   672 I vold    : List of Keymaster HALs found:
02-13 10:49:24.722   672   672 I vold    : Keymaster HAL #1: CitadelKeymaster from Google SecurityLevel: STRONGBOX HAL: android.hardware.keymaster@4.1::IKeymasterDevice/strongbox
02-13 10:49:24.722   672   672 I vold    : Keymaster HAL #2: Keymaster HAL: 4 from QTI SecurityLevel: TRUSTED_ENVIRONMENT HAL: android.hardware.keymaster@4.1::IKeymasterDevice/default
02-13 10:49:24.722   649   664 D libnos_transport: Calling app 2 with params 0x0013
02-13 10:49:24.725   649   664 D libnos_transport: App 2 inspection status=0x00000000 reply_len=0 protocol=1 flags=0x0000
02-13 10:49:24.725   649   664 D libnos_transport: Send app 2 command data (0 bytes)
02-13 10:49:24.725   649   664 D libnos_transport: Send app 2 go command 0x00020013
02-13 10:49:24.726   649   664 D libnos_transport: Polling app 2
02-13 10:49:24.730   649   664 D libnos_transport: App 2 polled=2 status=0x80000000 reply_len=70 flags=0x0000
02-13 10:49:24.730   649   664 D libnos_transport: Read app 2 reply data (70 bytes)
02-13 10:49:24.732   649   664 D libnos_transport: App 2 returning 0x0
02-13 10:49:24.734   672   672 D vold    : Computing HMAC with params { (seed: 000000000000000000000000000000000, nonce: ef3d1c05df32246df71ed16e9098a54bbe75f6d434dbade79aec7f274921b), (seed: 84a6509d6aab24f95b12288929aa14b904b1c887996a635547decd8bae7342, nonce: 48b546b2942a3e4c6b735dca54cfb583d2a826fef334ce1b41c9ffc72d0b617) }
02-13 10:49:24.734   672   672 D vold    : Computing HMAC for CitadelKeymaster from Google SecurityLevel: STRONGBOX HAL: android.hardware.keymaster@4.1::IKeymasterDevice/strongbox
02-13 10:49:24.734   649   664 D libnos_transport: Calling app 2 with params 0x0014
02-13 10:49:24.737   649   664 D libnos_transport: App 2 inspection status=0x00000000 reply_len=0 protocol=1 flags=0x0000
02-13 10:49:24.737   649   664 D libnos_transport: Send app 2 command data (140 bytes)
02-13 10:49:24.738   649   664 D libnos_transport: Send app 2 go command 0x00020014
02-13 10:49:24.739   649   664 D libnos_transport: Polling app 2
02-13 10:49:24.750   649   664 D libnos_transport: App 2 polled=5 status=0x80000000 reply_len=34 flags=0x0000
02-13 10:49:24.750   649   664 D libnos_transport: Read app 2 reply data (34 bytes)
02-13 10:49:24.751   649   664 D libnos_transport: App 2 returning 0x0
02-13 10:49:24.752   672   672 D vold    : Computing HMAC for Keymaster HAL: 4 from QTI SecurityLevel: TRUSTED_ENVIRONMENT HAL: android.hardware.keymaster@4.1::IKeymasterDevice/default
02-13 10:49:24.757   672   672 I vold    : Using Keymaster HAL: 4 from QTI for encryption.  Security level: TRUSTED_ENVIRONMENT, HAL: android.hardware.keymaster@4.1::IKeymasterDevice/default
02-13 10:49:24.760   672   672 D vold    : Key exists, using: /metadata/vold/metadata_encryption/key
02-13 10:49:24.760   692   692 I HidlServiceManagement: Registered vendor.display.config@1.3::IDisplayConfig/default
02-13 10:49:24.760   692   692 I SDM     : HWCSession::StartServices: IDisplayConfig service registration completed.
02-13 10:49:24.760   692   692 I SDM     : HWCSession::Register: Set uevent listener = 0x73eeae97f0
02-13 10:49:24.768   642   642 I hwservicemanager: getTransport: Cannot find entry android.hardware.keymaster@3.0::IKeymasterDevice/default in either framework or device manifest.
02-13 10:49:24.768   672   672 I vold    : List of Keymaster HALs found:
02-13 10:49:24.768   672   672 I vold    : Keymaster HAL #1: CitadelKeymaster from Google SecurityLevel: STRONGBOX HAL: android.hardware.keymaster@4.1::IKeymasterDevice/strongbox
02-13 10:49:24.769   672   672 I vold    : Keymaster HAL #2: Keymaster HAL: 4 from QTI SecurityLevel: TRUSTED_ENVIRONMENT HAL: android.hardware.keymaster@4.1::IKeymasterDevice/default
02-13 10:49:24.769   672   672 I vold    : Using Keymaster HAL: 4 from QTI for encryption.  Security level: TRUSTED_ENVIRONMENT, HAL: android.hardware.keymaster@4.1::IKeymasterDevice/default
02-13 10:49:24.787   692   692 I SDM     : HWInfoDRM::GetHWPlanesInfo: Adding VIG Pipe : Id 54, master_pipe_id : Id 0 block_sec_ui: 1
02-13 10:49:24.787   692   692 I SDM     : HWInfoDRM::GetHWPlanesInfo: Adding VIG Pipe : Id 80, master_pipe_id : Id 0 block_sec_ui: 1
02-13 10:49:24.787   692   692 I SDM     : HWInfoDRM::GetHWPlanesInfo: Adding VIG Pipe : Id 82, master_pipe_id : Id 0 block_sec_ui: 1
02-13 10:49:24.787   692   692 I SDM     : HWInfoDRM::GetHWPlanesInfo: Adding VIG Pipe : Id 84, master_pipe_id : Id 0 block_sec_ui: 1
02-13 10:49:24.787   692   692 I SDM     : HWInfoDRM::GetHWPlanesInfo: Adding DMA Pipe : Id 86, master_pipe_id : Id 0 block_sec_ui: 0
02-13 10:49:24.787   692   692 I SDM     : HWInfoDRM::GetHWPlanesInfo: Adding DMA Pipe : Id 88, master_pipe_id : Id 0 block_sec_ui: 1
02-13 10:49:24.787   692   692 I SDM     : HWInfoDRM::GetHWPlanesInfo: Adding DMA Pipe : Id 90, master_pipe_id : Id 0 block_sec_ui: 1
02-13 10:49:24.787   692   692 I SDM     : HWInfoDRM::GetHWPlanesInfo: Adding DMA Pipe : Id 92, master_pipe_id : Id 0 block_sec_ui: 1
02-13 10:49:24.787   692   692 I SDM     : HWInfoDRM::GetHWPlanesInfo: Adding DMA Pipe : Id 94, master_pipe_id : Id 86 block_sec_ui: 0
02-13 10:49:24.787   692   692 I SDM     : HWInfoDRM::GetHWPlanesInfo: Adding DMA Pipe : Id 97, master_pipe_id : Id 88 block_sec_ui: 1
02-13 10:49:24.787   692   692 I SDM     : HWInfoDRM::GetHWPlanesInfo: Adding DMA Pipe : Id 99, master_pipe_id : Id 90 block_sec_ui: 1
02-13 10:49:24.787   692   692 I SDM     : HWInfoDRM::GetHWPlanesInfo: Adding DMA Pipe : Id 101, master_pipe_id : Id 92 block_sec_ui: 1
02-13 10:49:24.787   692   692 I SDM     : HWInfoDRM::GetHWPlanesInfo: Adding DMA Pipe : Id 103, master_pipe_id : Id 54 block_sec_ui: 1
02-13 10:49:24.787   692   692 I SDM     : HWInfoDRM::GetHWPlanesInfo: Adding DMA Pipe : Id 105, master_pipe_id : Id 80 block_sec_ui: 1
02-13 10:49:24.787   692   692 I SDM     : HWInfoDRM::GetHWPlanesInfo: Adding DMA Pipe : Id 107, master_pipe_id : Id 82 block_sec_ui: 1
02-13 10:49:24.787   692   692 I SDM     : HWInfoDRM::GetHWPlanesInfo: Adding DMA Pipe : Id 109, master_pipe_id : Id 84 block_sec_ui: 1
02-13 10:49:24.787   690   690 I SurfaceFlinger: Using HWComposer service: 'default'
02-13 10:49:24.788   690   690 E SurfaceFlinger: robin onFirstRef
02-13 10:49:24.788   692   692 I SDM     : HWInfoDRM::GetHWResourceInfo: Max plane width = 2560
02-13 10:49:24.788   692   692 I SDM     : HWInfoDRM::GetHWResourceInfo: Max cursor width = 128
02-13 10:49:24.788   692   692 I SDM     : HWInfoDRM::GetHWResourceInfo: Max plane upscale = 20
02-13 10:49:24.788   692   692 I SDM     : HWInfoDRM::GetHWResourceInfo: Max plane downscale = 4
02-13 10:49:24.788   692   692 I SDM     : HWInfoDRM::GetHWResourceInfo: Has Decimation = 1
02-13 10:49:24.788   692   692 I SDM     : HWInfoDRM::GetHWResourceInfo: Max Blending Stages = 11
02-13 10:49:24.788   692   692 I SDM     : HWInfoDRM::GetHWResourceInfo: Has Source Split = 1
02-13 10:49:24.788   692   692 I SDM     : HWInfoDRM::GetHWResourceInfo: Has QSEED3 = 1
02-13 10:49:24.788   692   692 I SDM     : HWInfoDRM::GetHWResourceInfo: Has UBWC = 1
02-13 10:49:24.788   692   692 I SDM     : HWInfoDRM::GetHWResourceInfo: Has Concurrent Writeback = 1
02-13 10:49:24.788   692   692 I SDM     : HWInfoDRM::GetHWResourceInfo: Max Low Bw = 9600000
02-13 10:49:24.788   692   692 I SDM     : HWInfoDRM::GetHWResourceInfo: Max High Bw = 9600000
02-13 10:49:24.788   692   692 I SDM     : HWInfoDRM::GetHWResourceInfo: Max Pipe Bw = 2400000 KBps
02-13 10:49:24.788   692   692 I SDM     : HWInfoDRM::GetHWResourceInfo: MaxSDEClock = 430000000 Hz
02-13 10:49:24.788   692   692 I SDM     : HWInfoDRM::GetHWResourceInfo: Clock Fudge Factor = 1.050000
02-13 10:49:24.788   692   692 I SDM     : HWInfoDRM::GetHWResourceInfo: Prefill factors:
02-13 10:49:24.788   692   692 I SDM     : HWInfoDRM::GetHWResourceInfo: 	Tiled_NV12 = 8
02-13 10:49:24.788   692   692 I SDM     : HWInfoDRM::GetHWResourceInfo: 	Tiled = 4
02-13 10:49:24.788   692   692 I SDM     : HWInfoDRM::GetHWResourceInfo: 	Linear = 1
02-13 10:49:24.788   692   692 I SDM     : HWInfoDRM::GetHWResourceInfo: 	Scale = 1
02-13 10:49:24.788   692   692 I SDM     : HWInfoDRM::GetHWResourceInfo: 	Fudge_factor = 2
02-13 10:49:24.788   692   692 I SDM     : HWInfoDRM::GetHWResourceInfo: 	ib_fudge_factor = 6.000000
02-13 10:49:24.789   692   692 I SDM     : HWInfoDRM::GetHWRotatorInfo: V4L2 Rotator: Count = 1, Downscale = 1, Min_downscale = 1.500000, Downscale_compression = 1
02-13 10:49:24.790   692   692 I SDM     : PipeAllocDrm::Init: pipe->type=1 Real pipe_id =54
02-13 10:49:24.790   692   692 I SDM     : PipeAllocDrm::Init: pipe->type=1 Real pipe_id =80
02-13 10:49:24.790   692   692 I SDM     : PipeAllocDrm::Init: pipe->type=1 Real pipe_id =82
02-13 10:49:24.790   692   692 I SDM     : PipeAllocDrm::Init: pipe->type=1 Real pipe_id =84
02-13 10:49:24.790   692   692 I SDM     : PipeAllocDrm::Init: pipe->type=3 Real pipe_id =86
02-13 10:49:24.790   692   692 I SDM     : PipeAllocDrm::Init: pipe->type=3 Real pipe_id =88
02-13 10:49:24.790   692   692 I SDM     : PipeAllocDrm::Init: pipe->type=3 Real pipe_id =90
02-13 10:49:24.790   692   692 I SDM     : PipeAllocDrm::Init: pipe->type=3 Real pipe_id =92
02-13 10:49:24.790   692   692 I SDM     : PipeAllocDrm::Init: pipe->type=3 Virtual pipe_id =94
02-13 10:49:24.790   692   692 I SDM     : PipeAllocDrm::Init: pipe->type=3 Virtual pipe_id =97
02-13 10:49:24.790   692   692 I SDM     : PipeAllocDrm::Init: pipe->type=3 Virtual pipe_id =99
02-13 10:49:24.790   692   692 I SDM     : PipeAllocDrm::Init: pipe->type=3 Virtual pipe_id =101
02-13 10:49:24.790   692   692 I SDM     : PipeAllocDrm::Init: pipe->type=3 Virtual pipe_id =103
02-13 10:49:24.790   692   692 I SDM     : PipeAllocDrm::Init: pipe->type=3 Virtual pipe_id =105
02-13 10:49:24.790   692   692 I SDM     : PipeAllocDrm::Init: pipe->type=3 Virtual pipe_id =107
02-13 10:49:24.790   692   692 I SDM     : PipeAllocDrm::Init: pipe->type=3 Virtual pipe_id =109
02-13 10:49:24.790   692   692 I SDM     : PipeAllocDrm::Init: Registered  Total Pipes=16 SDma/virtual_pipes=8
02-13 10:49:24.790   692   692 I SDM     : PipeAllocDrm::Init: pipe->type=3 Real pipe_id =92
02-13 10:49:24.790   692   692 I SDM     : PipeAllocDrm::Init: pipe->type=3 Real pipe_id =90
02-13 10:49:24.790   692   692 I SDM     : PipeAllocDrm::Init: pipe->type=3 Real pipe_id =88
02-13 10:49:24.790   692   692 I SDM     : PipeAllocDrm::Init: pipe->type=3 Real pipe_id =86
02-13 10:49:24.790   692   692 I SDM     : PipeAllocDrm::Init: pipe->type=1 Real pipe_id =84
02-13 10:49:24.790   692   692 I SDM     : PipeAllocDrm::Init: pipe->type=1 Real pipe_id =82
02-13 10:49:24.790   692   692 I SDM     : PipeAllocDrm::Init: pipe->type=1 Real pipe_id =80
02-13 10:49:24.790   692   692 I SDM     : PipeAllocDrm::Init: pipe->type=1 Real pipe_id =54
02-13 10:49:24.790   692   692 I SDM     : PipeAllocDrm::Init: pipe->type=3 Virtual pipe_id =94
02-13 10:49:24.790   692   692 I SDM     : PipeAllocDrm::Init: pipe->type=3 Virtual pipe_id =97
02-13 10:49:24.790   692   692 I SDM     : PipeAllocDrm::Init: pipe->type=3 Virtual pipe_id =99
02-13 10:49:24.790   692   692 I SDM     : PipeAllocDrm::Init: pipe->type=3 Virtual pipe_id =101
02-13 10:49:24.790   692   692 I SDM     : PipeAllocDrm::Init: pipe->type=3 Virtual pipe_id =103
02-13 10:49:24.790   692   692 I SDM     : PipeAllocDrm::Init: pipe->type=3 Virtual pipe_id =105
02-13 10:49:24.790   692   692 I SDM     : PipeAllocDrm::Init: pipe->type=3 Virtual pipe_id =107
02-13 10:49:24.790   692   692 I SDM     : PipeAllocDrm::Init: pipe->type=3 Virtual pipe_id =109
02-13 10:49:24.792   692   692 I SDM     : CoreInterface::CreateCore: Open interface handle = 0x740eae6a30
02-13 10:49:24.792   692   692 I SDM     : CPUHint::Init: Vendor Extension Library not enabled
02-13 10:49:24.792   692   692 I SDM     : HWDeviceDRM::PopulateDisplayAttributes: Display attributes[0]: WxH: 1440x2960, DPI: 522.514282x522.111084, FPS: 60, LM_SPLIT: 1, V_BACK_PORCH: 80, V_FRONT_PORCH: 124, V_PULSE_WIDTH: 120, V_TOTAL: 3284, H_TOTAL: 1716, CLK: 283737KHZ, TOPOLOGY: 7
02-13 10:49:24.792   692   692 I SDM     : HWDeviceDRM::GetHWPanelMaxBrightness: Max brightness level = 255
02-13 10:49:24.792   692   692 I SDM     : HWDeviceDRM::PopulateHWPanelInfo: Peripheral Display, Panel Interface = DSI, Panel Mode = Command, Is Primary = 1
02-13 10:49:24.792   692   692 I SDM     : HWDeviceDRM::PopulateHWPanelInfo: Partial Update = 0, Dynamic FPS = 0, HDR Panel = 1
02-13 10:49:24.792   692   692 I SDM     : HWDeviceDRM::PopulateHWPanelInfo: Align: left = 0, width = 0, top = 0, height = 0
02-13 10:49:24.792   692   692 I SDM     : HWDeviceDRM::PopulateHWPanelInfo: ROI: min_width = 0, min_height = 0, need_merge = 0
02-13 10:49:24.792   692   692 I SDM     : HWDeviceDRM::PopulateHWPanelInfo: FPS: min = 60, max = 60
02-13 10:49:24.792   692   692 I SDM     : HWDeviceDRM::PopulateHWPanelInfo: Left Split = 720, Right Split = 720
02-13 10:49:24.792   692   692 I SDM     : HWDeviceDRM::PopulateHWPanelInfo: Panel Transfer time = 14000 us
02-13 10:49:24.792   692   692 I SDM     : HWDeviceDRM::UpdateMixerAttributes: Mixer WxH 1440x2960 for Peripheral Display
02-13 10:49:24.792   692   692 I SDM     : ColorManager::CreateColorManagerProxy: PAV2 version is versions = 11, version = 11
02-13 10:49:24.794   672   672 D vold    : Mounting metadata-encrypted filesystem:/data
02-13 10:49:24.796   642   642 I hwservicemanager: getTransport: Cannot find entry android.hardware.keymaster@3.0::IKeymasterDevice/default in either framework or device manifest.
02-13 10:49:24.797   672   672 I vold    : List of Keymaster HALs found:
02-13 10:49:24.797   672   672 I vold    : Keymaster HAL #1: CitadelKeymaster from Google SecurityLevel: STRONGBOX HAL: android.hardware.keymaster@4.1::IKeymasterDevice/strongbox
02-13 10:49:24.797   672   672 I vold    : Keymaster HAL #2: Keymaster HAL: 4 from QTI SecurityLevel: TRUSTED_ENVIRONMENT HAL: android.hardware.keymaster@4.1::IKeymasterDevice/default
02-13 10:49:24.797   649   664 D libnos_transport: Calling app 2 with params 0x001e
02-13 10:49:24.799   649   664 D libnos_transport: App 2 inspection status=0x00000000 reply_len=0 protocol=1 flags=0x0000
02-13 10:49:24.799   649   664 D libnos_transport: Send app 2 command data (0 bytes)
02-13 10:49:24.800   649   664 D libnos_transport: Send app 2 go command 0x0002001e
02-13 10:49:24.800   649   664 D libnos_transport: Polling app 2
02-13 10:49:24.805   649   664 D libnos_transport: App 2 polled=2 status=0x80000000 reply_len=0 flags=0x0000
02-13 10:49:24.805   649   664 D libnos_transport: App 2 returning 0x0
02-13 10:49:24.814   672   672 I vold    : [libfs_mgr]Running /system/bin/fsck.f2fs -a -c 10000 --debug-cache/dev/block/dm-4
02-13 10:49:24.822   692   692 I SDM     : DisplayBase::InitializeColorModes: Number of Color Modes = 9
02-13 10:49:24.826   672   672 I fsck.f2fs: Info: Fix the reported corruption.
02-13 10:49:24.826   672   672 I fsck.f2fs: Info: No support kernel version!
02-13 10:49:24.826   672   672 I fsck.f2fs: Info: Segments per section = 1
02-13 10:49:24.826   672   672 I fsck.f2fs: Info: Sections per zone = 1
02-13 10:49:24.826   672   672 I fsck.f2fs: Info: sector size = 4096
02-13 10:49:24.826   672   672 I fsck.f2fs: Info: total sectors = 13520891 (52815 MB)
02-13 10:49:24.827   672   672 I fsck.f2fs: Info: MKFS version
02-13 10:49:24.827   672   672 I fsck.f2fs: "4.9.237-gc69ea3d52a03-ab7117972 #0 SMP PREEMPT Tue Feb 2 09:08:14 UTC 2021"
02-13 10:49:24.827   672   672 I fsck.f2fs: Info: FSCK version
02-13 10:49:24.827   672   672 I fsck.f2fs: from "4.9.237-gc69ea3d52a03-ab7117972 #0 SMP PREEMPT Tue Feb 2 09:08:14 UTC 2021"
02-13 10:49:24.827   672   672 I fsck.f2fs: to "4.9.237-gc69ea3d52a03-ab7117972 #0 SMP PREEMPT Tue Feb 2 09:08:14 UTC 2021"
02-13 10:49:24.827   672   672 I fsck.f2fs: Info: superblock features = 481 :  encrypt verity quota_ino
02-13 10:49:24.828   672   672 I fsck.f2fs: Info: superblock encrypt level = 0, salt = 00000000000000000000000000000000
02-13 10:49:24.828   672   672 I fsck.f2fs: Info: total FS sectors = 13520891 (52815 MB)
02-13 10:49:24.830   672   672 I fsck.f2fs: Info: CKPT version = 2a0bfabe
02-13 10:49:24.832   672   672 I fsck.f2fs: Info: checkpoint state = 41 :  crc unmount
02-13 10:49:24.832   672   672 I fsck.f2fs: Info: No error was reported
02-13 10:49:24.832   672   672 I fsck.f2fs:
02-13 10:49:24.832   672   672 I fsck.f2fs: c, u, RA, CH, CM, Repl=
02-13 10:49:24.832   672   672 I fsck.f2fs: 10000 11 11 0 11 0
02-13 10:49:24.835   692   692 I SDM     : StrategyImpl::SetIdleTimeoutMs: Idle timeout set to zero for command mode panels
02-13 10:49:24.837   692   692 I SDM     : Init():116 HDR init done
02-13 10:49:24.837   692   692 I SDM     : StrategyImpl::InitializeHdrInfo: Version info is: 2.0
02-13 10:49:24.837   692   692 I SDM     : HWEventsDRM::Init: Setup event handler for display 0, CRTC 111, Connector 26
02-13 10:49:24.837   692   692 I SDM     : HWEventsDRM::RegisterIdleNotify: idle notify is not supported event
02-13 10:49:24.838   692   692 I SDM     : HWCDisplay::Init: Display created with id: 0
02-13 10:49:24.838   692   692 I SDM     : DisplayBase::GetColorModeAttr: Mode hal_native_identity has no attribute
02-13 10:49:24.838   692   692 I SDM     : DisplayBase::GetColorModeAttr: Mode hal_native_identity has no attribute
02-13 10:49:24.838   692   692 E SDM     : HWCDisplayPrimary::Init: File '/sys/class/lcd_bias/secure_mode' could not be opened. errno = 13, desc = Permission denied
02-13 10:49:24.838   692   692 E libc    : Access denied finding property "vendor.gralloc.disable_ubwc"
02-13 10:49:24.838   692   692 I SDM     : DisplayBase::SetFrameBufferConfig: New framebuffer resolution (1440x2960)
