02-13 10:49:24.838   692   692 E libc    : Access denied finding property "vendor.gralloc.disable_ubwc"
02-13 10:49:24.839   672   672 I F2FS-fs (dm-4): Reduce reserved blocks for root = 26387
02-13 10:49:24.845   692   692 E libc    : Access denied finding property "vendor.gralloc.disable_ubwc"
02-13 10:49:24.845   692   692 E libc    : Access denied finding property "ro.vendor.graphics.memory"
02-13 10:49:24.845   692   692 E libc    : Access denied finding property "vendor.debug.prerotation.disable"
02-13 10:49:24.845   692   692 I SDM     : HWCDisplay::SetFrameBufferResolution: New framebuffer resolution (1440x2960)
02-13 10:49:24.848   692   692 I SDM     : HWCColorManager::CreateColorManager: Successfully loaded libsdm-disp-vndapis.so
02-13 10:49:24.857   692   723 D Diag_Lib: diag: CreateWaitThread (723) created
02-13 10:49:24.858   692   692 I SDM     : HWCColorManager::CreateColorManager: Successfully loaded libsdm-disp-vndapis.so and libsdm-diag.so and diag_init'ed
02-13 10:49:24.858   692   692 W SDM     : HWCSession::Init: Unable to open brightness file: [13] Permission denied
02-13 10:49:24.858   692   692 D SDM     : HWCSession::GetFunction: Unknown/Unimplemented function descriptor: 44 (SetLayerFloatColor)
02-13 10:49:24.858   692   692 D SDM     : HWCSession::GetFunction: Unknown/Unimplemented function descriptor: 53 (GetDisplayIdentificationData)
02-13 10:49:24.858   692   692 D SDM     : HWCSession::GetFunction: Unknown/Unimplemented function descriptor: 59 (SetLayerPerFrameMetadataBlobs)
02-13 10:49:24.858   692   692 D SDM     : HWCSession::GetFunction: Unknown/Unimplemented function descriptor: 60 (GetDisplayBrightnessSupport)
02-13 10:49:24.859   692   692 I HidlServiceManagement: Registered android.hardware.graphics.composer@2.3::IComposer/default
02-13 10:49:24.859   692   692 I HidlServiceManagement: Removing namespace from process name android.hardware.graphics.composer@2.3-service to composer@2.3-service.
02-13 10:49:24.874   672   672 I F2FS-fs (dm-4): Mounted with checkpoint version = 2a0bfabe
02-13 10:49:24.875   672   672 I vold    : [libfs_mgr]__mount(source=/dev/block/dm-4,target=/data,type=f2fs)=0: Success
02-13 10:49:24.875   672   672 D vold    : Mounted /data
02-13 10:49:24.876   672   681 D vold    : Disk at 253:4 changed
02-13 10:49:24.879   690   690 D robin   :   #00 pc 00000000001d31d8  /system/lib64/libsurfaceflinger.so (android::SurfaceFlinger::onFirstRef()+96)
02-13 10:49:24.879   690   690 D robin   :   #01 pc 00000000000f40f4  /system/lib64/libsurfaceflinger.so (android::sp<android::Layer>::sp<android::BufferQueueLayer>(android::BufferQueueLayer*)+72)
02-13 10:49:24.879   690   690 D robin   :   #02 pc 00000000001d1b30  /system/lib64/libsurfaceflinger.so (android::SurfaceFlinger::SurfaceFlinger(android::surfaceflinger::Factory&, android::SurfaceFlinger::SkipInitializationTag)+1356)
02-13 10:49:24.879   690   690 D robin   :   #03 pc 00000000001d2324  /system/lib64/libsurfaceflinger.so (android::SurfaceFlinger::SurfaceFlinger(android::surfaceflinger::Factory&)+56)
02-13 10:49:24.879   690   690 D robin   :   #04 pc 0000000000237240  /system/lib64/libsurfaceflinger.so (android::surfaceflinger::createSurfaceFlinger()+120)
02-13 10:49:24.879   690   690 D robin   :   #05 pc 0000000000002180  /system/bin/surfaceflinger (main+312)
02-13 10:49:24.879   690   690 D robin   :   #06 pc 000000000004988c  /apex/com.android.runtime/lib64/bionic/libc.so (__libc_init+108)
02-13 10:49:24.879   690   690 I SurfaceFlinger: SurfaceFlinger is starting
02-13 10:49:24.881   690   690 I SurfaceFlinger: Enabling backpressure propagation for Client Composition
02-13 10:49:24.881   690   690 I SurfaceFlinger: Disabling blur effects, they are not supported.
02-13 10:49:24.881   690   690 I SurfaceFlinger: Treble testing override: 'false'
02-13 10:49:24.882     1     1 I init    : Keyring created with id 181486001 in process 1
02-13 10:49:24.882   690   690 I SurfaceFlinger: SurfaceFlinger's main thread ready to run. Initializing graphics H/W...
02-13 10:49:24.882   690   690 D RenderEngine: RenderEngine GLES Backend
02-13 10:49:24.882     1     1 I init    : Command 'mount_all /vendor/etc/fstab.${ro.boot.hardware.platform} --late' action=late-fs (/vendor/etc/init/hw/init.sdm845.rc:236) took 188ms and succeeded
02-13 10:49:24.884     1     1 I init    : starting service 'time_daemon'...
02-13 10:49:24.885   690   690 D libEGL  : loaded /vendor/lib64/egl/libEGL_adreno.so
02-13 10:49:24.886     1     1 I init    : processing action (late-fs) from (/vendor/etc/init/android.hardware.power-service.pixel-libperfmgr.rc:7)
02-13 10:49:24.886     1     1 I init    : starting service 'vendor.power-hal-aidl'...
02-13 10:49:24.887     1     1 I init    : processing action (post-fs-data) from (/system/etc/init/hw/init.rc:528)
02-13 10:49:24.887     1     1 I init    : starting service 'exec 4 (/system/bin/vdc checkpoint prepareCheckpoint)'...
02-13 10:49:24.888     1     1 I init    : SVC_EXEC service 'exec 4 (/system/bin/vdc checkpoint prepareCheckpoint)' pid 728 (uid 1000 gid 1000+0 context default) started; waiting...
02-13 10:49:24.895   672   672 I Checkpoint: cp_prepareCheckpoint called
02-13 10:49:24.896     1     1 I init    : Service 'exec 4 (/system/bin/vdc checkpoint prepareCheckpoint)' (pid 728) exited with status 0 waiting took 0.008000 seconds
02-13 10:49:24.896     1     1 I init    : Sending signal 9 to service 'exec 4 (/system/bin/vdc checkpoint prepareCheckpoint)' (pid 728) process group...
02-13 10:49:24.896     1     1 I libprocessgroup: Successfully killed process cgroup uid 1000 pid 728 in 0ms
02-13 10:49:24.900     1     1 I init    : starting service 'exec 5 (/system/bin/vdc --wait cryptfs enablefilecrypto)'...
02-13 10:49:24.901     1     1 I init    : SVC_EXEC service 'exec 5 (/system/bin/vdc --wait cryptfs enablefilecrypto)' pid 729 (uid 0 gid 0+0 context default) started; waiting...
02-13 10:49:24.906   729   729 D vdc     : Waited 0ms for vold
02-13 10:49:24.907   672   672 I vold    : fscrypt_initialize_systemwide_keys
02-13 10:49:24.913   672   672 D vold    : Key exists, using: /data/unencrypted/key
02-13 10:49:24.924   642   642 I hwservicemanager: getTransport: Cannot find entry android.hardware.keymaster@3.0::IKeymasterDevice/default in either framework or device manifest.
02-13 10:49:24.924   672   672 I vold    : List of Keymaster HALs found:
02-13 10:49:24.924   672   672 I vold    : Keymaster HAL #1: CitadelKeymaster from Google SecurityLevel: STRONGBOX HAL: android.hardware.keymaster@4.1::IKeymasterDevice/strongbox
02-13 10:49:24.924   672   672 I vold    : Keymaster HAL #2: Keymaster HAL: 4 from QTI SecurityLevel: TRUSTED_ENVIRONMENT HAL: android.hardware.keymaster@4.1::IKeymasterDevice/default
02-13 10:49:24.924   672   672 I vold    : Using Keymaster HAL: 4 from QTI for encryption.  Security level: TRUSTED_ENVIRONMENT, HAL: android.hardware.keymaster@4.1::IKeymasterDevice/default
02-13 10:49:24.924   690   690 D libEGL  : loaded /vendor/lib64/egl/libGLESv1_CM_adreno.so
02-13 10:49:24.927   690   690 D libEGL  : loaded /vendor/lib64/egl/libGLESv2_adreno.so
02-13 10:49:24.933   727   727 I android.hardware.power-service.pixel-libperfmgr: Pixel Power HAL AIDL Service with Extension is starting.
02-13 10:49:24.934   444   444 I subsys-restart: __subsystem_get(): Changing subsys fw_name to slpi
02-13 10:49:24.935   727   727 E libperfmgr: Failed to read Node[0]'s Type, set to 'File' as default
02-13 10:49:24.935   726   726 D QC-time-services: Daemon:genoff_pre_init::Base = 0
02-13 10:49:24.935   727   727 I libperfmgr: Failed to read Node[0]'s HoldFd, set to 'false'
02-13 10:49:24.935   727   727 E libperfmgr: Failed to read Node[1]'s Type, set to 'File' as default
02-13 10:49:24.935   727   727 I libperfmgr: Failed to read Node[1]'s HoldFd, set to 'false'
02-13 10:49:24.935   727   727 E libperfmgr: Failed to read Node[2]'s Type, set to 'File' as default
02-13 10:49:24.935   727   727 I libperfmgr: Failed to read Node[2]'s HoldFd, set to 'false'
02-13 10:49:24.935   727   727 E libperfmgr: Failed to read Node[3]'s Type, set to 'File' as default
02-13 10:49:24.935   727   727 I libperfmgr: Failed to read Node[3]'s HoldFd, set to 'false'
02-13 10:49:24.935   727   727 E libperfmgr: Failed to read Node[4]'s Type, set to 'File' as default
02-13 10:49:24.935   727   727 I libperfmgr: Failed to read Node[4]'s HoldFd, set to 'false'
02-13 10:49:24.935   727   727 E libperfmgr: Failed to read Node[5]'s Type, set to 'File' as default
02-13 10:49:24.935   726   726 D QC-time-services: Daemon:ats_rtc_init: Time read from RTC -- year = 70, month = 1,day = 13
02-13 10:49:24.935   727   727 I libperfmgr: Failed to read Node[5]'s DefaultIndex, set to last index: 2
02-13 10:49:24.935   727   727 I libperfmgr: Failed to read Node[5]'s HoldFd, set to 'false'
02-13 10:49:24.935   727   727 E libperfmgr: Failed to read Node[6]'s Type, set to 'File' as default
02-13 10:49:24.935   727   727 I libperfmgr: Failed to read Node[6]'s DefaultIndex, set to last index: 3
02-13 10:49:24.935   727   727 I libperfmgr: Failed to read Node[6]'s HoldFd, set to 'false'
02-13 10:49:24.935   727   727 E libperfmgr: Failed to read Node[7]'s Type, set to 'File' as default
02-13 10:49:24.935   727   727 I libperfmgr: Failed to read Node[7]'s DefaultIndex, set to last index: 1
02-13 10:49:24.935   727   727 I libperfmgr: Failed to read Node[7]'s HoldFd, set to 'false'
02-13 10:49:24.935   727   727 E libperfmgr: Failed to read Node[8]'s Type, set to 'File' as default
02-13 10:49:24.935   727   727 I libperfmgr: Failed to read Node[8]'s DefaultIndex, set to last index: 1
02-13 10:49:24.935   727   727 I libperfmgr: Failed to read Node[8]'s HoldFd, set to 'false'
02-13 10:49:24.935   727   727 E libperfmgr: Failed to read Node[9]'s Type, set to 'File' as default
02-13 10:49:24.935   727   727 I libperfmgr: Failed to read Node[9]'s DefaultIndex, set to last index: 1
02-13 10:49:24.935   727   727 I libperfmgr: Failed to read Node[9]'s HoldFd, set to 'false'
02-13 10:49:24.935   727   727 E libperfmgr: Failed to read Node[10]'s Type, set to 'File' as default
02-13 10:49:24.935   727   727 I libperfmgr: Failed to read Node[10]'s DefaultIndex, set to last index: 1
02-13 10:49:24.935   727   727 I libperfmgr: Failed to read Node[10]'s HoldFd, set to 'false'
02-13 10:49:24.935   727   727 E libperfmgr: Failed to read Node[11]'s Type, set to 'File' as default
02-13 10:49:24.935   727   727 I libperfmgr: Failed to read Node[11]'s DefaultIndex, set to last index: 1
02-13 10:49:24.935   727   727 I libperfmgr: Failed to read Node[11]'s HoldFd, set to 'false'
02-13 10:49:24.935   727   727 E libperfmgr: Failed to read Node[12]'s Type, set to 'File' as default
02-13 10:49:24.935   727   727 I libperfmgr: Failed to read Node[12]'s DefaultIndex, set to last index: 1
02-13 10:49:24.935   727   727 I libperfmgr: Failed to read Node[12]'s HoldFd, set to 'false'
02-13 10:49:24.936   727   727 E libperfmgr: Failed to read Node[13]'s Type, set to 'File' as default
02-13 10:49:24.936   727   727 I libperfmgr: Failed to read Node[13]'s DefaultIndex, set to last index: 1
02-13 10:49:24.936   727   727 I libperfmgr: Failed to read Node[13]'s HoldFd, set to 'false'
02-13 10:49:24.936   727   727 E libperfmgr: Failed to read Node[14]'s Type, set to 'File' as default
02-13 10:49:24.936   727   727 I libperfmgr: Failed to read Node[14]'s DefaultIndex, set to last index: 1
02-13 10:49:24.936   727   727 I libperfmgr: Failed to read Node[14]'s HoldFd, set to 'false'
02-13 10:49:24.936   727   727 E libperfmgr: Failed to read Node[15]'s Type, set to 'File' as default
02-13 10:49:24.936   727   727 I libperfmgr: Failed to read Node[15]'s DefaultIndex, set to last index: 1
02-13 10:49:24.936   727   727 I libperfmgr: Failed to read Node[15]'s HoldFd, set to 'false'
02-13 10:49:24.936   727   727 E libperfmgr: Failed to read Node[16]'s Type, set to 'File' as default
02-13 10:49:24.936   727   727 I libperfmgr: Failed to read Node[16]'s DefaultIndex, set to last index: 3
02-13 10:49:24.936   727   727 I libperfmgr: Failed to read Node[16]'s HoldFd, set to 'false'
02-13 10:49:24.936   727   727 E libperfmgr: Failed to read Node[17]'s Type, set to 'File' as default
02-13 10:49:24.936   727   727 I libperfmgr: Failed to read Node[17]'s DefaultIndex, set to last index: 2
02-13 10:49:24.936   727   727 I libperfmgr: Failed to read Node[17]'s HoldFd, set to 'false'
02-13 10:49:24.936   727   727 E libperfmgr: Failed to read Node[18]'s Type, set to 'File' as default
02-13 10:49:24.936   727   727 I libperfmgr: Failed to read Node[18]'s DefaultIndex, set to last index: 1
02-13 10:49:24.936   727   727 I libperfmgr: Failed to read Node[18]'s HoldFd, set to 'false'
02-13 10:49:24.936   727   727 E libperfmgr: Failed to read Node[19]'s Type, set to 'File' as default
02-13 10:49:24.936   727   727 I libperfmgr: Failed to read Node[19]'s DefaultIndex, set to last index: 1
02-13 10:49:24.936   727   727 I libperfmgr: Failed to read Node[19]'s HoldFd, set to 'false'
02-13 10:49:24.936   727   727 E libperfmgr: Failed to read Node[20]'s Type, set to 'File' as default
02-13 10:49:24.936   727   727 I libperfmgr: Failed to read Node[20]'s DefaultIndex, set to last index: 1
02-13 10:49:24.936   727   727 I libperfmgr: Failed to read Node[20]'s HoldFd, set to 'false'
02-13 10:49:24.936   727   727 E libperfmgr: Failed to read Node[21]'s Type, set to 'File' as default
02-13 10:49:24.936   727   727 I libperfmgr: Failed to read Node[21]'s DefaultIndex, set to last index: 1
02-13 10:49:24.936   727   727 I libperfmgr: Failed to read Node[21]'s ResetOnInit, set to 'false'
02-13 10:49:24.936   727   727 E libperfmgr: Failed to read Node[22]'s Type, set to 'File' as default
02-13 10:49:24.936   727   727 I libperfmgr: Failed to read Node[22]'s DefaultIndex, set to last index: 1
02-13 10:49:24.936   727   727 I libperfmgr: Failed to read Node[22]'s HoldFd, set to 'false'
02-13 10:49:24.936   727   727 E libperfmgr: Failed to read Node[23]'s Type, set to 'File' as default
02-13 10:49:24.936   727   727 I libperfmgr: Failed to read Node[23]'s DefaultIndex, set to last index: 1
02-13 10:49:24.936   727   727 I libperfmgr: Failed to read Node[23]'s ResetOnInit, set to 'false'
02-13 10:49:24.936   727   727 I libperfmgr: Failed to read Node[23]'s HoldFd, set to 'false'
02-13 10:49:24.936   727   727 I libperfmgr: Failed to read Node[24]'s DefaultIndex, set to last index: 3
02-13 10:49:24.936   727   727 I libperfmgr: Failed to read Node[24]'s ResetOnInit, set to 'false'
02-13 10:49:24.936   727   727 I libperfmgr: Failed to read Node[25]'s DefaultIndex, set to last index: 1
02-13 10:49:24.936   727   727 I libperfmgr: Failed to read Node[25]'s ResetOnInit, set to 'false'
02-13 10:49:24.936   727   727 I libperfmgr: Failed to read Node[26]'s DefaultIndex, set to last index: 1
02-13 10:49:24.936   727   727 I libperfmgr: Failed to read Node[26]'s ResetOnInit, set to 'false'
02-13 10:49:24.936   727   727 I libperfmgr: Failed to read Node[27]'s DefaultIndex, set to last index: 1
02-13 10:49:24.936   727   727 I libperfmgr: 28 Nodes parsed successfully
02-13 10:49:24.937   727   727 I libperfmgr: 83 Actions parsed successfully
02-13 10:49:24.937   726   726 D QC-time-services: Daemon ats_rtc_init: seconds = 3725365
02-13 10:49:24.937   726   726 D QC-time-services: Daemon:Value read from RTC seconds = 3725365000
02-13 10:49:24.937   726   726 D QC-time-services: Daemon:genoff_init_config: ATS_RTC initialized with rc: 0
02-13 10:49:24.937   727   727 I libperfmgr: PowerHint AUDIO_LAUNCH has 3 actions parsed
02-13 10:49:24.937   726   726 D QC-time-services: Daemon:genoff_pre_init::Base = 1
02-13 10:49:24.937   727   727 I libperfmgr: PowerHint AUDIO_STREAMING_LOW_LATENCY has 2 actions parsed
02-13 10:49:24.937   726   726 D QC-time-services: Daemon: Storage Name: ats_1
02-13 10:49:24.937   727   727 I libperfmgr: PowerHint CAMERA_LAUNCH has 6 actions parsed
02-13 10:49:24.937   726   726 D QC-time-services: Daemon:Opening File: /mnt/vendor/persist/time/ats_1 /data/vendor/time/ats_1
02-13 10:49:24.937   727   727 I libperfmgr: PowerHint CAMERA_SHOT has 5 actions parsed
02-13 10:49:24.937   727   727 I libperfmgr: PowerHint CAMERA_STREAMING_MID has 4 actions parsed
02-13 10:49:24.937   727   727 I libperfmgr: PowerHint DISPLAY_UPDATE_IMMINENT has 1 actions parsed
02-13 10:49:24.937   727   727 I libperfmgr: PowerHint EXPENSIVE_RENDERING has 3 actions parsed
02-13 10:49:24.937   726   726 D QC-time-services: Daemon:Open File: /mnt/vendor/persist/time/ats_1
02-13 10:49:24.937   727   727 I libperfmgr: PowerHint INTERACTION has 8 actions parsed
02-13 10:49:24.937   726   726 D QC-time-services: Daemon:time_persistent_memory_opr:Genoff Read operation
02-13 10:49:24.937   727   727 I libperfmgr: PowerHint LAUNCH has 15 actions parsed
02-13 10:49:24.937   727   727 I libperfmgr: PowerHint LOW_POWER_CPU_50 has 2 actions parsed
02-13 10:49:24.937   727   727 I libperfmgr: PowerHint LOW_POWER_CPU_60 has 2 actions parsed
02-13 10:49:24.937   727   727 I libperfmgr: PowerHint LOW_POWER_CPU_70 has 1 actions parsed
02-13 10:49:24.937   727   727 I libperfmgr: PowerHint LOW_POWER_CPU_80 has 1 actions parsed
02-13 10:49:24.937   727   727 I libperfmgr: PowerHint LOW_POWER_CPU_90 has 1 actions parsed
02-13 10:49:24.937   727   727 I libperfmgr: PowerHint LOW_POWER_LITTLE_CLUSTER_50 has 2 actions parsed
02-13 10:49:24.937   727   727 I libperfmgr: PowerHint LOW_POWER_LITTLE_CLUSTER_60 has 2 actions parsed
02-13 10:49:24.937   727   727 I libperfmgr: PowerHint LOW_POWER_LITTLE_CLUSTER_70 has 1 actions parsed
02-13 10:49:24.937   727   727 I libperfmgr: PowerHint LOW_POWER_LITTLE_CLUSTER_80 has 1 actions parsed
02-13 10:49:24.937   727   727 I libperfmgr: PowerHint LOW_POWER_LITTLE_CLUSTER_90 has 1 actions parsed
02-13 10:49:24.937   727   727 I libperfmgr: PowerHint SUSTAINED_PERFORMANCE has 4 actions parsed
02-13 10:49:24.937   727   727 I libperfmgr: PowerHint VR has 9 actions parsed
02-13 10:49:24.937   727   727 I libperfmgr: PowerHint VR_SUSTAINED_PERFORMANCE has 9 actions parsed
02-13 10:49:24.937   727   727 I libperfmgr: Initialized HintManager from JSON config: /vendor/etc/powerhint.json
02-13 10:49:24.938   727   727 I android.hardware.power-service.pixel-libperfmgr: Initialize PowerHAL
02-13 10:49:24.938   727   727 I android.hardware.power-service.pixel-libperfmgr: PowerHAL ready to process hints
02-13 10:49:24.938   641   641 I servicemanager: getDeviceHalManifest: Reading VINTF information.
02-13 10:49:24.939   726   726 D QC-time-services: Daemon:genoff_pre_init::Base = 2
02-13 10:49:24.939   726   726 D QC-time-services: Daemon: Storage Name: ats_2
02-13 10:49:24.939   726   726 D QC-time-services: Daemon:Opening File: /mnt/vendor/persist/time/ats_2 /data/vendor/time/ats_2
02-13 10:49:24.939   726   726 D QC-time-services: Daemon:Open File: /mnt/vendor/persist/time/ats_2
02-13 10:49:24.939   726   726 D QC-time-services: Daemon:time_persistent_memory_opr:Genoff Read operation
02-13 10:49:24.939   690   690 I AdrenoGLES-0: QUALCOMM build                   : 781e7d0, I46ff5fc46f
02-13 10:49:24.939   690   690 I AdrenoGLES-0: Build Date                       : 12/01/20
02-13 10:49:24.939   690   690 I AdrenoGLES-0: OpenGL ES Shader Compiler Version: EV031.31.04.01
02-13 10:49:24.939   690   690 I AdrenoGLES-0: Local Branch                     : QPR1
02-13 10:49:24.939   690   690 I AdrenoGLES-0: Remote Branch                    :
02-13 10:49:24.939   690   690 I AdrenoGLES-0: Remote Branch                    :
02-13 10:49:24.939   690   690 I AdrenoGLES-0: Reconstruct Branch               :
02-13 10:49:24.939   690   690 I AdrenoGLES-0: Build Config                     : C P 11.0.1 AArch64
02-13 10:49:24.939   690   690 I AdrenoGLES-0: Driver Path                      : /vendor/lib64/egl/libGLESv2_adreno.so
02-13 10:49:24.940   672   672 I vold    : Kernel doesn't support FS_IOC_ADD_ENCRYPTION_KEY.  Falling back to session keyring
02-13 10:49:24.940   672   672 D vold    : Added key 24220063 (ext4:176040d8cfa6bb74) to keyring 181486001 in process 672
02-13 10:49:24.940   672   672 D vold    : Added key 325257414 (f2fs:176040d8cfa6bb74) to keyring 181486001 in process 672
02-13 10:49:24.940   672   672 D vold    : Added key 197732578 (fscrypt:176040d8cfa6bb74) to keyring 181486001 in process 672
02-13 10:49:24.941   641   641 I servicemanager: getDeviceHalManifest: Successfully processed VINTF information
02-13 10:49:24.941   641   641 I servicemanager: getFrameworkHalManifest: Reading VINTF information.
02-13 10:49:24.941   641   641 I servicemanager: getFrameworkHalManifest: Successfully processed VINTF information
02-13 10:49:24.941   641   641 I servicemanager: Found android.hardware.power.IPower/default in device VINTF manifest.
02-13 10:49:24.941   727   727 I android.hardware.power-service.pixel-libperfmgr: Pixel Power HAL AIDL Service with Extension is started.
02-13 10:49:24.943   726   726 D QC-time-services: Daemon:genoff_pre_init::Base = 3
02-13 10:49:24.943   726   726 D QC-time-services: Daemon: Storage Name: ats_3
02-13 10:49:24.943   726   726 D QC-time-services: Daemon:Opening File: /mnt/vendor/persist/time/ats_3 /data/vendor/time/ats_3
02-13 10:49:24.943   726   726 D QC-time-services: Daemon:Open File: /mnt/vendor/persist/time/ats_3
02-13 10:49:24.943   726   726 D QC-time-services: Daemon:time_persistent_memory_opr:Genoff Read operation
02-13 10:49:24.943   726   726 E QC-time-services: Daemon:Unable to open filefor read
02-13 10:49:24.943   726   726 D QC-time-services: Daemon:genoff_post_init:Error in accessing storage
02-13 10:49:24.943   726   726 D QC-time-services: Daemon:genoff_pre_init::Base = 4
02-13 10:49:24.943   726   726 D QC-time-services: Daemon: Storage Name: ats_4
02-13 10:49:24.943   726   726 D QC-time-services: Daemon:Opening File: /mnt/vendor/persist/time/ats_4 /data/vendor/time/ats_4
02-13 10:49:24.943   726   726 D QC-time-services: Daemon:Open File: /mnt/vendor/persist/time/ats_4
02-13 10:49:24.943   726   726 D QC-time-services: Daemon:time_persistent_memory_opr:Genoff Read operation
02-13 10:49:24.943   726   726 E QC-time-services: Daemon:Unable to open filefor read
02-13 10:49:24.943   726   726 D QC-time-services: Daemon:genoff_post_init:Error in accessing storage
02-13 10:49:24.944   726   726 D QC-time-services: Daemon:genoff_pre_init::Base = 5
02-13 10:49:24.944   726   726 D QC-time-services: Daemon: Storage Name: ats_5
02-13 10:49:24.944   726   726 D QC-time-services: Daemon:Opening File: /mnt/vendor/persist/time/ats_5 /data/vendor/time/ats_5
02-13 10:49:24.944   726   726 D QC-time-services: Daemon:Open File: /mnt/vendor/persist/time/ats_5
02-13 10:49:24.944   726   726 D QC-time-services: Daemon:time_persistent_memory_opr:Genoff Read operation
02-13 10:49:24.944   726   726 E QC-time-services: Daemon:Unable to open filefor read
02-13 10:49:24.944   726   726 D QC-time-services: Daemon:genoff_post_init:Error in accessing storage
02-13 10:49:24.944   726   726 D QC-time-services: Daemon:genoff_pre_init::Base = 6
02-13 10:49:24.944   726   726 D QC-time-services: Daemon: Storage Name: ats_6
02-13 10:49:24.944   726   726 D QC-time-services: Daemon:Opening File: /mnt/vendor/persist/time/ats_6 /data/vendor/time/ats_6
02-13 10:49:24.944   726   726 D QC-time-services: Daemon:Open File: /mnt/vendor/persist/time/ats_6
02-13 10:49:24.944   726   726 D QC-time-services: Daemon:time_persistent_memory_opr:Genoff Read operation
02-13 10:49:24.944   726   726 E QC-time-services: Daemon:Unable to open filefor read
02-13 10:49:24.944   726   726 D QC-time-services: Daemon:genoff_post_init:Error in accessing storage
02-13 10:49:24.944   726   726 D QC-time-services: Daemon:genoff_pre_init::Base = 7
02-13 10:49:24.944   726   726 D QC-time-services: Daemon: Storage Name: ats_7
02-13 10:49:24.944   726   726 D QC-time-services: Daemon:Opening File: /mnt/vendor/persist/time/ats_7 /data/vendor/time/ats_7
02-13 10:49:24.944   726   726 D QC-time-services: Daemon:Open File: /mnt/vendor/persist/time/ats_7
02-13 10:49:24.944   726   726 D QC-time-services: Daemon:time_persistent_memory_opr:Genoff Read operation
02-13 10:49:24.944   726   726 E QC-time-services: Daemon:Unable to open filefor read
02-13 10:49:24.944   726   726 D QC-time-services: Daemon:genoff_post_init:Error in accessing storage
02-13 10:49:24.944   726   726 D QC-time-services: Daemon:genoff_pre_init::Base = 8
02-13 10:49:24.944   726   726 D QC-time-services: Daemon: Storage Name: ats_8
02-13 10:49:24.944   726   726 D QC-time-services: Daemon:Opening File: /mnt/vendor/persist/time/ats_8 /data/vendor/time/ats_8
02-13 10:49:24.944   726   726 D QC-time-services: Daemon:Open File: /mnt/vendor/persist/time/ats_8
02-13 10:49:24.944   726   726 D QC-time-services: Daemon:time_persistent_memory_opr:Genoff Read operation
02-13 10:49:24.944   726   726 E QC-time-services: Daemon:Unable to open filefor read
02-13 10:49:24.944   726   726 D QC-time-services: Daemon:genoff_post_init:Error in accessing storage
02-13 10:49:24.944   726   726 D QC-time-services: Daemon:genoff_pre_init::Base = 9
02-13 10:49:24.944   726   726 D QC-time-services: Daemon: Storage Name: ats_9
02-13 10:49:24.944   726   726 D QC-time-services: Daemon:Opening File: /mnt/vendor/persist/time/ats_9 /data/vendor/time/ats_9
02-13 10:49:24.944   726   726 D QC-time-services: Daemon:Open File: /mnt/vendor/persist/time/ats_9
02-13 10:49:24.944   726   726 D QC-time-services: Daemon:time_persistent_memory_opr:Genoff Read operation
02-13 10:49:24.944   726   726 E QC-time-services: Daemon:Unable to open filefor read
02-13 10:49:24.944   726   726 D QC-time-services: Daemon:genoff_post_init:Error in accessing storage
02-13 10:49:24.944   726   726 D QC-time-services: Daemon:genoff_pre_init::Base = 10
02-13 10:49:24.944   726   726 D QC-time-services: Daemon: Storage Name: ats_10
02-13 10:49:24.944   726   726 D QC-time-services: Daemon:Opening File: /mnt/vendor/persist/time/ats_10 /data/vendor/time/ats_10
02-13 10:49:24.944   726   726 D QC-time-services: Daemon:Open File: /mnt/vendor/persist/time/ats_10
02-13 10:49:24.944   726   726 D QC-time-services: Daemon:time_persistent_memory_opr:Genoff Read operation
02-13 10:49:24.944   726   726 E QC-time-services: Daemon:Unable to open filefor read
02-13 10:49:24.944   726   726 D QC-time-services: Daemon:genoff_post_init:Error in accessing storage
02-13 10:49:24.944   726   726 D QC-time-services: Daemon:genoff_pre_init::Base = 11
02-13 10:49:24.944   726   726 D QC-time-services: Daemon: Storage Name: ats_11
02-13 10:49:24.944   726   726 D QC-time-services: Daemon:Opening File: /mnt/vendor/persist/time/ats_11 /data/vendor/time/ats_11
02-13 10:49:24.944   726   726 D QC-time-services: Daemon:Open File: /mnt/vendor/persist/time/ats_11
02-13 10:49:24.944   726   726 D QC-time-services: Daemon:time_persistent_memory_opr:Genoff Read operation
02-13 10:49:24.944   726   726 E QC-time-services: Daemon:Unable to open filefor read
02-13 10:49:24.944   726   726 D QC-time-services: Daemon:genoff_post_init:Error in accessing storage
02-13 10:49:24.944   726   726 D QC-time-services: Daemon:genoff_pre_init::Base = 12
02-13 10:49:24.944   726   726 D QC-time-services: Daemon: Storage Name: ats_12
02-13 10:49:24.944   726   726 D QC-time-services: Daemon:Opening File: /mnt/vendor/persist/time/ats_12 /data/vendor/time/ats_12
02-13 10:49:24.944   726   726 D QC-time-services: Daemon:Open File: /mnt/vendor/persist/time/ats_12
02-13 10:49:24.944   726   726 D QC-time-services: Daemon:time_persistent_memory_opr:Genoff Read operation
02-13 10:49:24.944   726   726 D QC-time-services: Daemon:genoff_pre_init::Base = 13
02-13 10:49:24.944   726   726 D QC-time-services: Daemon: Storage Name: ats_13
02-13 10:49:24.944   726   726 D QC-time-services: Daemon:Opening File: /mnt/vendor/persist/time/ats_13 /data/vendor/time/ats_13
02-13 10:49:24.944   726   726 D QC-time-services: Daemon:Open File: /mnt/vendor/persist/time/ats_13
02-13 10:49:24.944   726   726 D QC-time-services: Daemon:time_persistent_memory_opr:Genoff Read operation
02-13 10:49:24.945   733   733 I ueventd : firmware: loading 'slpi.mdt' for '/devices/platform/soc/5c00000.qcom,ssc/firmware/slpi.mdt'
02-13 10:49:24.945   726   726 D QC-time-services: Daemon:genoff_pre_init::Base = 14
02-13 10:49:24.945   726   726 D QC-time-services: Daemon: Storage Name: ats_14
02-13 10:49:24.945   726   726 D QC-time-services: Daemon:Opening File: /mnt/vendor/persist/time/ats_14 /data/vendor/time/ats_14
02-13 10:49:24.945   726   726 D QC-time-services: Daemon:Open File: /mnt/vendor/persist/time/ats_14
02-13 10:49:24.945   726   726 D QC-time-services: Daemon:time_persistent_memory_opr:Genoff Read operation
02-13 10:49:24.945   726   726 E QC-time-services: Daemon:Unable to open filefor read
02-13 10:49:24.945   726   726 D QC-time-services: Daemon:genoff_post_init:Error in accessing storage
02-13 10:49:24.945   726   726 D QC-time-services: Daemon:genoff_pre_init::Base = 15
02-13 10:49:24.945   726   726 D QC-time-services: Daemon: Storage Name: ats_15
02-13 10:49:24.945   726   726 D QC-time-services: Daemon:Opening File: /mnt/vendor/persist/time/ats_15 /data/vendor/time/ats_15
02-13 10:49:24.945   726   726 D QC-time-services: Daemon:Open File: /mnt/vendor/persist/time/ats_15
02-13 10:49:24.945   726   726 D QC-time-services: Daemon:time_persistent_memory_opr:Genoff Read operation
02-13 10:49:24.945   726   726 D QC-time-services: Daemon:genoff_pre_init::Base = 16
02-13 10:49:24.945   726   726 D QC-time-services: Daemon: Storage Name: ats_16
02-13 10:49:24.945   726   726 D QC-time-services: Daemon:Opening File: /mnt/vendor/persist/time/ats_16 /data/vendor/time/ats_16
02-13 10:49:24.945   726   726 D QC-time-services: Daemon:Open File: /mnt/vendor/persist/time/ats_16
02-13 10:49:24.945   672   672 I vold    : Wrote system DE key reference to:/data/unencrypted/ref
02-13 10:49:24.945   726   726 D QC-time-services: Daemon:time_persistent_memory_opr:Genoff Read operation
02-13 10:49:24.945   672   672 D vold    : Added key 45378601 (ext4:92e0e88ed240d889) to keyring 181486001 in process 672
02-13 10:49:24.945   672   672 D vold    : Added key 691360234 (f2fs:92e0e88ed240d889) to keyring 181486001 in process 672
02-13 10:49:24.945   672   672 D vold    : Added key 304361723 (fscrypt:92e0e88ed240d889) to keyring 181486001 in process 672
02-13 10:49:24.945   726   726 D QC-time-services: Daemon:genoff_init_config: Other bases initilized, exiting genoff_init
02-13 10:49:24.945   726   726 D QC-time-services: Daemon:rtc_get: Time read from RTC -- MM/DD/YY HH:MM:SS1/13/70 2:49:25
02-13 10:49:24.945   726   726 D QC-time-services: Daemon rtc_get: seconds = 3725365
02-13 10:49:24.945   726   726 D QC-time-services: Daemon:Value read from RTC mseconds = 3725365000
02-13 10:49:24.945   726   726 D QC-time-services: Daemon:Value read from QTimer mseconds = 14611
02-13 10:49:24.946   726   726 D QC-time-services: Daemon:genoff_opr: Base = 1, val = 0, operation = 1
02-13 10:49:24.946   726   726 D QC-time-services: Daemon: genoff get for 1
02-13 10:49:24.946   726   726 D QC-time-services: Daemon:Value read from QTimer mseconds = 14611
02-13 10:49:24.946   726   726 D QC-time-services: Daemon:Value read from RTC mseconds on boot = 3725365000
02-13 10:49:24.946   726   726 D QC-time-services: Daemon:Value read from QTimer mseconds = 14611
02-13 10:49:24.946   726   726 D QC-time-services: Daemon:Value read from generic offset = 0
02-13 10:49:24.946   726   726 D QC-time-services: Daemon:Delta read on boot mseconds = 3725350389
02-13 10:49:24.946   726   726 D QC-time-services: Daemon:Final Time = 3725365000
02-13 10:49:24.946   726   726 D QC-time-services: Daemon:genoff_boot_tod_init: Updating system time to sec=3725365, usec=0
02-13 10:49:24.946   733   733 I ueventd : loading /devices/platform/soc/5c00000.qcom,ssc/firmware/slpi.mdt took 2ms
02-13 10:49:24.947   444   444 I subsys-pil-tz 5c00000.qcom,ssc: slpi: loading from 0x0000000098700000 to 0x0000000099b00000
02-13 10:49:24.947   690   690 I fscrypt : AES-256-CTS-CBC using implementation "cts(cbc-aes-ce)"
02-13 10:49:24.948     1     1 I init    : Service 'exec 5 (/system/bin/vdc --wait cryptfs enablefilecrypto)' (pid 729) exited with status 0 waiting took 0.047000 seconds
02-13 10:49:24.948     1     1 I init    : Sending signal 9 to service 'exec 5 (/system/bin/vdc --wait cryptfs enablefilecrypto)' (pid 729) process group...
02-13 10:49:24.948     1     1 I libprocessgroup: Successfully killed process cgroup uid 0 pid 729 in 0ms
02-13 10:49:24.949     1     1 I init    : Verified that /data/bootchart has the encryption policy 176040d8cfa6bb74 v1 modes 127/4 flags 0x0
02-13 10:49:24.949     1     1 I init    : Switched to default mount namespace
02-13 10:49:24.949     1     1 I init    : Not setting encryption policy on: /data/apex
02-13 10:49:24.949   748   748 I ueventd : firmware: loading 'a630_sqe.fw' for '/devices/platform/soc/5000000.qcom,kgsl-3d0/kgsl/kgsl-3d0/a630_sqe.fw'
02-13 10:49:24.950   748   748 I ueventd : loading /devices/platform/soc/5000000.qcom,kgsl-3d0/kgsl/kgsl-3d0/a630_sqe.fw took 1ms
02-13 10:49:24.952     1     1 I init    : Not setting encryption policy on: /data/app-staging
02-13 10:49:24.952     1     1 I init    : starting service 'apexd'...
02-13 10:49:24.952   749   749 I ueventd : firmware: loading 'a630_gmu.bin' for '/devices/platform/soc/5000000.qcom,kgsl-3d0/kgsl/kgsl-3d0/a630_gmu.bin'
02-13 10:49:24.953   749   749 I ueventd : loading /devices/platform/soc/5000000.qcom,kgsl-3d0/kgsl/kgsl-3d0/a630_gmu.bin took 1ms
02-13 10:49:24.985     1     1 I init    : Verified that /data/misc has the encryption policy 176040d8cfa6bb74 v1 modes 127/4 flags 0x0
02-13 10:49:24.986   750   750 I apexd   : Scanning /system/apex for preinstalled data
02-13 10:49:24.987   754   754 I ueventd : firmware: loading 'slpi.b02' for '/devices/platform/soc/5c00000.qcom,ssc/firmware/slpi.b02'
02-13 10:49:24.988   750   750 I apexd   : Scanning /system_ext/apex for preinstalled data
02-13 10:49:24.988   750   750 I apexd   : ... does not exist. Skipping
02-13 10:49:24.988   750   750 I apexd   : Scanning /product/apex for preinstalled data
02-13 10:49:24.988   750   750 I apexd   : ... does not exist. Skipping
02-13 10:49:24.988   750   750 I apexd   : Scanning /vendor/apex for preinstalled data
02-13 10:49:24.988   750   750 I apexd   : Populating APEX database from mounts...
02-13 10:49:24.989   750   750 I apexd   : 0 packages restored.
02-13 10:49:24.989   750   750 I apexd   : Marking APEXd as starting
02-13 10:49:24.990   750   750 I apexd   : Scanning /metadata/apex/sessions looking for sessions to be activated.
02-13 10:49:24.991   750   750 I apexd   : Scanning /data/apex/active looking for APEX packages.
02-13 10:49:24.991   750   750 I apexd   : Activated 0 packages. Skipped: 0
02-13 10:49:24.991   750   750 I apexd   : Scanning /system/apex looking for APEX packages.
02-13 10:49:24.991   750   750 I apexd   : Found /system/apex/com.android.adbd.apex
02-13 10:49:24.991   754   754 I ueventd : loading /devices/platform/soc/5c00000.qcom,ssc/firmware/slpi.b02 took 4ms
02-13 10:49:24.991   750   750 I apexd   : Found /system/apex/com.android.ipsec.apex
02-13 10:49:24.992   750   750 I apexd   : Found /system/apex/com.android.art.debug.apex
02-13 10:49:24.992   750   750 I apexd   : Found /system/apex/com.android.extservices.apex
02-13 10:49:24.992   750   750 I apexd   : Found /system/apex/com.android.tzdata.apex
02-13 10:49:24.993   750   750 I apexd   : Found /system/apex/com.android.sdkext.apex
02-13 10:49:24.993   750   750 I apexd   : Found /system/apex/com.android.cellbroadcast.apex
02-13 10:49:24.993   750   750 I apexd   : Found /system/apex/com.android.i18n.apex
02-13 10:49:24.993   755   755 I ueventd : firmware: loading 'slpi.b03' for '/devices/platform/soc/5c00000.qcom,ssc/firmware/slpi.b03'
02-13 10:49:24.994   750   750 I apexd   : Found /system/apex/com.android.conscrypt.apex
02-13 10:49:24.994   750   750 I apexd   : Found /system/apex/com.android.apex.cts.shim.apex
02-13 10:49:24.995   750   750 I apexd   : Found /system/apex/com.android.resolv.apex
02-13 10:49:24.995   750   750 I apexd   : Found /system/apex/com.android.tethering.apex
02-13 10:49:24.995   660   660 E wlan    : Loading driver v6.0.0.0A ( +PANIC_ON_BUG)
02-13 10:49:24.996   755   755 I ueventd : loading /devices/platform/soc/5c00000.qcom,ssc/firmware/slpi.b03 took 2ms
02-13 10:49:24.996   660   660 W         : CHRDEV "qcwlanstate" major number 224 goes below the dynamic allocation range
02-13 10:49:24.996   660   660 I         : wlan_hdd_state wlan major(224) initialized
02-13 10:49:24.996   660   660 I wlan    : driver loaded
02-13 10:49:24.997   759   759 I ueventd : firmware: loading 'slpi.b04' for '/devices/platform/soc/5c00000.qcom,ssc/firmware/slpi.b04'
02-13 10:49:24.999   750   750 I apexd   : Found /system/apex/com.android.media.apex
02-13 10:49:24.999   750   750 I apexd   : Found /system/apex/com.android.neuralnetworks.apex
02-13 10:49:24.999   750   750 I apexd   : Found /system/apex/com.android.mediaprovider.apex
02-13 10:49:24.999   750   750 I apexd   : Found /system/apex/com.android.wifi.apex
02-13 10:49:24.999   750   750 I apexd   : Found /system/apex/com.android.os.statsd.apex
02-13 10:49:24.999   750   750 I apexd   : Found /system/apex/com.android.media.swcodec.apex
02-13 10:49:25.000   750   750 I apexd   : Found /system/apex/com.android.permission.apex
02-13 10:49:25.000   750   750 I apexd   : Found /system/apex/com.android.runtime.apex
02-13 10:49:25.000   750   750 D apexd   : Creating mount point: /apex/com.android.adbd@300000000
02-13 10:49:25.000   726   726 D QC-time-services: Daemon: Time-services: boot property set done
02-13 10:49:25.000   672   672 I vold    : Wrote per boot key reference to:/data/unencrypted/per_boot_ref
02-13 10:49:25.000   726   726 D QC-time-services: Daemon:genoff_modem_qmi_init: Initializing QMI
02-13 10:49:25.001   763   763 I ueventd : firmware: loading 'a630_zap.mdt' for '/devices/platform/soc/soc:qcom,kgsl-hyp/firmware/a630_zap.mdt'
02-13 10:49:25.001   726   726 E QMI_FW  : QMUXD: WARNING qmi_qmux_if_pwr_up_init failed! rc=-6
02-13 10:49:25.001   759   759 I ueventd : loading /devices/platform/soc/5c00000.qcom,ssc/firmware/slpi.b04 took 3ms
02-13 10:49:25.002   763   763 I ueventd : loading /devices/platform/soc/soc:qcom,kgsl-hyp/firmware/a630_zap.mdt took 1ms
02-13 10:49:25.002   690   690 I subsys-pil-tz soc: qcom,kgsl-hyp: a630_zap: loading from 0x000000008c415000 to 0x000000008c416000
02-13 10:49:25.003   750   750 D apexd   : Loopback device created: /dev/block/loop6
02-13 10:49:25.003   750   750 D apexd   : AVB footer verification successful.
02-13 10:49:25.003   764   764 I ueventd : firmware: loading 'slpi.b05' for '/devices/platform/soc/5c00000.qcom,ssc/firmware/slpi.b05'
02-13 10:49:25.006   726   747 D QC-time-services: Daemon: Time-services: All initializations done
02-13 10:49:25.006   726   747 E QC-time-services: Daemon: Time-services: Waiting to acceptconnection
02-13 10:49:25.006   750   750 D apexd   : /system/apex/com.android.adbd.apex: public key matches.
02-13 10:49:25.009   736   736 I log     : SLPI boot started.
02-13 10:49:25.016     1     1 I init    : Service 'devstart_sh' (pid 689) exited with status 0 oneshot service took 0.363000 seconds in background
02-13 10:49:25.016     1     1 I init    : Sending signal 9 to service 'devstart_sh' (pid 689) process group...
02-13 10:49:25.017     1     1 I libprocessgroup: Successfully killed process cgroup uid 0 pid 689 in 0ms
02-13 10:49:25.018   764   764 I ueventd : loading /devices/platform/soc/5c00000.qcom,ssc/firmware/slpi.b05 took 14ms
02-13 10:49:25.019   750   750 I EXT4-fs (loop6): mounted filesystem without journal. Opts: (null)
02-13 10:49:25.019   750   750 I apexd   : Successfully mounted package /system/apex/com.android.adbd.apex on /apex/com.android.adbd@300000000
02-13 10:49:25.020   750   750 D apexd   : Creating bind-mount for /apex/com.android.adbd for /apex/com.android.adbd@300000000
02-13 10:49:25.020   750   750 D apexd   : Creating mountpoint /apex/com.android.adbd
02-13 10:49:25.020   750   750 D apexd   : Bind-mounting /apex/com.android.adbd@300000000 to /apex/com.android.adbd
02-13 10:49:25.020   750   750 D apexd   : Successfully activated /system/apex/com.android.adbd.apex package_name: com.android.adbd version: 300000000
02-13 10:49:25.020   750   750 D apexd   : Creating mount point: /apex/com.android.ipsec@300000000
02-13 10:49:25.020     1     1 I init    : Verified that /data/local has the encryption policy 176040d8cfa6bb74 v1 modes 127/4 flags 0x0
02-13 10:49:25.025     1     1 I init    : Not setting encryption policy on: /data/preloads
02-13 10:49:25.025     1     1 I init    : Verified that /data/vendor has the encryption policy 176040d8cfa6bb74 v1 modes 127/4 flags 0x0
02-13 10:49:25.025     1     1 I init    : Not setting encryption policy on: /data/vendor_ce
02-13 10:49:25.025     1     1 I init    : Not setting encryption policy on: /data/vendor_de
02-13 10:49:25.027   750   750 D apexd   : Loopback device created: /dev/block/loop7
02-13 10:49:25.027   750   750 D apexd   : AVB footer verification successful.
02-13 10:49:25.027     1     1 I init    : Not setting encryption policy on: /data/data
02-13 10:49:25.027     1     1 I init    : Verified that /data/app-private has the encryption policy 176040d8cfa6bb74 v1 modes 127/4 flags 0x0
02-13 10:49:25.027     1     1 I init    : Verified that /data/app-ephemeral has the encryption policy 176040d8cfa6bb74 v1 modes 127/4 flags 0x0
02-13 10:49:25.028   750   750 D apexd   : /system/apex/com.android.ipsec.apex: public key matches.
02-13 10:49:25.028     1     1 I init    : Verified that /data/app-asec has the encryption policy 176040d8cfa6bb74 v1 modes 127/4 flags 0x0
02-13 10:49:25.028     1     1 I init    : Verified that /data/app-lib has the encryption policy 176040d8cfa6bb74 v1 modes 127/4 flags 0x0
02-13 10:49:25.028     1     1 I init    : Verified that /data/app has the encryption policy 176040d8cfa6bb74 v1 modes 127/4 flags 0x0
02-13 10:49:25.029     1     1 I init    : Verified that /data/property has the encryption policy 176040d8cfa6bb74 v1 modes 127/4 flags 0x0
02-13 10:49:25.029   750   750 I EXT4-fs (loop7): mounted filesystem without journal. Opts: (null)
02-13 10:49:25.029   750   750 I apexd   : Successfully mounted package /system/apex/com.android.ipsec.apex on /apex/com.android.ipsec@300000000
02-13 10:49:25.029     1     1 I init    : Verified that /data/tombstones has the encryption policy 176040d8cfa6bb74 v1 modes 127/4 flags 0x0
02-13 10:49:25.029   750   750 D apexd   : Creating bind-mount for /apex/com.android.ipsec for /apex/com.android.ipsec@300000000
02-13 10:49:25.029   750   750 D apexd   : Creating mountpoint /apex/com.android.ipsec
02-13 10:49:25.029   750   750 D apexd   : Bind-mounting /apex/com.android.ipsec@300000000 to /apex/com.android.ipsec
02-13 10:49:25.029   750   750 D apexd   : Successfully activated /system/apex/com.android.ipsec.apex package_name: com.android.ipsec version: 300000000
02-13 10:49:25.029   750   750 D apexd   : Creating mount point: /apex/com.android.art@1
02-13 10:49:25.029     1     1 I init    : Verified that /data/dalvik-cache has the encryption policy 176040d8cfa6bb74 v1 modes 127/4 flags 0x0
02-13 10:49:25.030     1     1 I init    : Verified that /data/ota has the encryption policy 176040d8cfa6bb74 v1 modes 127/4 flags 0x0
02-13 10:49:25.030     1     1 I init    : Verified that /data/ota_package has the encryption policy 176040d8cfa6bb74 v1 modes 127/4 flags 0x0
02-13 10:49:25.030   750   750 D apexd   : Loopback device created: /dev/block/loop8
02-13 10:49:25.030   750   750 D apexd   : AVB footer verification successful.
02-13 10:49:25.030     1     1 I init    : Verified that /data/resource-cache has the encryption policy 176040d8cfa6bb74 v1 modes 127/4 flags 0x0
02-13 10:49:25.030     1     1 I init    : Not setting encryption policy on: /data/lost+found
02-13 10:49:25.031     1     1 I init    : Verified that /data/drm has the encryption policy 176040d8cfa6bb74 v1 modes 127/4 flags 0x0
02-13 10:49:25.031     1     1 I init    : Verified that /data/mediadrm has the encryption policy 176040d8cfa6bb74 v1 modes 127/4 flags 0x0
02-13 10:49:25.031   750   750 D apexd   : /system/apex/com.android.art.debug.apex: public key matches.
02-13 10:49:25.031     1     1 I init    : Verified that /data/anr has the encryption policy 176040d8cfa6bb74 v1 modes 127/4 flags 0x0
02-13 10:49:25.032     1     1 I init    : Verified that /data/nfc has the encryption policy 176040d8cfa6bb74 v1 modes 127/4 flags 0x0
02-13 10:49:25.032     1     1 I init    : Verified that /data/backup has the encryption policy 176040d8cfa6bb74 v1 modes 127/4 flags 0x0
02-13 10:49:25.032     1     1 I init    : Verified that /data/ss has the encryption policy 176040d8cfa6bb74 v1 modes 127/4 flags 0x0
02-13 10:49:25.032     1     1 I init    : Verified that /data/system has the encryption policy 176040d8cfa6bb74 v1 modes 127/4 flags 0x0
02-13 10:49:25.033     1     1 I init    : Not setting encryption policy on: /data/system_de
02-13 10:49:25.033     1     1 I init    : Not setting encryption policy on: /data/system_ce
02-13 10:49:25.033   750   750 I EXT4-fs (loop8): mounted filesystem without journal. Opts: (null)
02-13 10:49:25.033   750   750 I apexd   : Successfully mounted package /system/apex/com.android.art.debug.apex on /apex/com.android.art@1
02-13 10:49:25.033     1     1 I init    : Not setting encryption policy on: /data/misc_de
02-13 10:49:25.034     1     1 I init    : Not setting encryption policy on: /data/misc_ce
02-13 10:49:25.034   750   750 D apexd   : Creating bind-mount for /apex/com.android.art for /apex/com.android.art@1
02-13 10:49:25.034   750   750 D apexd   : Bind-mounting /apex/com.android.art@1 to /apex/com.android.art
02-13 10:49:25.034   750   750 D apexd   : Successfully activated /system/apex/com.android.art.debug.apex package_name: com.android.art version: 1
02-13 10:49:25.034   750   750 D apexd   : Creating mount point: /apex/com.android.extservices@300000000
02-13 10:49:25.034     1     1 I init    : Not setting encryption policy on: /data/user
02-13 10:49:25.034     1     1 I init    : Not setting encryption policy on: /data/user_de
02-13 10:49:25.035   750   750 D apexd   : Loopback device created: /dev/block/loop9
02-13 10:49:25.035   750   750 D apexd   : AVB footer verification successful.
02-13 10:49:25.035     1     1 I init    : Command 'rm /data/user/0' action=post-fs-data (/system/etc/init/hw/init.rc:706) took 0ms and failed: unlink() failed: Is a directory
02-13 10:49:25.035   774   774 I ueventd : firmware: loading 'a630_zap.b02' for '/devices/platform/soc/soc:qcom,kgsl-hyp/firmware/a630_zap.b02'
02-13 10:49:25.035   278   278 I of_batterydata_get_best_profile: c1-10k found
02-13 10:49:25.035   278   278 E FG      : fg_get_batt_profile: battery fastchg current unavailable, rc:-22
02-13 10:49:25.036   750   750 D apexd   : /system/apex/com.android.extservices.apex: public key matches.
02-13 10:49:25.036   774   774 I ueventd : loading /devices/platform/soc/soc:qcom,kgsl-hyp/firmware/a630_zap.b02 took 0ms
02-13 10:49:25.037   690   690 I subsys-pil-tz soc: qcom,kgsl-hyp: a630_zap: Brought out of reset
02-13 10:49:25.037   750   750 I EXT4-fs (loop9): mounted filesystem without journal. Opts: (null)
02-13 10:49:25.037   750   750 I apexd   : Successfully mounted package /system/apex/com.android.extservices.apex on /apex/com.android.extservices@300000000
02-13 10:49:25.038   750   750 D apexd   : Creating bind-mount for /apex/com.android.extservices for /apex/com.android.extservices@300000000
02-13 10:49:25.038   750   750 D apexd   : Creating mountpoint /apex/com.android.extservices
02-13 10:49:25.038   750   750 D apexd   : Bind-mounting /apex/com.android.extservices@300000000 to /apex/com.android.extservices
02-13 10:49:25.038   750   750 D apexd   : Successfully activated /system/apex/com.android.extservices.apex package_name: com.android.extservices version: 300000000
02-13 10:49:25.038   750   750 D apexd   : Creating mount point: /apex/com.android.tzdata@300000000
02-13 10:49:25.038   750   750 D apexd   : Loopback device created: /dev/block/loop10
02-13 10:49:25.038   750   750 D apexd   : AVB footer verification successful.
02-13 10:49:25.040   750   750 D apexd   : /system/apex/com.android.tzdata.apex: public key matches.
02-13 10:49:25.041   779   779 I ueventd : firmware: loading 'slpi.b06' for '/devices/platform/soc/5c00000.qcom,ssc/firmware/slpi.b06'
02-13 10:49:25.042   779   779 I ueventd : loading /devices/platform/soc/5c00000.qcom,ssc/firmware/slpi.b06 took 1ms
02-13 10:49:25.043     1     1 I init    : Verified that /data/cache has the encryption policy 176040d8cfa6bb74 v1 modes 127/4 flags 0x0
02-13 10:49:25.043   750   750 I EXT4-fs (loop10): mounted filesystem without journal. Opts: (null)
02-13 10:49:25.043   750   750 I apexd   : Successfully mounted package /system/apex/com.android.tzdata.apex on /apex/com.android.tzdata@300000000
02-13 10:49:25.044   750   750 D apexd   : Creating bind-mount for /apex/com.android.tzdata for /apex/com.android.tzdata@300000000
02-13 10:49:25.044   750   750 D apexd   : Bind-mounting /apex/com.android.tzdata@300000000 to /apex/com.android.tzdata
02-13 10:49:25.044   750   750 D apexd   : Successfully activated /system/apex/com.android.tzdata.apex package_name: com.android.tzdata version: 300000000
02-13 10:49:25.044   750   750 D apexd   : Creating mount point: /apex/com.android.sdkext@300000000
02-13 10:49:25.045   750   750 D apexd   : Loopback device created: /dev/block/loop11
