02-13 10:49:25.045   782   782 I ueventd : firmware: loading 'slpi.b07' for '/devices/platform/soc/5c00000.qcom,ssc/firmware/slpi.b07'
02-13 10:49:25.045   750   750 D apexd   : AVB footer verification successful.
02-13 10:49:25.045     1     1 I init    : Verified that /data/rollback has the encryption policy 176040d8cfa6bb74 v1 modes 127/4 flags 0x0
02-13 10:49:25.046   750   750 D apexd   : /system/apex/com.android.sdkext.apex: public key matches.
02-13 10:49:25.046     1     1 I init    : Verified that /data/rollback-observer has the encryption policy 176040d8cfa6bb74 v1 modes 127/4 flags 0x0
02-13 10:49:25.046   782   782 I ueventd : loading /devices/platform/soc/5c00000.qcom,ssc/firmware/slpi.b07 took 1ms
02-13 10:49:25.046     1     1 I init    : Verified that /data/incremental has the encryption policy 176040d8cfa6bb74 v1 modes 127/4 flags 0x0
02-13 10:49:25.047   784   784 I ueventd : firmware: loading 'slpi.b08' for '/devices/platform/soc/5c00000.qcom,ssc/firmware/slpi.b08'
02-13 10:49:25.048   750   750 I EXT4-fs (loop11): mounted filesystem without journal. Opts: (null)
02-13 10:49:25.048   750   750 I apexd   : Successfully mounted package /system/apex/com.android.sdkext.apex on /apex/com.android.sdkext@300000000
02-13 10:49:25.049   750   750 D apexd   : Creating bind-mount for /apex/com.android.sdkext for /apex/com.android.sdkext@300000000
02-13 10:49:25.049   750   750 D apexd   : Creating mountpoint /apex/com.android.sdkext
02-13 10:49:25.049   750   750 D apexd   : Bind-mounting /apex/com.android.sdkext@300000000 to /apex/com.android.sdkext
02-13 10:49:25.049   750   750 D apexd   : Successfully activated /system/apex/com.android.sdkext.apex package_name: com.android.sdkext version: 300000000
02-13 10:49:25.049   750   750 D apexd   : Creating mount point: /apex/com.android.cellbroadcast@300000000
02-13 10:49:25.049   784   784 I ueventd : loading /devices/platform/soc/5c00000.qcom,ssc/firmware/slpi.b08 took 1ms
02-13 10:49:25.050   750   750 D apexd   : Loopback device created: /dev/block/loop12
02-13 10:49:25.050   750   750 D apexd   : AVB footer verification successful.
02-13 10:49:25.051   786   786 I ueventd : firmware: loading 'slpi.b09' for '/devices/platform/soc/5c00000.qcom,ssc/firmware/slpi.b09'
02-13 10:49:25.051   750   750 D apexd   : /system/apex/com.android.cellbroadcast.apex: public key matches.
02-13 10:49:25.051   786   786 I ueventd : loading /devices/platform/soc/5c00000.qcom,ssc/firmware/slpi.b09 took 0ms
02-13 10:49:25.052   750   750 I EXT4-fs (loop12): mounted filesystem without journal. Opts: (null)
02-13 10:49:25.052   750   750 I apexd   : Successfully mounted package /system/apex/com.android.cellbroadcast.apex on /apex/com.android.cellbroadcast@300000000
02-13 10:49:25.053   788   788 I ueventd : firmware: loading 'slpi.b10' for '/devices/platform/soc/5c00000.qcom,ssc/firmware/slpi.b10'
02-13 10:49:25.053   750   750 D apexd   : Creating bind-mount for /apex/com.android.cellbroadcast for /apex/com.android.cellbroadcast@300000000
02-13 10:49:25.053   750   750 D apexd   : Creating mountpoint /apex/com.android.cellbroadcast
02-13 10:49:25.053   750   750 D apexd   : Bind-mounting /apex/com.android.cellbroadcast@300000000 to /apex/com.android.cellbroadcast
02-13 10:49:25.053   750   750 D apexd   : Successfully activated /system/apex/com.android.cellbroadcast.apex package_name: com.android.cellbroadcast version: 300000000
02-13 10:49:25.053   750   750 D apexd   : Creating mount point: /apex/com.android.i18n@1
02-13 10:49:25.053   788   788 I ueventd : loading /devices/platform/soc/5c00000.qcom,ssc/firmware/slpi.b10 took 0ms
02-13 10:49:25.054   750   750 D apexd   : Loopback device created: /dev/block/loop13
02-13 10:49:25.054   750   750 D apexd   : AVB footer verification successful.
02-13 10:49:25.054   775   775 W         : CHRDEV "wcd-dsp-glink" major number 223 goes below the dynamic allocation range
02-13 10:49:25.054   672   681 D vold    : Disk at 7:48 changed
02-13 10:49:25.055   750   750 D apexd   : /system/apex/com.android.i18n.apex: public key matches.
02-13 10:49:25.056   750   750 I EXT4-fs (loop13): mounted filesystem without journal. Opts: (null)
02-13 10:49:25.056   750   750 I apexd   : Successfully mounted package /system/apex/com.android.i18n.apex on /apex/com.android.i18n@1
02-13 10:49:25.056   750   750 D apexd   : Creating bind-mount for /apex/com.android.i18n for /apex/com.android.i18n@1
02-13 10:49:25.056   750   750 D apexd   : Bind-mounting /apex/com.android.i18n@1 to /apex/com.android.i18n
02-13 10:49:25.056   750   750 D apexd   : Successfully activated /system/apex/com.android.i18n.apex package_name: com.android.i18n version: 1
02-13 10:49:25.056   750   750 D apexd   : Creating mount point: /apex/com.android.conscrypt@300000000
02-13 10:49:25.057   797   797 I ueventd : firmware: loading 'slpi.b11' for '/devices/platform/soc/5c00000.qcom,ssc/firmware/slpi.b11'
02-13 10:49:25.057   750   750 D apexd   : Loopback device created: /dev/block/loop14
02-13 10:49:25.057   750   750 D apexd   : AVB footer verification successful.
02-13 10:49:25.058   797   797 I ueventd : loading /devices/platform/soc/5c00000.qcom,ssc/firmware/slpi.b11 took 1ms
02-13 10:49:25.058   750   750 D apexd   : /system/apex/com.android.conscrypt.apex: public key matches.
02-13 10:49:25.059   802   802 I ueventd : firmware: loading 'slpi.b12' for '/devices/platform/soc/5c00000.qcom,ssc/firmware/slpi.b12'
02-13 10:49:25.060   802   802 I ueventd : loading /devices/platform/soc/5c00000.qcom,ssc/firmware/slpi.b12 took 0ms
02-13 10:49:25.060   750   750 I EXT4-fs (loop14): mounted filesystem without journal. Opts: (null)
02-13 10:49:25.060   750   750 I apexd   : Successfully mounted package /system/apex/com.android.conscrypt.apex on /apex/com.android.conscrypt@300000000
02-13 10:49:25.061   803   803 I ueventd : firmware: loading 'slpi.b13' for '/devices/platform/soc/5c00000.qcom,ssc/firmware/slpi.b13'
02-13 10:49:25.061   750   750 D apexd   : Creating bind-mount for /apex/com.android.conscrypt for /apex/com.android.conscrypt@300000000
02-13 10:49:25.061   750   750 D apexd   : Creating mountpoint /apex/com.android.conscrypt
02-13 10:49:25.061   750   750 D apexd   : Bind-mounting /apex/com.android.conscrypt@300000000 to /apex/com.android.conscrypt
02-13 10:49:25.061   750   750 D apexd   : Successfully activated /system/apex/com.android.conscrypt.apex package_name: com.android.conscrypt version: 300000000
02-13 10:49:25.061   750   750 D apexd   : Creating mount point: /apex/com.android.apex.cts.shim@1
02-13 10:49:25.061   803   803 I ueventd : loading /devices/platform/soc/5c00000.qcom,ssc/firmware/slpi.b13 took 0ms
02-13 10:49:25.062   750   750 D apexd   : Loopback device created: /dev/block/loop15
02-13 10:49:25.062   750   750 D apexd   : AVB footer verification successful.
02-13 10:49:25.063   750   750 D apexd   : /system/apex/com.android.apex.cts.shim.apex: public key matches.
02-13 10:49:25.063   805   805 I ueventd : firmware: loading 'slpi.b14' for '/devices/platform/soc/5c00000.qcom,ssc/firmware/slpi.b14'
02-13 10:49:25.064   750   750 I EXT4-fs (loop15): mounted filesystem without journal. Opts: (null)
02-13 10:49:25.064   750   750 I apexd   : Successfully mounted package /system/apex/com.android.apex.cts.shim.apex on /apex/com.android.apex.cts.shim@1
02-13 10:49:25.066   750   750 D apexd   : Validating shim apex /apex/com.android.apex.cts.shim@1
02-13 10:49:25.067   691   691 I ServiceManager: Waiting for service 'SurfaceFlinger' on '/dev/binder'...
02-13 10:49:25.067   805   805 I ueventd : loading /devices/platform/soc/5c00000.qcom,ssc/firmware/slpi.b14 took 4ms
02-13 10:49:25.068   750   750 D apexd   : Creating bind-mount for /apex/com.android.apex.cts.shim for /apex/com.android.apex.cts.shim@1
02-13 10:49:25.068   750   750 D apexd   : Creating mountpoint /apex/com.android.apex.cts.shim
02-13 10:49:25.068   750   750 D apexd   : Bind-mounting /apex/com.android.apex.cts.shim@1 to /apex/com.android.apex.cts.shim
02-13 10:49:25.068   750   750 D apexd   : Successfully activated /system/apex/com.android.apex.cts.shim.apex package_name: com.android.apex.cts.shim version: 1
02-13 10:49:25.068   750   750 D apexd   : Creating mount point: /apex/com.android.resolv@300000000
02-13 10:49:25.069   807   807 I ueventd : firmware: loading 'slpi.b15' for '/devices/platform/soc/5c00000.qcom,ssc/firmware/slpi.b15'
02-13 10:49:25.069   750   750 D apexd   : Loopback device created: /dev/block/loop16
02-13 10:49:25.069   750   750 D apexd   : AVB footer verification successful.
02-13 10:49:25.071   807   807 I ueventd : loading /devices/platform/soc/5c00000.qcom,ssc/firmware/slpi.b15 took 2ms
02-13 10:49:25.071   750   750 D apexd   : /system/apex/com.android.resolv.apex: public key matches.
02-13 10:49:25.072   810   810 I ueventd : firmware: loading 'slpi.b16' for '/devices/platform/soc/5c00000.qcom,ssc/firmware/slpi.b16'
02-13 10:49:25.072   750   750 I EXT4-fs (loop16): mounted filesystem without journal. Opts: (null)
02-13 10:49:25.072   750   750 I apexd   : Successfully mounted package /system/apex/com.android.resolv.apex on /apex/com.android.resolv@300000000
02-13 10:49:25.073   810   810 I ueventd : loading /devices/platform/soc/5c00000.qcom,ssc/firmware/slpi.b16 took 0ms
02-13 10:49:25.073   750   750 D apexd   : Creating bind-mount for /apex/com.android.resolv for /apex/com.android.resolv@300000000
02-13 10:49:25.073   750   750 D apexd   : Creating mountpoint /apex/com.android.resolv
02-13 10:49:25.073   750   750 D apexd   : Bind-mounting /apex/com.android.resolv@300000000 to /apex/com.android.resolv
02-13 10:49:25.073   750   750 D apexd   : Successfully activated /system/apex/com.android.resolv.apex package_name: com.android.resolv version: 300000000
02-13 10:49:25.073   750   750 D apexd   : Creating mount point: /apex/com.android.tethering@300000000
02-13 10:49:25.074   750   750 D apexd   : Loopback device created: /dev/block/loop17
02-13 10:49:25.074   750   750 D apexd   : AVB footer verification successful.
02-13 10:49:25.075   750   750 D apexd   : /system/apex/com.android.tethering.apex: public key matches.
02-13 10:49:25.075   812   812 I ueventd : firmware: loading 'slpi.b17' for '/devices/platform/soc/5c00000.qcom,ssc/firmware/slpi.b17'
02-13 10:49:25.076   750   750 I EXT4-fs (loop17): mounted filesystem without journal. Opts: (null)
02-13 10:49:25.076   750   750 I apexd   : Successfully mounted package /system/apex/com.android.tethering.apex on /apex/com.android.tethering@300000000
02-13 10:49:25.076   812   812 I ueventd : loading /devices/platform/soc/5c00000.qcom,ssc/firmware/slpi.b17 took 1ms
02-13 10:49:25.076   750   750 D apexd   : Creating bind-mount for /apex/com.android.tethering for /apex/com.android.tethering@300000000
02-13 10:49:25.076   750   750 D apexd   : Creating mountpoint /apex/com.android.tethering
02-13 10:49:25.076   750   750 D apexd   : Bind-mounting /apex/com.android.tethering@300000000 to /apex/com.android.tethering
02-13 10:49:25.077   750   750 D apexd   : Successfully activated /system/apex/com.android.tethering.apex package_name: com.android.tethering version: 300000000
02-13 10:49:25.077   750   750 D apexd   : Creating mount point: /apex/com.android.media@300000000
02-13 10:49:25.077   750   750 D apexd   : Loopback device created: /dev/block/loop18
02-13 10:49:25.077   750   750 D apexd   : AVB footer verification successful.
02-13 10:49:25.079   750   750 D apexd   : /system/apex/com.android.media.apex: public key matches.
02-13 10:49:25.080   672   681 D vold    : Disk at 7:56 changed
02-13 10:49:25.080   750   750 I EXT4-fs (loop18): mounted filesystem without journal. Opts: (null)
02-13 10:49:25.080   750   750 I apexd   : Successfully mounted package /system/apex/com.android.media.apex on /apex/com.android.media@300000000
02-13 10:49:25.080   750   750 D apexd   : Creating bind-mount for /apex/com.android.media for /apex/com.android.media@300000000
02-13 10:49:25.080   750   750 D apexd   : Creating mountpoint /apex/com.android.media
02-13 10:49:25.080   750   750 D apexd   : Bind-mounting /apex/com.android.media@300000000 to /apex/com.android.media
02-13 10:49:25.080   750   750 D apexd   : Successfully activated /system/apex/com.android.media.apex package_name: com.android.media version: 300000000
02-13 10:49:25.080   750   750 D apexd   : Creating mount point: /apex/com.android.neuralnetworks@300000000
02-13 10:49:25.081   750   750 D apexd   : Loopback device created: /dev/block/loop19
02-13 10:49:25.081   750   750 D apexd   : AVB footer verification successful.
02-13 10:49:25.083   750   750 D apexd   : /system/apex/com.android.neuralnetworks.apex: public key matches.
02-13 10:49:25.083   672   681 D vold    : Disk at 7:64 changed
02-13 10:49:25.086   750   750 I EXT4-fs (loop19): mounted filesystem without journal. Opts: (null)
02-13 10:49:25.086   750   750 I apexd   : Successfully mounted package /system/apex/com.android.neuralnetworks.apex on /apex/com.android.neuralnetworks@300000000
02-13 10:49:25.086   750   750 D apexd   : Creating bind-mount for /apex/com.android.neuralnetworks for /apex/com.android.neuralnetworks@300000000
02-13 10:49:25.087   750   750 D apexd   : Creating mountpoint /apex/com.android.neuralnetworks
02-13 10:49:25.087   750   750 D apexd   : Bind-mounting /apex/com.android.neuralnetworks@300000000 to /apex/com.android.neuralnetworks
02-13 10:49:25.087   750   750 D apexd   : Successfully activated /system/apex/com.android.neuralnetworks.apex package_name: com.android.neuralnetworks version: 300000000
02-13 10:49:25.087   750   750 D apexd   : Creating mount point: /apex/com.android.mediaprovider@300000000
02-13 10:49:25.088   750   750 D apexd   : Loopback device created: /dev/block/loop20
02-13 10:49:25.088   750   750 D apexd   : AVB footer verification successful.
02-13 10:49:25.088   672   681 D vold    : Disk at 7:72 changed
02-13 10:49:25.089   750   750 D apexd   : /system/apex/com.android.mediaprovider.apex: public key matches.
02-13 10:49:25.090   750   750 I EXT4-fs (loop20): mounted filesystem without journal. Opts: (null)
02-13 10:49:25.091   750   750 I apexd   : Successfully mounted package /system/apex/com.android.mediaprovider.apex on /apex/com.android.mediaprovider@300000000
02-13 10:49:25.091   750   750 D apexd   : Creating bind-mount for /apex/com.android.mediaprovider for /apex/com.android.mediaprovider@300000000
02-13 10:49:25.091   750   750 D apexd   : Creating mountpoint /apex/com.android.mediaprovider
02-13 10:49:25.091   750   750 D apexd   : Bind-mounting /apex/com.android.mediaprovider@300000000 to /apex/com.android.mediaprovider
02-13 10:49:25.091   750   750 D apexd   : Successfully activated /system/apex/com.android.mediaprovider.apex package_name: com.android.mediaprovider version: 300000000
02-13 10:49:25.091   750   750 D apexd   : Creating mount point: /apex/com.android.wifi@300000000
02-13 10:49:25.092   690   690 I AdrenoGLES-0: PFP: 0x016ee189, ME: 0x00000000
02-13 10:49:25.092   672   681 D vold    : Disk at 7:80 changed
02-13 10:49:25.093   690   690 W AdrenoUtils: <ReadGpuID_from_sysfs:197>: Failed to open /sys/class/kgsl/kgsl-3d0/gpu_model
02-13 10:49:25.093   690   690 W AdrenoUtils: <ReadGpuID:221>: Failed to read chip ID from gpu_model. Fallback to use the GSL path
02-13 10:49:25.093   750   750 D apexd   : Loopback device created: /dev/block/loop21
02-13 10:49:25.093   750   750 D apexd   : AVB footer verification successful.
02-13 10:49:25.094   750   750 D apexd   : /system/apex/com.android.wifi.apex: public key matches.
02-13 10:49:25.095   642   642 I hwservicemanager: getTransport: Cannot find entry android.hardware.graphics.mapper@4.0::IMapper/default in either framework or device manifest.
02-13 10:49:25.096   690   690 I Gralloc4: mapper 4.x is not supported
02-13 10:49:25.096   642   642 I hwservicemanager: getTransport: Cannot find entry android.hardware.graphics.mapper@3.0::IMapper/default in either framework or device manifest.
02-13 10:49:25.096   690   690 W Gralloc3: mapper 3.x is not supported
02-13 10:49:25.097   750   750 I EXT4-fs (loop21): mounted filesystem without journal. Opts: (null)
02-13 10:49:25.097   750   750 I apexd   : Successfully mounted package /system/apex/com.android.wifi.apex on /apex/com.android.wifi@300000000
02-13 10:49:25.097   750   750 D apexd   : Creating bind-mount for /apex/com.android.wifi for /apex/com.android.wifi@300000000
02-13 10:49:25.097   750   750 D apexd   : Creating mountpoint /apex/com.android.wifi
02-13 10:49:25.097   750   750 D apexd   : Bind-mounting /apex/com.android.wifi@300000000 to /apex/com.android.wifi
02-13 10:49:25.097   750   750 D apexd   : Successfully activated /system/apex/com.android.wifi.apex package_name: com.android.wifi version: 300000000
02-13 10:49:25.097   750   750 D apexd   : Creating mount point: /apex/com.android.os.statsd@300000000
02-13 10:49:25.098   690   690 E GraphicBuffer: frameworks/native/libs/ui/GraphicBuffer.cpp[GraphicBuffer:75] robin
02-13 10:49:25.098   690   690 E GraphicBuffer: frameworks/native/libs/ui/GraphicBuffer.cpp[GraphicBuffer:89] robin
02-13 10:49:25.098   690   690 E GraphicBuffer: [get:44] robin
02-13 10:49:25.098   642   642 I hwservicemanager: getTransport: Cannot find entry android.hardware.graphics.allocator@4.0::IAllocator/default in either framework or device manifest.
02-13 10:49:25.098   690   690 W Gralloc4: allocator 3.x is not supported
02-13 10:49:25.098   672   681 D vold    : Disk at 7:88 changed
02-13 10:49:25.098   642   642 I hwservicemanager: getTransport: Cannot find entry android.hardware.graphics.allocator@3.0::IAllocator/default in either framework or device manifest.
02-13 10:49:25.098   690   690 W Gralloc3: allocator 3.x is not supported
02-13 10:49:25.099   690   690 E GraphicBufferAllocator: frameworks/native/libs/ui/GraphicBufferAllocator.cpp[allocate:199] robin
02-13 10:49:25.099   690   690 E GraphicBufferAllocator: frameworks/native/libs/ui/GraphicBufferAllocator.cpp[allocateHelper:124] robin
02-13 10:49:25.099   750   750 D apexd   : Loopback device created: /dev/block/loop22
02-13 10:49:25.099   750   750 D apexd   : AVB footer verification successful.
02-13 10:49:25.100   694   694 E libc    : Access denied finding property "vendor.gralloc.disable_ubwc"
02-13 10:49:25.100   694   694 W AdrenoUtils: <ReadGpuID_from_sysfs:197>: Failed to open /sys/class/kgsl/kgsl-3d0/gpu_model
02-13 10:49:25.100   694   694 W AdrenoUtils: <ReadGpuID:221>: Failed to read chip ID from gpu_model. Fallback to use the GSL path
02-13 10:49:25.100   694   694 E libc    : Access denied finding property "ro.vendor.graphics.memory"
02-13 10:49:25.100   694   694 E libc    : Access denied finding property "vendor.debug.prerotation.disable"
02-13 10:49:25.101   750   750 D apexd   : /system/apex/com.android.os.statsd.apex: public key matches.
02-13 10:49:25.101   690   690 E GraphicBuffer: frameworks/native/libs/ui/GraphicBuffer.cpp[initWithSize:191] robin
02-13 10:49:25.101   690   690 E GraphicBufferMapper: frameworks/native/libs/ui/GraphicBufferMapper.cpp[getTransportSize:115] robin
02-13 10:49:25.101   690   690 I RenderEngine: OpenGL ES informations:
02-13 10:49:25.101   690   690 I RenderEngine: vendor    : Qualcomm
02-13 10:49:25.101   690   690 I RenderEngine: renderer  : Adreno (TM) 630
02-13 10:49:25.101   690   690 I RenderEngine: version   : OpenGL ES 3.2 V@0490.0 (GIT@781e7d0, I46ff5fc46f, 1606819536) (Date:12/01/20)
02-13 10:49:25.101   825   825 I ueventd : firmware: loading 'slpi.b18' for '/devices/platform/soc/5c00000.qcom,ssc/firmware/slpi.b18'
02-13 10:49:25.101   690   690 I RenderEngine: extensions: GL_OES_EGL_image GL_OES_EGL_image_external GL_OES_EGL_sync GL_OES_vertex_half_float GL_OES_framebuffer_object GL_OES_rgb8_rgba8 GL_OES_compressed_ETC1_RGB8_texture GL_AMD_compressed_ATC_texture GL_KHR_texture_compression_astc_ldr GL_KHR_texture_compression_astc_hdr GL_OES_texture_compression_astc GL_OES_texture_npot GL_EXT_texture_filter_anisotropic GL_EXT_texture_format_BGRA8888 GL_EXT_read_format_bgra GL_OES_texture_3D GL_EXT_color_buffer_float GL_EXT_color_buffer_half_float GL_QCOM_alpha_test GL_OES_depth24 GL_OES_packed_depth_stencil GL_OES_depth_texture GL_OES_depth_texture_cube_map GL_EXT_sRGB GL_OES_texture_float GL_OES_texture_float_linear GL_OES_texture_half_float GL_OES_texture_half_float_linear GL_EXT_texture_type_2_10_10_10_REV GL_EXT_texture_sRGB_decode GL_EXT_texture_format_sRGB_override GL_OES_element_index_uint GL_EXT_copy_image GL_EXT_geometry_shader GL_EXT_tessellation_shader GL_OES_texture_stencil8 GL_EXT_shader_io_blocks GL_OES_shader_image_atomic GL_OES_sample_variables GL_EX
02-13 10:49:25.101   690   690 I RenderEngine: GL_MAX_TEXTURE_SIZE = 16384
02-13 10:49:25.101   690   690 I RenderEngine: GL_MAX_VIEWPORT_DIMS = 16384
02-13 10:49:25.101   690   690 E HwcComposer: frameworks/native/services/surfaceflinger/DisplayHardware/ComposerHal.cpp[Composer:172] robin
02-13 10:49:25.102   642   642 I hwservicemanager: getTransport: Cannot find entry android.hardware.graphics.mapper@4.0::IMapper/default in either framework or device manifest.
02-13 10:49:25.102   692   713 I ComposerResources: failed to get mapper 4.0 service, falling back to mapper 3.0
02-13 10:49:25.102   750   750 I EXT4-fs (loop22): mounted filesystem without journal. Opts: (null)
02-13 10:49:25.102   750   750 I apexd   : Successfully mounted package /system/apex/com.android.os.statsd.apex on /apex/com.android.os.statsd@300000000
02-13 10:49:25.102   642   642 I hwservicemanager: getTransport: Cannot find entry android.hardware.graphics.mapper@3.0::IMapper/default in either framework or device manifest.
02-13 10:49:25.102   692   713 I ComposerResources: failed to get mapper 3.0 service, falling back to mapper 2.0
02-13 10:49:25.102   825   825 I ueventd : loading /devices/platform/soc/5c00000.qcom,ssc/firmware/slpi.b18 took 1ms
02-13 10:49:25.103   750   750 D apexd   : Creating bind-mount for /apex/com.android.os.statsd for /apex/com.android.os.statsd@300000000
02-13 10:49:25.103   750   750 D apexd   : Bind-mounting /apex/com.android.os.statsd@300000000 to /apex/com.android.os.statsd
02-13 10:49:25.103   750   750 D apexd   : Successfully activated /system/apex/com.android.os.statsd.apex package_name: com.android.os.statsd version: 300000000
02-13 10:49:25.103   750   750 D apexd   : Creating mount point: /apex/com.android.media.swcodec@300000000
02-13 10:49:25.103   672   681 D vold    : Disk at 7:96 changed
02-13 10:49:25.104   750   750 D apexd   : Loopback device created: /dev/block/loop23
02-13 10:49:25.105   750   750 D apexd   : AVB footer verification successful.
02-13 10:49:25.106   690   690 E HwcComposer: frameworks/native/services/surfaceflinger/DisplayHardware/ComposerHal.cpp[getMaxVirtualDisplayCount:277] robin
02-13 10:49:25.106   750   750 D apexd   : /system/apex/com.android.media.swcodec.apex: public key matches.
02-13 10:49:25.106   690   690 E HwcComposer: frameworks/native/services/surfaceflinger/DisplayHardware/ComposerHal.cpp[getCapabilities:228] robin
02-13 10:49:25.106   829   829 I ueventd : firmware: loading 'slpi.b20' for '/devices/platform/soc/5c00000.qcom,ssc/firmware/slpi.b20'
02-13 10:49:25.106   690   690 E HWComposer: loadLayerMetadataSupport: getLayerGenericMetadataKeys failed: UNSUPPORTED (8)
02-13 10:49:25.106   690   690 E HwcComposer: frameworks/native/services/surfaceflinger/DisplayHardware/ComposerHal.cpp[registerCallback:248] robin
02-13 10:49:25.106   692   713 D SDM     : HWCSession::RegisterCallback: Registering callback: Hotplug
02-13 10:49:25.107   690   690 E HWComposer: frameworks/native/services/surfaceflinger/DisplayHardware/HWComposer.cpp[onHotplug:197] robin
02-13 10:49:25.107   690   690 E HWComposer: frameworks/native/services/surfaceflinger/DisplayHardware/HWComposer.cpp[onHotplugConnect:912] robin
02-13 10:49:25.107   690   690 I HWComposer: Switching to legacy multi-display mode
02-13 10:49:25.107   690   690 E HWComposer: frameworks/native/services/surfaceflinger/DisplayHardware/HWComposer.cpp[shouldIgnoreHotplugConnect:890] robin
02-13 10:49:25.107   690   690 E HWComposer: isConnected failed for display 0: Invalid display
02-13 10:49:25.107   690   690 E HwcComposer: frameworks/native/services/surfaceflinger/DisplayHardware/ComposerHal.cpp[getDisplayConfigs:448] robin
02-13 10:49:25.107   690   690 E HwcComposer: frameworks/native/services/surfaceflinger/DisplayHardware/ComposerHal.cpp[getDisplayAttribute:419] robin
02-13 10:49:25.107   829   829 I ueventd : loading /devices/platform/soc/5c00000.qcom,ssc/firmware/slpi.b20 took 0ms
02-13 10:49:25.107   672   681 D vold    : Disk at 7:104 changed
02-13 10:49:25.107   690   690 I chatty  : uid=1000(system) /system/bin/surfaceflinger identical 4 lines
02-13 10:49:25.107   750   750 I EXT4-fs (loop23): mounted filesystem without journal. Opts: (null)
02-13 10:49:25.107   690   690 E HwcComposer: frameworks/native/services/surfaceflinger/DisplayHardware/ComposerHal.cpp[getDisplayAttribute:419] robin
02-13 10:49:25.107   750   750 I apexd   : Successfully mounted package /system/apex/com.android.media.swcodec.apex on /apex/com.android.media.swcodec@300000000
02-13 10:49:25.107   690   690 E HWC2    : getDisplayAttribute(0, 0, Unknown) failed: BadParameter (4)
02-13 10:49:25.107   690   690 E HwcComposer: frameworks/native/services/surfaceflinger/DisplayHardware/ComposerHal.cpp[getActiveConfig:355] robin
02-13 10:49:25.108   690   690 E SurfaceFlinger: robin primaryDisplayId
02-13 10:49:25.108   750   750 D apexd   : Creating bind-mount for /apex/com.android.media.swcodec for /apex/com.android.media.swcodec@300000000
02-13 10:49:25.108   750   750 D apexd   : Creating mountpoint /apex/com.android.media.swcodec
02-13 10:49:25.108   750   750 D apexd   : Bind-mounting /apex/com.android.media.swcodec@300000000 to /apex/com.android.media.swcodec
02-13 10:49:25.108   750   750 D apexd   : Successfully activated /system/apex/com.android.media.swcodec.apex package_name: com.android.media.swcodec version: 300000000
02-13 10:49:25.108   750   750 D apexd   : Creating mount point: /apex/com.android.permission@300000000
02-13 10:49:25.108   690   690 E SurfaceFlinger: frameworks/native/services/surfaceflinger/Scheduler/DispSyncSource.cpp[DispSyncSource:43] robin
02-13 10:49:25.108   690   793 W SurfaceFlinger: Ignoring VSYNC request while display is disconnected
02-13 10:49:25.108   690   793 W SurfaceFlinger: Ignoring VSYNC request while display is disconnected
02-13 10:49:25.108   690   690 E SurfaceFlinger: frameworks/native/services/surfaceflinger/Scheduler/DispSyncSource.cpp[DispSyncSource:43] robin
02-13 10:49:25.108   690   794 W SurfaceFlinger: Ignoring VSYNC request while display is disconnected
02-13 10:49:25.109   690   794 W SurfaceFlinger: Ignoring VSYNC request while display is disconnected
02-13 10:49:25.109   690   793 W SurfaceFlinger: Ignoring VSYNC request while display is disconnected
02-13 10:49:25.109   690   690 E HWComposer: getDisplayConnectionType: getDisplayConnectionType failed for display 0: Unsupported (8)
02-13 10:49:25.109   690   793 W SurfaceFlinger: Ignoring VSYNC request while display is disconnected
02-13 10:49:25.109   690   690 E HwcComposer: frameworks/native/services/surfaceflinger/DisplayHardware/ComposerHal.cpp[getActiveConfig:355] robin
02-13 10:49:25.109   750   750 D apexd   : Loopback device created: /dev/block/loop24
02-13 10:49:25.109   832   832 I ueventd : firmware: loading 'slpi.b21' for '/devices/platform/soc/5c00000.qcom,ssc/firmware/slpi.b21'
02-13 10:49:25.109   750   750 D apexd   : AVB footer verification successful.
02-13 10:49:25.109   690   690 E FramebufferSurface: robin Creating for display 0
02-13 10:49:25.109   690   690 E HwcComposer: frameworks/native/services/surfaceflinger/DisplayHardware/ComposerHal.cpp[getActiveConfig:355] robin
02-13 10:49:25.109   690   690 E FramebufferSurface: frameworks/native/services/surfaceflinger/DisplayHardware/FramebufferSurface.cpp[limitFramebufferSize:190] robin
02-13 10:49:25.109   690   690 I FramebufferSurface: framebuffer size has been limited to [1440x2960] from [1440x2960]
02-13 10:49:25.111   672   681 D vold    : Disk at 7:112 changed
02-13 10:49:25.111   750   750 D apexd   : /system/apex/com.android.permission.apex: public key matches.
02-13 10:49:25.112   832   832 I ueventd : loading /devices/platform/soc/5c00000.qcom,ssc/firmware/slpi.b21 took 2ms
02-13 10:49:25.112   750   750 I EXT4-fs (loop24): mounted filesystem without journal. Opts: (null)
02-13 10:49:25.112   750   750 I apexd   : Successfully mounted package /system/apex/com.android.permission.apex on /apex/com.android.permission@300000000
02-13 10:49:25.113   750   750 D apexd   : Creating bind-mount for /apex/com.android.permission for /apex/com.android.permission@300000000
02-13 10:49:25.113   750   750 D apexd   : Creating mountpoint /apex/com.android.permission
02-13 10:49:25.113   750   750 D apexd   : Bind-mounting /apex/com.android.permission@300000000 to /apex/com.android.permission
02-13 10:49:25.113   750   750 D apexd   : Successfully activated /system/apex/com.android.permission.apex package_name: com.android.permission version: 300000000
02-13 10:49:25.113   750   750 D apexd   : Creating mount point: /apex/com.android.runtime@1
02-13 10:49:25.113   834   834 I ueventd : firmware: loading 'slpi.b22' for '/devices/platform/soc/5c00000.qcom,ssc/firmware/slpi.b22'
02-13 10:49:25.113   828   828 W         : 4-0040 supply VP not found, using dummy regulator
02-13 10:49:25.114   834   834 I ueventd : loading /devices/platform/soc/5c00000.qcom,ssc/firmware/slpi.b22 took 0ms
02-13 10:49:25.114   750   750 D apexd   : Loopback device created: /dev/block/loop25
02-13 10:49:25.114   750   750 D apexd   : AVB footer verification successful.
02-13 10:49:25.115   672   681 D vold    : Disk at 7:120 changed
02-13 10:49:25.115   750   750 D apexd   : /system/apex/com.android.runtime.apex: public key matches.
02-13 10:49:25.116   750   750 I EXT4-fs (loop25): mounted filesystem without journal. Opts: (null)
02-13 10:49:25.116   750   750 I apexd   : Successfully mounted package /system/apex/com.android.runtime.apex on /apex/com.android.runtime@1
02-13 10:49:25.117   750   750 D apexd   : Creating bind-mount for /apex/com.android.runtime for /apex/com.android.runtime@1
02-13 10:49:25.117   750   750 D apexd   : Bind-mounting /apex/com.android.runtime@1 to /apex/com.android.runtime
02-13 10:49:25.117   750   750 D apexd   : Successfully activated /system/apex/com.android.runtime.apex package_name: com.android.runtime version: 1
02-13 10:49:25.117   750   750 I apexd   : Activated 20 packages. Skipped: 0
02-13 10:49:25.117   750   750 I apexd   : Scanning /system_ext/apex looking for APEX packages.
02-13 10:49:25.117   750   750 I apexd   : ... does not exist. Skipping
02-13 10:49:25.119   750   750 I apexd   : Activated 0 packages. Skipped: 0
02-13 10:49:25.119   750   750 I apexd   : Scanning /product/apex looking for APEX packages.
02-13 10:49:25.119   750   750 I apexd   : ... does not exist. Skipping
02-13 10:49:25.121   750   750 I apexd   : Activated 0 packages. Skipped: 0
02-13 10:49:25.121   750   750 I apexd   : Scanning /vendor/apex looking for APEX packages.
02-13 10:49:25.121   750   750 I apexd   : Found /vendor/apex/com.android.vndk.current.on_vendor.apex
02-13 10:49:25.122   750   750 D apexd   : Creating mount point: /apex/com.android.vndk.v30@1
02-13 10:49:25.123   672   681 D vold    : Disk at 7:128 changed
02-13 10:49:25.123   750   750 D apexd   : Loopback device created: /dev/block/loop26
02-13 10:49:25.123   750   750 D apexd   : AVB footer verification successful.
02-13 10:49:25.125   750   750 D apexd   : /vendor/apex/com.android.vndk.current.on_vendor.apex: public key matches.
02-13 10:49:25.126   750   750 I EXT4-fs (loop26): mounted filesystem without journal. Opts: (null)
02-13 10:49:25.126   750   750 I apexd   : Successfully mounted package /vendor/apex/com.android.vndk.current.on_vendor.apex on /apex/com.android.vndk.v30@1
02-13 10:49:25.127   672   681 D vold    : Disk at 7:136 changed
02-13 10:49:25.128   750   750 D apexd   : Creating bind-mount for /apex/com.android.vndk.v30 for /apex/com.android.vndk.v30@1
02-13 10:49:25.128   750   750 D apexd   : Bind-mounting /apex/com.android.vndk.v30@1 to /apex/com.android.vndk.v30
02-13 10:49:25.128   750   750 D apexd   : Successfully activated /vendor/apex/com.android.vndk.current.on_vendor.apex package_name: com.android.vndk.v30 version: 1
02-13 10:49:25.128   750   750 I apexd   : Activated 1 packages. Skipped: 0
02-13 10:49:25.128   750   750 I AidlLazyServiceRegistrar: Registering service apexservice
02-13 10:49:25.129   750   750 I apexd   : Marking APEXd as activated
02-13 10:49:25.129   590   590 I init    : Wait for property 'apexd.status=activated' took 81ms
02-13 10:49:25.132   672   681 D vold    : Disk at 7:144 changed
02-13 10:49:25.135   672   681 D vold    : Disk at 7:152 changed
02-13 10:49:25.139     1     1 I init    : Parsing file /apex/com.android.adbd/etc/init.rc...
02-13 10:49:25.140     1     1 I init    : Parsing file /apex/com.android.media.swcodec/etc/init.rc...
02-13 10:49:25.140     1     1 I init    : Parsing file /apex/com.android.os.statsd/etc/init.rc...
02-13 10:49:25.140     1     1 I init    : Parsing file /apex/com.android.sdkext/etc/derive_sdk.rc...
02-13 10:49:25.141   672   681 D vold    : Disk at 7:160 changed
02-13 10:49:25.146   672   681 D vold    : Disk at 7:168 changed
02-13 10:49:25.149     1     1 I init    : linkerconfig generated /linkerconfig with mounted APEX modules info
02-13 10:49:25.149     1     1 I init    : Not setting encryption policy on: /data/media
02-13 10:49:25.149     1     1 I init    : starting service 'exec 6 (/system/bin/chattr +F /data/media)'...
02-13 10:49:25.150     1     1 I init    : SVC_EXEC service 'exec 6 (/system/bin/chattr +F /data/media)' pid 843 (uid 1023 gid 1023+0 context default) started; waiting...
02-13 10:49:25.150   828   828 I cs35l36 4-0040: Cirrus Logic CS35L36, Revision: B0
02-13 10:49:25.151   359   359 W         : CHRDEV "maxfg_history" major number 222 goes below the dynamic allocation range
02-13 10:49:25.152   828   828 W         : 4-0041 supply VP not found, using dummy regulator
02-13 10:49:25.152   672   681 D vold    : Disk at 7:176 changed
02-13 10:49:25.154   359   359 I max1720x 4-0036: s=0->4 c=164687 avg_c=-14062 ichgt=280000 soc=100 fullsocthr=90
02-13 10:49:25.158   672   681 D vold    : Disk at 7:184 changed
02-13 10:49:25.160    27    27 I max1720x 4-0036: updating nConvgcfg to 0x1140 as temp is 346 (idx:13)
02-13 10:49:25.161    27    27 I google_charger: l=100 vb=4356 vc=4193 c=164 fv=-1 t=346 s=N/A usb=1 wlc=0
02-13 10:49:25.161    27    27 E google_charger: failed to get POWER_SUPPLY_PROP_VOLTAGE_NOW from 'usb', ret=-61
02-13 10:49:25.162    27    27 I google_charger: usbchg=Unknown usbv=0 usbc=368 usbMv=5000 usbMc=0
02-13 10:49:25.162    27    27 I google_charger: batt. temp. ok, enabling charging
02-13 10:49:25.162    27    27 I google_charger: MSC_CHG disable_charging -1 -> 0
02-13 10:49:25.162    27    27 I google_charger: MSC_CHG disable_pwrsrc -1 -> 0
02-13 10:49:25.162    27    27 I google_charger: MSC_SEED temp=346 vbatt=4356718 temp_idx:-1->2, vbatt_idx:-1->2
02-13 10:49:25.162    27    27 I google_charger: MSC_SET cv_cnt=3 ov_cnt=0 temp_idx:-1->2, vbatt_idx:-1->2, fv=-1->4400000, cc_max=1675000
02-13 10:49:25.162    27    27 I google_charger: stop battery charging work: batt_status=2
02-13 10:49:25.162   672   681 D vold    : Disk at 7:192 changed
02-13 10:49:25.167   672   681 D vold    : Disk at 7:200 changed
02-13 10:49:25.168   691   691 I ServiceManager: Waiting for service 'SurfaceFlinger' on '/dev/binder'...
02-13 10:49:25.170     1     1 I init    : Service 'exec 6 (/system/bin/chattr +F /data/media)' (pid 843) exited with status 1 waiting took 0.020000 seconds
02-13 10:49:25.170     1     1 I init    : Sending signal 9 to service 'exec 6 (/system/bin/chattr +F /data/media)' (pid 843) process group...
02-13 10:49:25.170     1     1 I libprocessgroup: Successfully killed process cgroup uid 1023 pid 843 in 0ms
02-13 10:49:25.172     1     1 I init    : Encryption policy of /data/media/obb set to 176040d8cfa6bb74 v1 modes 127/4 flags 0x0
02-13 10:49:25.172     1     1 I init    : starting service 'derive_sdk'...
02-13 10:49:25.174     1     1 I init    : SVC_EXEC service 'derive_sdk' pid 846 (uid 9999 gid 9999+0 context default) started; waiting...
02-13 10:49:25.177   672   681 D vold    : Disk at 7:208 changed
02-13 10:49:25.179     1     1 I init    : Service 'derive_sdk' (pid 846) exited with status 0 waiting took 0.006000 seconds
02-13 10:49:25.179     1     1 I init    : Sending signal 9 to service 'derive_sdk' (pid 846) process group...
02-13 10:49:25.179     1     1 I libprocessgroup: Successfully killed process cgroup uid 9999 pid 846 in 0ms
02-13 10:49:25.179     1     1 I init    : starting service 'exec 7 (/system/bin/vdc --wait cryptfs init_user0)'...
02-13 10:49:25.180     1     1 I init    : SVC_EXEC service 'exec 7 (/system/bin/vdc --wait cryptfs init_user0)' pid 847 (uid 0 gid 0+0 context default) started; waiting...
02-13 10:49:25.187   847   847 D vdc     : Waited 0ms for vold
02-13 10:49:25.188   444   444 I subsys-pil-tz 5c00000.qcom,ssc: slpi: Brought out of reset
02-13 10:49:25.197   828   828 I cs35l36 4-0041: Cirrus Logic CS35L36, Revision: B0
02-13 10:49:25.209   690   690 D robin   :   #00 pc 00000000001e0794  /system/lib64/libsurfaceflinger.so (android::SurfaceFlinger::processDisplayAdded(android::wp<android::IBinder> const&, android::DisplayDeviceState const&)+1440)
02-13 10:49:25.209   690   690 D robin   :   #01 pc 00000000001df88c  /system/lib64/libsurfaceflinger.so (android::SurfaceFlinger::processDisplayChangesLocked()+344)
02-13 10:49:25.209   690   690 D robin   :   #02 pc 00000000001d4f64  /system/lib64/libsurfaceflinger.so (android::SurfaceFlinger::processDisplayHotplugEventsLocked()+1092)
02-13 10:49:25.209   690   690 D robin   :   #03 pc 00000000001d9f84  /system/lib64/libsurfaceflinger.so (android::SurfaceFlinger::onHotplugReceived(int, unsigned long, android::hardware::graphics::composer::V2_1::IComposerCallback::Connection)+212)
02-13 10:49:25.209   690   690 D robin   :   #04 pc 000000000015a7c0  /system/lib64/libsurfaceflinger.so (_ZN12_GLOBAL__N_122ComposerCallbackBridge9onHotplugEmN7android8hardware8graphics8composer4V2_117IComposerCallback10ConnectionE$51cadb3159810dced57f8012cfb1fd98+64)
02-13 10:49:25.209   690   690 D robin   :   #05 pc 0000000000025fe4  /system/lib64/android.hardware.graphics.composer@2.1.so (android::hardware::graphics::composer::V2_1::BnHwComposerCallback::_hidl_onHotplug(android::hidl::base::V1_0::BnHwBase*, android::hardware::Parcel const&, android::hardware::Parcel*, std::__1::function<void (android::hardware::Parcel&)>)+204)
02-13 10:49:25.210   690   690 D robin   :   #06 pc 0000000000034368  /system/lib64/android.hardware.graphics.composer@2.4.so (android::hardware::graphics::composer::V2_4::BnHwComposerCallback::onTransact(unsigned int, android::hardware::Parcel const&, android::hardware::Parcel*, unsigned int, std::__1::function<void (android::hardware::Parcel&)>)+500)
02-13 10:49:25.210   690   690 D robin   :   #07 pc 000000000009407c  /system/lib64/libhidlbase.so (android::hardware::BHwBinder::transact(unsigned int, android::hardware::Parcel const&, android::hardware::Parcel*, unsigned int, std::__1::function<void (android::hardware::Parcel&)>)+68)
02-13 10:49:25.210   690   690 D robin   :   #08 pc 0000000000099e6c  /system/lib64/libhidlbase.so (android::hardware::IPCThreadState::transact(int, unsigned int, android::hardware::Parcel const&, android::hardware::Parcel*, unsigned int)+2296)
02-13 10:49:25.210   690   690 D robin   :   #09 pc 0000000000094c58  /system/lib64/libhidlbase.so (android::hardware::BpHwBinder::transact(unsigned int, android::hardware::Parcel const&, android::hardware::Parcel*, unsigned int, std::__1::function<void (android::hardware::Parcel&)>)+76)
02-13 10:49:25.210   690   690 D robin   :   #10 pc 000000000002ad84  /system/lib64/android.hardware.graphics.composer@2.1.so (android::hardware::graphics::composer::V2_1::BpHwComposerClient::_hidl_registerCallback(android::hardware::IInterface*, android::hardware::details::HidlInstrumentor*, android::sp<android::hardware::graphics::composer::V2_1::IComposerCallback> const&)+368)
02-13 10:49:25.210   690   690 D robin   :   #11 pc 000000000011e4a4  /system/lib64/libsurfaceflinger.so (android::Hwc2::impl::Composer::registerCallback(android::sp<android::hardware::graphics::composer::V2_4::IComposerCallback> const&)::$_34::operator()() const+140)
02-13 10:49:25.210   690   690 D robin   :   #12 pc 000000000011e3c0  /system/lib64/libsurfaceflinger.so (android::Hwc2::impl::Composer::registerCallback(android::sp<android::hardware::graphics::composer::V2_4::IComposerCallback> const&)+156)
02-13 10:49:25.210   690   690 D robin   :   #13 pc 00000000001530f0  /system/lib64/libsurfaceflinger.so (android::impl::HWComposer::setConfiguration(android::HWC2::ComposerCallback*, int)+224)
02-13 10:49:25.210   690   690 D robin   :   #14 pc 00000000001d4688  /system/lib64/libsurfaceflinger.so (android::SurfaceFlinger::init()+504)
02-13 10:49:25.210   690   690 D robin   :   #15 pc 00000000000021b8  /system/bin/surfaceflinger (main+368)
02-13 10:49:25.210   690   690 D robin   :   #16 pc 000000000004988c  /apex/com.android.runtime/lib64/bionic/libc.so (__libc_init+108)
02-13 10:49:25.210   690   690 E HwcComposer: frameworks/native/services/surfaceflinger/DisplayHardware/ComposerHal.cpp[getColorModes:378] robin
02-13 10:49:25.210   692   713 I SDM     : HWCDisplay::GetColorModeCount: Supported color mode count = 5
02-13 10:49:25.210   690   690 E HWComposer: frameworks/native/services/surfaceflinger/DisplayHardware/HWComposer.cpp[getRenderIntents:748] robin
02-13 10:49:25.210   692   713 I SDM     : HWCDisplay::GetRenderIntentCount: mode: 0 supported rendering intent count = 1
02-13 10:49:25.210   690   690 E HWComposer: frameworks/native/services/surfaceflinger/DisplayHardware/HWComposer.cpp[getRenderIntents:748] robin
02-13 10:49:25.210   692   713 I SDM     : HWCDisplay::GetRenderIntentCount: mode: 7 supported rendering intent count = 2
02-13 10:49:25.210   690   690 E HWComposer: frameworks/native/services/surfaceflinger/DisplayHardware/HWComposer.cpp[getRenderIntents:748] robin
02-13 10:49:25.210   692   713 I SDM     : HWCDisplay::GetRenderIntentCount: mode: 9 supported rendering intent count = 2
02-13 10:49:25.210   690   690 E HWComposer: frameworks/native/services/surfaceflinger/DisplayHardware/HWComposer.cpp[getRenderIntents:748] robin
02-13 10:49:25.210   692   713 I SDM     : HWCDisplay::GetRenderIntentCount: mode: 11 supported rendering intent count = 1
02-13 10:49:25.210   690   690 E HWComposer: frameworks/native/services/surfaceflinger/DisplayHardware/HWComposer.cpp[getRenderIntents:748] robin
02-13 10:49:25.210   692   713 I SDM     : HWCDisplay::GetRenderIntentCount: mode: 12 supported rendering intent count = 1
02-13 10:49:25.210   690   690 E HwcComposer: frameworks/native/services/surfaceflinger/DisplayHardware/ComposerHal.cpp[getHdrCapabilities:505] robin
02-13 10:49:25.211   690   690 E HwcComposer: frameworks/native/services/surfaceflinger/DisplayHardware/ComposerHal.cpp[setColorMode:604] robin
02-13 10:49:25.211   690   690 E HwcComposer: frameworks/native/services/surfaceflinger/DisplayHardware/ComposerHal.cpp[getActiveConfig:355] robin
02-13 10:49:25.211   692   713 D SDM     : HWCSession::RegisterCallback: Registering callback: Refresh
02-13 10:49:25.211   692   713 D SDM     : HWCSession::RegisterCallback: Registering callback: Vsync
02-13 10:49:25.212   849   849 E sdm845-asoc-snd soc: sound-tavil: ASoC: platform (null) not registered
02-13 10:49:25.226     0     0 I subsys-pil-tz 5c00000.qcom,ssc: Subsystem error monitoring/handling services are up
02-13 10:49:25.227     1     1 I init    : Service 'exec 7 (/system/bin/vdc --wait cryptfs init_user0)' (pid 847) exited with status 0 waiting took 0.046000 seconds
02-13 10:49:25.227     1     1 I init    : Sending signal 9 to service 'exec 7 (/system/bin/vdc --wait cryptfs init_user0)' (pid 847) process group...
02-13 10:49:25.227     1     1 I libprocessgroup: Successfully killed process cgroup uid 0 pid 847 in 0ms
02-13 10:49:25.227     1     1 I init    : starting service 'apexd-snapshotde'...
02-13 10:49:25.227   686   686 I         : 'opened /dev/sdsprpc-smd c 225 2'
02-13 10:49:25.229   686   686 I init    : SVC_EXEC service 'apexd-snapshotde' pid 854 (uid 0 gid 1000+0 context default) started; waiting...
02-13 10:49:25.230   686   686 E adsprpc : fastrpc_release_current_dsp_process: releasing DSP process failed for sscrpcd, returned 0xffffffff
02-13 10:49:25.230   686   686 I         : 'closed /dev/sdsprpc-smd c 225 2'
02-13 10:49:25.232   846   846 I derive_sdk: Read version 0 from /apex/com.android.sdkext/etc/sdkinfo.binarypb
02-13 10:49:25.232   846   846 I derive_sdk: R extension version is 0
02-13 10:49:25.234   480   480 I subsys-pil-tz 5c00000.qcom,ssc: slpi: Power/Clock ready interrupt received
02-13 10:49:25.238     5     5 I sysmon-qmi: sysmon_clnt_svc_arrive: Connection established between QMI handle and slpi's SSCTL service
02-13 10:49:25.238     5     5 E diag    : In diag_send_feature_mask_update, control channel is not open, p: 3, 0000000000000000
02-13 10:49:25.238     5     5 E diag    : In diag_send_peripheral_buffering_mode, buffering flag not set for 3
02-13 10:49:25.238     5     5 E diag    : In diag_send_peripheral_buffering_mode, buffering flag not set for 3
02-13 10:49:25.239   854   854 I apexd   : Snapshot DE subcommand detected
02-13 10:49:25.240   854   854 I apexd   : Marking APEXd as ready
02-13 10:49:25.241   672   672 D vold    : fscrypt_init_user0
02-13 10:49:25.241   672   672 D vold    : Preparing: /data/misc/vold/user_keys
02-13 10:49:25.242     1     1 I init    : Service 'apexd-snapshotde' (pid 854) exited with status 0 waiting took 0.013000 seconds
02-13 10:49:25.242     1     1 I init    : Sending signal 9 to service 'apexd-snapshotde' (pid 854) process group...
02-13 10:49:25.242     1     1 I libprocessgroup: Successfully killed process cgroup uid 0 pid 854 in 0ms
02-13 10:49:25.242   672   672 D vold    : Preparing: /data/misc/vold/user_keys/ce
02-13 10:49:25.242   672   672 D vold    : Preparing: /data/misc/vold/user_keys/de
02-13 10:49:25.242   672   672 D vold    : Skipping non-de-key .
02-13 10:49:25.242   672   672 D vold    : Skipping non-de-key ..
02-13 10:49:25.243     1     1 I selinux : SELinux: Skipping restorecon on directory(/data)
02-13 10:49:25.243     1     1 I selinux :
02-13 10:49:25.243     1     1 I init    : starting service 'exec 8 (/system/bin/tzdatacheck /apex/com.android.tzdata/etc/tz /data/misc/zoneinfo)'...
02-13 10:49:25.244     1     1 I init    : SVC_EXEC service 'exec 8 (/system/bin/tzdatacheck /apex/com.android.tzdata/etc/tz /data/misc/zoneinfo)' pid 858 (uid 1000 gid 1000+0 context default) started; waiting...
02-13 10:49:25.246   642   642 I hwservicemanager: getTransport: Cannot find entry android.hardware.keymaster@3.0::IKeymasterDevice/default in either framework or device manifest.
02-13 10:49:25.246   672   672 I vold    : List of Keymaster HALs found:
02-13 10:49:25.246   672   672 I vold    : Keymaster HAL #1: CitadelKeymaster from Google SecurityLevel: STRONGBOX HAL: android.hardware.keymaster@4.1::IKeymasterDevice/strongbox
02-13 10:49:25.246   672   672 I vold    : Keymaster HAL #2: Keymaster HAL: 4 from QTI SecurityLevel: TRUSTED_ENVIRONMENT HAL: android.hardware.keymaster@4.1::IKeymasterDevice/default
02-13 10:49:25.246   672   672 I vold    : Using Keymaster HAL: 4 from QTI for encryption.  Security level: TRUSTED_ENVIRONMENT, HAL: android.hardware.keymaster@4.1::IKeymasterDevice/default
02-13 10:49:25.249     1     1 I init    : Service 'exec 8 (/system/bin/tzdatacheck /apex/com.android.tzdata/etc/tz /data/misc/zoneinfo)' (pid 858) exited with status 0 waiting took 0.005000 seconds
02-13 10:49:25.249     1     1 I init    : Sending signal 9 to service 'exec 8 (/system/bin/tzdatacheck /apex/com.android.tzdata/etc/tz /data/misc/zoneinfo)' (pid 858) process group...
02-13 10:49:25.249     1     1 I libprocessgroup: Successfully killed process cgroup uid 1000 pid 858 in 0ms
02-13 10:49:25.250     1     1 I init    : processing action (post-fs-data) from (/system/etc/init/hw/init.usb.rc:6)
02-13 10:49:25.251     1     1 I init    : Verified that /data/adb has the encryption policy 176040d8cfa6bb74 v1 modes 127/4 flags 0x0
02-13 10:49:25.251     1     1 I init    : processing action (post-fs-data) from (/vendor/etc/init/hw/init.sdm845.rc:262)
02-13 10:49:25.251     1     1 I init    : starting service 'netd'...
02-13 10:49:25.251     1     1 I init    : Created socket '/dev/socket/dnsproxyd', mode 660, user 0, group 3003
02-13 10:49:25.251     1     1 I init    : Created socket '/dev/socket/mdns', mode 660, user 0, group 1000
02-13 10:49:25.252     1     1 I init    : Created socket '/dev/socket/fwmarkd', mode 660, user 0, group 3003
02-13 10:49:25.255   672   672 D vold    : Added key 612528883 (ext4:43f03fdf54ec5b6a) to keyring 181486001 in process 672
02-13 10:49:25.255   672   672 D vold    : Added key 875040498 (f2fs:43f03fdf54ec5b6a) to keyring 181486001 in process 672
02-13 10:49:25.255   672   672 D vold    : Added key 121720786 (fscrypt:43f03fdf54ec5b6a) to keyring 181486001 in process 672
02-13 10:49:25.255   672   672 D vold    : Installed de key for user 0
02-13 10:49:25.255   672   672 D vold    : fscrypt_prepare_user_storage for volume null, user 0, serial 0, flags 1
02-13 10:49:25.255   672   672 D vold    : Preparing: /data/system/users/0
